ets Jul 2ets Jul 29 2019 12:21:46

rst:0x1 (POWERON_RESET),boot:0x13 (SPI_FAST_FLASH_BOOT)
configsip: 0, SPIWP:0xee
clk_drv:0x00,q_drv:0x00,d_drv:0x00,cs0_drv:0x00,hd_drv:0x00,wp_drv:0x00
mode:DIO, clock div:2
load:0x3fff0030,len:7076
load:0x40078000,len:15576
load:0x40080400,len:4
load:0x40080404,len:3876
entry 0x4008064c
[0;32mI (29) boot: ESP-IDF v5.1 2nd stage bootloader[0m
[0;32mI (29) boot: compile time Jul 11 2025 09:00:32[0m
[0;32mI (29) boot: Multicore bootloader[0m
[0;32mI (33) boot: chip revision: v3.1[0m
[0;32mI (37) boot.esp32: SPI Speed      : 40MHz[0m
[0;32mI (42) boot.esp32: SPI Mode       : DIO[0m
[0;32mI (46) boot.esp32: SPI Flash Size : 2MB[0m
[0;32mI (51) boot: Enabling RNG early entropy source...[0m
[0;32mI (56) boot: Partition Table:[0m
[0;32mI (60) boot: ## Label            Usage          Type ST Offset   Length[0m
[0;32mI (67) boot:  0 nvs              WiFi data        01 02 00009000 00006000[0m
[0;32mI (75) boot:  1 phy_init         RF data          01 01 0000f000 00001000[0m
[0;32mI (82) boot:  2 factory          factory app      00 00 00010000 00100000[0m
[0;32mI (90) boot: End of partition table[0m
[0;32mI (94) esp_image: segment 0: paddr=00010020 vaddr=3f400020 size=09c98h ( 40088) map[0m
[0;32mI (117) esp_image: segment 1: paddr=00019cc0 vaddr=3ffb0000 size=02148h (  8520) load[0m
[0;32mI (120) esp_image: segment 2: paddr=0001be10 vaddr=40080000 size=04208h ( 16904) load[0m
[0;32mI (130) esp_image: segment 3: paddr=00020020 vaddr=400d0020 size=14d24h ( 85284) map[0m
[0;32mI (162) esp_image: segment 4: paddr=00034d4c vaddr=40084208 size=07eb4h ( 32436) load[0m
[0;32mI (182) boot: Loaded app from partition at offset 0x10000[0m
[0;32mI (182) boot: Disabling RNG early entropy source...[0m
[0;32mI (193) cpu_start: Multicore app[0m
[0;32mI (194) cpu_start: Pro cpu up.[0m
[0;32mI (194) cpu_start: Starting app cpu, entry point is 0x400810fc[0m
[0;32mI (0) cpu_start: App cpu up.[0m
[0;32mI (212) cpu_start: Pro cpu start user code[0m
[0;32mI (212) cpu_start: cpu freq: 160000000 Hz[0m
[0;32mI (212) cpu_start: Application information:[0m
[0;32mI (216) cpu_start: Project name:     blinking_led[0m
[0;32mI (222) cpu_start: App version:      bfb586c-dirty[0m
[0;32mI (227) cpu_start: Compile time:     Jul 11 2025 08:59:55[0m
[0;32mI (233) cpu_start: ELF file SHA256:  18f621af856e4edc...[0m
[0;32mI (239) cpu_start: ESP-IDF:          v5.1[0m
[0;32mI (244) cpu_start: Min chip rev:     v0.0[0m
[0;32mI (249) cpu_start: Max chip rev:     v3.99 [0m
[0;32mI (254) cpu_start: Chip rev:         v3.1[0m
[0;32mI (258) heap_init: Initializing. RAM available for dynamic allocation:[0m
[0;32mI (266) heap_init: At 3FFAE6E0 len 00001920 (6 KiB): DRAM[0m
[0;32mI (272) heap_init: At 3FFB29B0 len 0002D650 (181 KiB): DRAM[0m
[0;32mI (278) heap_init: At 3FFE0440 len 00003AE0 (14 KiB): D/IRAM[0m
[0;32mI (284) heap_init: At 3FFE4350 len 0001BCB0 (111 KiB): D/IRAM[0m
[0;32mI (291) heap_init: At 4008C0BC len 00013F44 (79 KiB): IRAM[0m
[0;32mI (298) spi_flash: detected chip: generic[0m
[0;32mI (301) spi_flash: flash io: dio[0m
[0;33mW (305) spi_flash: Detected size(4096k) larger than the size in the binary image header(2048k). Using the size in the binary image header.[0m
[0;32mI (319) app_start: Starting scheduler on CPU0[0m
[0;32mI (324) app_start: Starting scheduler on CPU1[0m
[0;32mI (324) main_task: Started on CPU0[0m
[0;32mI (334) main_task: Calling app_main()[0m
Init LED GPIOs.
[0;32mI (334) gpio: GPIO[4]| InputEn: 0| OutputEn: 0| OpenDrain: 0| Pullup: 1| Pulldown: 0| Intr:0 [0m
[0;32mI (344) gpio: GPIO[33]| InputEn: 0| OutputEn: 0| OpenDrain: 0| Pullup: 1| Pulldown: 0| Intr:0 [0m
Create semaphore.
Start simulation.

assert failed: xQueueSemaphoreTake queue.c:1657 (pxQueue->uxItemSize == 0)


Backtrace: 0x4008171e:0x3ffb5730 0x4008577d:0x3ffb5750 0x4008ad41:0x3ffb5770 0x40085e6e:0x3ffb5890 0x40085f8c:0x3ffb58d0 0x40082bd1:0x3ffb58f0 0x40082cd9:0x3ffb5920 0x400d50cb:0x3ffb5940 0x400d3fff:0x3ffb5960 0x400d3bc6:0x3ffb5980 0x4000bd83:0x3ffb59a0 0x4000117d:0x3ffb59c0 0x400592fe:0x3ffb59e0 0x4005937a:0x3ffb5a00 0x400d9997:0x3ffb5a20 0x400e181f:0x3ffb5a50 0x400dd41a:0x3ffb5a70 0x400d9b45:0x3ffb5d90 0x400d513d:0x3ffb5de0 0x40087e5d:0x3ffb5e00




ELF file SHA256: 18f621af856e4edc

Rebooting...
ets Jul 29 2019 12:21:46

rst:0xc (SW_CPU_RESET),boot:0x13 (SPI_FAST_FLASH_BOOT)
configsip: 0, SPIWP:0xee
clk_drv:0x00,q_drv:0x00,d_drv:0x00,cs0_drv:0x00,hd_drv:0x00,wp_drv:0x00
mode:DIO, clock div:2
load:0x3fff0030,len:7076
load:0x40078000,len:15576
load:0x40080400,len:4
load:0x40080404,len:3876
entry 0x4008064c
[0;32mI (29) boot: ESP-IDF v5.1 2nd stage bootloader[0m
[0;32mI (29) boot: compile time Jul 11 2025 09:00:32[0m
[0;32mI (29) boot: Multicore bootloader[0m
[0;32mI (33) boot: chip revision: v3.1[0m
[0;32mI (37) boot.esp32: SPI Speed      : 40MHz[0m
[0;32mI (42) boot.esp32: SPI Mode       : DIO[0m
[0;32mI (46) boot.esp32: SPI Flash Size : 2MB[0m
[0;32mI (51) boot: Enabling RNG early entropy source...[0m
[0;32mI (56) boot: Partition Table:[0m
[0;32mI (60) boot: ## Label            Usage          Type ST Offset   Length[0m
[0;32mI (67) boot:  0 nvs              WiFi data        01 02 00009000 00006000[0m
[0;32mI (75) boot:  1 phy_init         RF data          01 01 0000f000 00001000[0m
[0;32mI (82) boot:  2 factory          factory app      00 00 00010000 00100000[0m
[0;32mI (90) boot: End of partition table[0m
[0;32mI (94) esp_image: segment 0: paddr=00010020 vaddr=3f400020 size=09c98h ( 40088) map[0m
[0;32mI (117) esp_image: segment 1: paddr=00019cc0 vaddr=3ffb0000 size=02148h (  8520) load[0m
[0;32mI (120) esp_image: segment 2: paddr=0001be10 vaddr=40080000 size=04208h ( 16904) load[0m
[0;32mI (130) esp_image: segment 3: paddr=00020020 vaddr=400d0020 size=14d24h ( 85284) map[0m
[0;32mI (162) esp_image: segment 4: paddr=00034d4c vaddr=40084208 size=07eb4h ( 32436) load[0m
[0;32mI (182) boot: Loaded app from partition at offset 0x10000[0m
[0;32mI (182) boot: Disabling RNG early entropy source...[0m
[0;32mI (193) cpu_start: Multicore app[0m
[0;32mI (194) cpu_start: Pro cpu up.[0m
[0;32mI (194) cpu_start: Starting app cpu, entry point is 0x400810fc[0m
[0;32mI (182) cpu_start: App cpu up.[0m
[0;32mI (212) cpu_start: Pro cpu start user code[0m
[0;32mI (212) cpu_start: cpu freq: 160000000 Hz[0m
[0;32mI (212) cpu_start: Application information:[0m
[0;32mI (216) cpu_start: Project name:     blinking_led[0m
[0;32mI (222) cpu_start: App version:      bfb586c-dirty[0m
[0;32mI (227) cpu_start: Compile time:     Jul 11 2025 08:59:55[0m
[0;32mI (233) cpu_start: ELF file SHA256:  18f621af856e4edc...[0m
[0;32mI (239) cpu_start: ESP-IDF:          v5.1[0m
[0;32mI (244) cpu_start: Min chip rev:     v0.0[0m
[0;32mI (249) cpu_start: Max chip rev:     v3.99 [0m
[0;32mI (254) cpu_start: Chip rev:         v3.1[0m
[0;32mI (259) heap_init: Initializing. RAM available for dynamic allocation:[0m
[0;32mI (266) heap_init: At 3FFAE6E0 len 00001920 (6 KiB): DRAM[0m
[0;32mI (272) heap_init: At 3FFB29B0 len 0002D650 (181 KiB): DRAM[0m
[0;32mI (278) heap_init: At 3FFE0440 len 00003AE0 (14 KiB): D/IRAM[0m
[0;32mI (284) heap_init: At 3FFE4350 len 0001BCB0 (111 KiB): D/IRAM[0m
[0;32mI (291) heap_init: At 4008C0BC len 00013F44 (79 KiB): IRAM[0m
[0;32mI (298) spi_flash: detected chip: generic[0m
[0;32mI (301) spi_flash: flash io: dio[0m
[0;33mW (305) spi_flash: Detected size(4096k) larger than the size in the binary image header(2048k). Using the size in the binary image header.[0m
[0;32mI (319) app_start: Starting scheduler on CPU0[0m
[0;32mI (324) app_start: Starting scheduler on CPU1[0m
[0;32mI (324) main_task: Started on CPU0[0m
[0;32mI (334) main_task: Calling app_main()[0m
Init LED GPIOs.
[0;32mI (334) gpio: GPIO[4]| InputEn: 0| OutputEn: 0| OpenDrain: 0| Pullup: 1| Pulldown: 0| Intr:0 [0m
[0;32mI (344) gpio: GPIO[33]| InputEn: 0| OutputEn: 0| OpenDrain: 0| Pullup: 1| Pulldown: 0| Intr:0 [0m
Create semaphore.
Start simulation.

assert failed: xQueueSemaphoreTake queue.c:1657 (pxQueue->uxItemSize == 0)


Backtrace: 0x4008171e:0x3ffb5730 0x4008577d:0x3ffb5750 0x4008ad41:0x3ffb5770 0x40085e6e:0x3ffb5890 0x40085f8c:0x3ffb58d0 0x40082bd1:0x3ffb58f0 0x40082cd9:0x3ffb5920 0x400d50cb:0x3ffb5940 0x400d3fff:0x3ffb5960 0x400d3bc6:0x3ffb5980 0x4000bd83:0x3ffb59a0 0x4000117d:0x3ffb59c0 0x400592fe:0x3ffb59e0 0x4005937a:0x3ffb5a00 0x400d9997:0x3ffb5a20 0x400e181f:0x3ffb5a50 0x400dd41a:0x3ffb5a70 0x400d9b45:0x3ffb5d90 0x400d513d:0x3ffb5de0 0x40087e5d:0x3ffb5e00




ELF file SHA256: 18f621af856e4edc

Rebooting...
ets Jul 29 2019 12:21:46

rst:0xc (SW_CPU_RESET),boot:0x13 (SPI_FAST_FLASH_BOOT)
configsip: 0, SPIWP:0xee
clk_drv:0x00,q_drv:0x00,d_drv:0x00,cs0_drv:0x00,hd_drv:0x00,wp_drv:0x00
mode:DIO, clock div:2
load:0x3fff0030,len:7076
load:0x40078000,len:15576
load:0x40080400,len:4
load:0x40080404,len:3876
entry 0x4008064c
[0;32mI (29) boot: ESP-IDF v5.1 2nd stage bootloader[0m
[0;32mI (29) boot: compile time Jul 11 2025 09:00:32[0m
[0;32mI (29) boot: Multicore bootloader[0m
[0;32mI (33) boot: chip revision: v3.1[0m
[0;32mI (37) boot.esp32: SPI Speed      : 40MHz[0m
[0;32mI (42) boot.esp32: SPI Mode       : DIO[0m
[0;32mI (46) boot.esp32: SPI Flash Size : 2MB[0m
[0;32mI (51) boot: Enabling RNG early entropy source...[0m
[0;32mI (56) boot: Partition Table:[0m
[0;32mI (60) boot: ## Label            Usage          Type ST Offset   Length[0m
[0;32mI (67) boot:  0 nvs              WiFi data        01 02 00009000 00006000[0m
[0;32mI (75) boot:  1 phy_init         RF data          01 01 0000f000 00001000[0m
[0;32mI (82) boot:  2 factory          factory app      00 00 00010000 00100000[0m
[0;32mI (90) boot: End of partition table[0m
[0;32mI (94) esp_image: segment 0: paddr=00010020 vaddr=3f400020 size=09c98h ( 40088) map[0m
[0;32mI (117) esp_image: segment 1: paddr=00019cc0 vaddr=3ffb0000 size=02148h (  8520) load[0m
[0;32mI (120) esp_image: segment 2: paddr=0001be10 vaddr=40080000 size=04208h ( 16904) load[0m
[0;32mI (130) esp_image: segment 3: paddr=00020020 vaddr=400d0020 size=14d24h ( 85284) map[0m
[0;32mI (162) esp_image: segment 4: paddr=00034d4c vaddr=40084208 size=07eb4h ( 32436) load[0m
[0;32mI (182) boot: Loaded app from partition at offset 0x10000[0m
[0;32mI (182) boot: Disabling RNG early entropy source...[0m
[0;32mI (193) cpu_start: Multicore app[0m
[0;32mI (194) cpu_start: Pro cpu up.[0m
[0;32mI (194) cpu_start: Starting app cpu, entry point is 0x400810fc[0m
[0;32mI (182) cpu_start: App cpu up.[0m
[0;32mI (212) cpu_start: Pro cpu start user code[0m
[0;32mI (212) cpu_start: cpu freq: 160000000 Hz[0m
[0;32mI (212) cpu_start: Application information:[0m
[0;32mI (216) cpu_start: Project name:     blinking_led[0m
[0;32mI (222) cpu_start: App version:      bfb586c-dirty[0m
[0;32mI (227) cpu_start: Compile time:     Jul 11 2025 08:59:55[0m
[0;32mI (233) cpu_start: ELF file SHA256:  18f621af856e4edc...[0m
[0;32mI (239) cpu_start: ESP-IDF:          v5.1[0m
[0;32mI (244) cpu_start: Min chip rev:     v0.0[0m
[0;32mI (249) cpu_start: Max chip rev:     v3.99 [0m
[0;32mI (254) cpu_start: Chip rev:         v3.1[0m
[0;32mI (259) heap_init: Initializing. RAM available for dynamic allocation:[0m
[0;32mI (266) heap_init: At 3FFAE6E0 len 00001920 (6 KiB): DRAM[0m
[0;32mI (272) heap_init: At 3FFB29B0 len 0002D650 (181 KiB): DRAM[0m
[0;32mI (278) heap_init: At 3FFE0440 len 00003AE0 (14 KiB): D/IRAM[0m
[0;32mI (284) heap_init: At 3FFE4350 len 0001BCB0 (111 KiB): D/IRAM[0m
[0;32mI (291) heap_init: At 4008C0BC len 00013F44 (79 KiB): IRAM[0m
[0;32mI (298) spi_flash: detected chip: generic[0m
[0;32mI (301) spi_flash: flash io: dio[0m
[0;33mW (305) spi_flash: Detected size(4096k) larger than the size in the binary image header(2048k). Using the size in the binary image header.[0m
[0;32mI (319) app_start: Starting scheduler on CPU0[0m
[0;32mI (324) app_start: Starting scheduler on CPU1[0m
[0;32mI (324) main_task: Started on CPU0[0m
[0;32mI (334) main_task: Calling app_main()[0m
Init LED GPIOs.
[0;32mI (334) gpio: GPIO[4]| InputEn: 0| OutputEn: 0| OpenDrain: 0| Pullup: 1| Pulldown: 0| Intr:0 [0m
[0;32mI (344) gpio: GPIO[33]| InputEn: 0| OutputEn: 0| OpenDrain: 0| Pullup: 1| Pulldown: 0| Intr:0 [0m
Create semaphore.
Start simulation.

assert failed: xQueueSemaphoreTake queue.c:1657 (pxQueue->uxItemSize == 0)


Backtrace: 0x4008171e:0x3ffb5730 0x4008577d:0x3ffb5750 0x4008ad41:0x3ffb5770 0x40085e6e:0x3ffb5890 0x40085f8c:0x3ffb58d0 0x40082bd1:0x3ffb58f0 0x40082cd9:0x3ffb5920 0x400d50cb:0x3ffb5940 0x400d3fff:0x3ffb5960 0x400d3bc6:0x3ffb5980 0x4000bd83:0x3ffb59a0 0x4000117d:0x3ffb59c0 0x400592fe:0x3ffb59e0 0x4005937a:0x3ffb5a00 0x400d9997:0x3ffb5a20 0x400e181f:0x3ffb5a50 0x400dd41a:0x3ffb5a70 0x400d9b45:0x3ffb5d90 0x400d513d:0x3ffb5de0 0x40087e5d:0x3ffb5e00




ELF file SHA256: 18f621af856e4edc

Rebooting...
ets Jul 29 2019 12:21:46

rst:0xc (SW_CPU_RESET),boot:0x13 (SPI_FAST_FLASH_BOOT)
configsip: 0, SPIWP:0xee
clk_drv:0x00,q_drv:0x00,d_drv:0x00,cs0_drv:0x00,hd_drv:0x00,wp_drv:0x00
mode:DIO, clock div:2
load:0x3fff0030,len:7076
load:0x40078000,len:15576
load:0x40080400,len:4
load:0x40080404,len:3876
entry 0x4008064c
[0;32mI (29) boot: ESP-IDF v5.1 2nd stage bootloader[0m
[0;32mI (29) boot: compile time Jul 11 2025 09:00:32[0m
[0;32mI (29) boot: Multicore bootloader[0m
[0;32mI (33) boot: chip revision: v3.1[0m
[0;32mI (37) boot.esp32: SPI Speed      : 40MHz[0m
[0;32mI (42) boot.esp32: SPI Mode       : DIO[0m
[0;32mI (46) boot.esp32: SPI Flash Size : 2MB[0m
[0;32mI (51) boot: Enabling RNG early entropy source...[0m
[0;32mI (56) boot: Partition Table:[0m
[0;32mI (60) boot: ## Label            Usage          Type ST Offset   Length[0m
[0;32mI (67) boot:  0 nvs              WiFi data        01 02 00009000 00006000[0m
[0;32mI (75) boot:  1 phy_init         RF data          01 01 0000f000 00001000[0m
[0;32mI (82) boot:  2 factory          factory app      00 00 00010000 00100000[0m
[0;32mI (90) boot: End of partition table[0m
[0;32mI (94) esp_image: segment 0: paddr=00010020 vaddr=3f400020 size=09c98h ( 40088) map[0m
[0;32mI (117) esp_image: segment 1: paddr=00019cc0 vaddr=3ffb0000 size=02148h (  8520) load[0m
[0;32mI (120) esp_image: segment 2: paddr=0001be10 vaddr=40080000 size=04208h ( 16904) load[0m
[0;32mI (130) esp_image: segment 3: paddr=00020020 vaddr=400d0020 size=14d24h ( 85284) map[0m
[0;32mI (162) esp_image: segment 4: paddr=00034d4c vaddr=40084208 size=07eb4h ( 32436) load[0m
[0;32mI (182) boot: Loaded app from partition at offset 0x10000[0m
[0;32mI (182) boot: Disabling RNG early entropy source...[0m
[0;32mI (193) cpu_start: Multicore app[0m
[0;32mI (194) cpu_start: Pro cpu up.[0m
[0;32mI (194) cpu_start: Starting app cpu, entry point is 0x400810fc[0m
[0;32mI (182) cpu_start: App cpu up.[0m
[0;32mI (212) cpu_start: Pro cpu start user code[0m
[0;32mI (212) cpu_start: cpu freq: 160000000 Hz[0m
[0;32mI (212) cpu_start: Application information:[0m
[0;32mI (216) cpu_start: Project name:     blinking_led[0m
[0;32mI (222) cpu_start: App version:      bfb586c-dirty[0m
[0;32mI (227) cpu_start: Compile time:     Jul 11 2025 08:59:55[0m
[0;32mI (233) cpu_start: ELF file SHA256:  18f621af856e4edc...[0m
[0;32mI (239) cpu_start: ESP-IDF:          v5.1[0m
[0;32mI (244) cpu_start: Min chip rev:     v0.0[0m
[0;32mI (249) cpu_start: Max chip rev:     v3.99 [0m
[0;32mI (254) cpu_start: Chip rev:         v3.1[0m
[0;32mI (259) heap_init: Initializing. RAM available for dynamic allocation:[0m
[0;32mI (266) heap_init: At 3FFAE6E0 len 00001920 (6 KiB): DRAM[0m
[0;32mI (272) heap_init: At 3FFB29B0 len 0002D650 (181 KiB): DRAM[0m
[0;32mI (278) heap_init: At 3FFE0440 len 00003AE0 (14 KiB): D/IRAM[0m
[0;32mI (284) heap_init: At 3FFE4350 len 0001BCB0 (111 KiB): D/IRAM[0m
[0;32mI (291) heap_init: At 4008C0BC len 00013F44 (79 KiB): IRAM[0m
[0;32mI (298) spi_flash: detected chip: generic[0m
[0;32mI (301) spi_flash: flash io: dio[0m
[0;33mW (305) spi_flash: Detected size(4096k) larger than the size in the binary image header(2048k). Using the size in the binary image header.[0m
[0;32mI (319) app_start: Starting scheduler on CPU0[0m
[0;32mI (324) app_start: Starting scheduler on CPU1[0m
[0;32mI (324) main_task: Started on CPU0[0m
[0;32mI (334) main_task: Calling app_main()[0m
Init LED GPIOs.
[0;32mI (334) gpio: GPIO[4]| InputEn: 0| OutputEn: 0| OpenDrain: 0| Pullup: 1| Pulldown: 0| Intr:0 [0m
[0;32mI (344) gpio: GPIO[33]| InputEn: 0| OutputEn: 0| OpenDrain: 0| Pullup: 1| Pulldown: 0| Intr:0 [0m
Create semaphore.
Start simulation.

assert failed: xQueueSemaphoreTake queue.c:1657 (pxQueue->uxItemSize == 0)


Backtrace: 0x4008171e:0x3ffb5730 0x4008577d:0x3ffb5750 0x4008ad41:0x3ffb5770 0x40085e6e:0x3ffb5890 0x40085f8c:0x3ffb58d0 0x40082bd1:0x3ffb58f0 0x40082cd9:0x3ffb5920 0x400d50cb:0:0x3ffb5980 0x4000bd83:0x3ffb59a0 0x4000117d:0x3ffb59c0 0x400592fe:0x3ffb59e0 0x4005937a:0x3ffb5a00 0x400d9997:0x3ffb5a20 0x400e181f:0x3ffb5a50 0x400dd41a:0x3ffb5a70 0x400d9b45:0x3ffb5d90 0x400d513d:0x3ffb5de0 0x40087e5d:0x3ffb5e00




ELF file SHA256: 18f621af856e4edc

Rebooting...
ets Jul 29 2019 12:21:46

rst:0xc (SW_CPU_RESET),boot:0x13 (SPI_FAST_FLASH_BOOT)
configsip: 0, SPIWP:0xee
clk_drv:0x00,q_drv:0x00,d_drv:0x00,cs0_drv:0x00,hd_drv:0x00,wp_drv:0x00
mode:DIO, clock div:2
load:0x3fff0030,len:7076
load:0x40078000,len:15576
load:0x40080400,len:4
load:0x40080404,len:3876
entry 0x4008064c
[0;32mI (29) boot: ESP-IDF v5.1 2nd stage bootloader[0m
[0;32mI (29) boot: compile time Jul 11 2025 09:00:32[0m
[0;32mI (29) boot: Multicore bootloader[0m
[0;32mI (33) boot: chip revision: v3.1[0m
[0;32mI (37) boot.esp32: SPI Speed      : 40MHz[0m
[0;32mI (42) boot.esp32: SPI Mode       : DIO[0m
[0;32mI (46) boot.esp32: SPI Flash Size : 2MB[0m
[0;32mI (51) boot: Enabling RNG early entropy source...[0m
[0;32mI :[0m
[0;32mI (60) boot: ## La             WiFi data        01009000 00006000[0m
[0;32mI (75) boot:  1 phy_init         RF data          01 01 0000f000 00001000[0m
[0;32mI (82) boot:  2 factory          factory app   00100000[0m
[0;32mI (90) boot: End of partition table[0m
[0;32mI (94) esp_image: segment 0: paddr=00010020 vaddr=3f400020 size=09c98h ( 40088) map[0m
[0;32mI (117) esp_image: segment 1: paddr=00019cc0 vaddr=3ffb0000 size=02148h (  8520) load[0m
[0;32mI (120) esp_image: segment 2: paddr=0001be10 vaddr=40080000 size=04208h ( 16904) load[0m
[0;32mI (130) esp_image: segment 3: paddr=00020020 vaddr=400d0020 size=14d24h ( 85284) map[0m
[0;32mI (162) esp_image: segment 4: paddr=00034d4c vaddr=40084208 size=07eb4h ( 32436) load[0m
[0;32mI (182) boot: Loaded app from partition at offset 0x10000[0m
[0;32mI (182) boot: Disabling RNG early entropy source...[0m
[0;32mI (193) cpu_start: Multicore app[0m
[0;32mI (194) cpu_start: Pro cpu up.[0m
[0;32mI (194) cpu_start: Starting app cpu, entry point is 0x400810fc[0m
[0;32mI (182) cpu_start: App cpu up.[0m
[0;32mI (212) cpu_start: Pro cpu start user code[0m
[0;32mI (212) cpu_start: cpu freq: 160000000 Hz[0m
[0;32mI (212) cpu_start: Application information:[0m
[0;32mI (216) cpu_start: Project name:     blinking_led[0m
[0;32mI (222) cpu_start: App version:      bfb586c-dirty[0m
[0;32mI (227) cpu_start: Compile time:     Jul 11 2025 08:59:55[0m
[0;32mI (233) cpu_start: ELF file SHA256:  18f621af856e4edc...[0m
[0;32mI (239) cpu_start: ESP-IDF:          v5.1[0m
[0;32mI (244) cpu_start: Min chip rev:     v0.0[0m
[0;32mI (249) cpu_start: Max chip rev:     v3.99 [0m
[0;32mI (254) cpu_start: Chip rev:         v3.1[0m
[0;32mI (259) heap_init: Initializing. RAM available for dynamic allocation:[0m
[0;32mI (266) heap_init: At 3FFAE6E0 len 00001920 (6 KiB): DRAM[0m
[0;32mI (272) heap_init: At 3FFB29B0 len 0002D650 (181 KiB): DRAM[0m
[0;32mI (278) heap_init: At 3FFE0440 len 00003AE0 (14 KiB): D/IRAM[0m
[0;32mI (284) heap_init: At 3FFE4350 len 0001BCB0 (111 KiB): D/IRAM[0m
[0;32mI (291) heap_init: At 4008C0BC len 00013F44 (79 KiB): IRAM[0m
[0;32mI (298) spi_flash: detected chip: generic[0m
[0;32mI (301) spi_flash: flash io: dio[0m
[0;33mW (305) spi_flash: Detected size(4096k) larger than the size in the binary image header(2048k). Using the size in the binary image header.[0m
[0;32mI (319) app_start: Starting scheduler on CPU0[0m
[0;32mI (324) app_start: Starting scheduler on CPU1[0m
[0;32mI (324) m CPU0[0m
[0;32mI (334) main_task: Calling app_main()[0m
Inilup: 1| Pulldown: 0| Intr:0 [0m
[0;32mI (344) gpio: GPIO[33]| InputEn: 0| OutputEn: 0| OpenDrain: 0| Pullup: 1| Pulldown: 0| Intr:0 [0m
Create semaphore.
Start simulation.

assert failmaphoreTake queue.c:1657 (pxQueue->uxItemSize == 0)


Backtrace: 0x4008171e:0x3ffb5730 0x4008577d:0x3ffb5750 0x4008ad41:0x3ffb5770 0x40085e6e:0x3ffb5890 0x40085f8c:0x3ffb58d0 0x40082bd1:0x3ffb58f0 0x40082cd9:0x3ffb5920 0x400d50cb:0x3ffb5940 0x400d3fff:0x3ffb5960 0x400d3bc6:0x3ffb5980 0x4000bd83:0x3ffb59a0 0x4000117d:0x3ffb59c0 0x400592fe:0x3ffb59e0 0x4005937a:0x3ffb5a00 0x400d9997:0x3ffb5a20 0x400e181f:0x3ffb5a50 0x400dd41a:0x3ffb5a70 0x400d9b45:0x3ffb5d90 0x400d513d:0x3ffb5de0 0x40087e5d:0x3ffb5e00




ELF file SHA256: 18f621af856e4edc

Rebooting...
ets Jul 29 2019 12:21:46

rst:0xc (SW_CPU_RESET),boot:0x13 (SPI_FAST_FLASH_BOOT)
configsip: 0, SPIWP:0xee
clk_drv:0x00,q_drv:0x00,d_drv:0x00,cs0_drv:0x00,hd_drv:0x00,wp_drv:0x00
mode:DIO, clock div:2
load:0x3fff0030,len:7076
load:0x40078000,len:15576
load:0x40080400,len:4
load:0x40080404,len:3876
entry 0x4008064c
[0;32mI (29) boot: ESP-IDF v5.1 2nd stage bootloader[0m
[0;32mI (29) boot: compile time Jul 11 2025 09:00:32[0m
[0;32mI (29) boot: Multicore bootloader[0m
[0;32mI (33) boot: chip revision: v3.1[0m
[0;32mI (37) boot.esp32: SPI Speed      : 40MHz[0m
[0;32mI (42) boot.esp32: SPI Mode       : DIO[0m
[0;32mI (46) boot.esp32: SPI Flash Size : 2MB[0m
[0;32mI (51) boot: Enabling RNG early entropy source...[0m
[0;32mI (56) boot: Partition Table:[0m
[0;32mI (60) boot: ## Label            Usage          Type ST Offset   Length[0m
[0;32mI (67) boot:  0 nvs              WiFi data        01 02 00009000 00006000[0m
[0;32mI (75) boot:  1 phy_init         RF data          01 01 0000f000 00001000[0m
[0;32mI (82) boot:  2 factory          factory app      00 00 00010000 00100000[0m
[0;32mI (90) boot: End of partition table[0m
[0;32mI (94) esp_image: segment 0: paddr=00010020 vaddr=3f400020 size=09c98h ( 40088) map[0m
[0;32mI (117) esp_image: segment 1: paddr=00019cc0 vaddr=3ffb0000 size=02148h (  8520) load[0m
[0;32mI (120) esp_image: segment 2: paddr=0001be10 vaddr=40080000 size=04208h ( 16904) load[0m
[0;32mI (130) esp_image: segment 3: paddr=00020020 vaddr=400d0020 size=14d24h ( 85284) map[0m
[0;32mI (162) esp_image: segment 4: paddr=00034d4c vaddr=40084208 size=07eb4h ( 32436) load[0m
[0;32mI (182) boot: Loaded app from partition at offset 0x10000[0m
[0;32mI (182) boot: Disabling RNG early entropy source...[0m
[0;32mI (193) cpu_start: Multicore app[0m
[0;32mI (194) cpu_start: Pro cpu up.[0m
[0;32mI (194) cpu_start: Starting app cpu, entry point is 0x400810fc[0m
[0;32mI (182) cpu_start: App cpu up.[0m
[0;32mI (212) cpu_start: Pro cpu start user code[0m
[0;32mI (212) cpu_start: cpu freq: 160000000 Hz[0m
[0;32mI (212) cpu_start: Application information:[0m
[0;32mI (216) cpu_start: Project name:     blinking_led[0m
[0;32mI (222) cpu_start: App version:      bfb586c-dirty[0m
[0;32mI (227) cpu_start: Compile time:     Jul 11 2025 08:59:55[0m
[0;32mI (233) cpu_start: ELF file SHA256:  18f621af856e4edc...[0m
[0;32mI (239) cpu_start: ESP-IDF:          v5.1[0m
[0;32mI (244) cpu_start: Min chip rev:     v0.0[0m
[0;32mI (249) cpu_start: Max chip rev:     v3.99 [0m
[0;32mI (254) cpu_start: Chip rev:         v3.1[0m
[0;32mI (259) heap_init: Initializing. RAM available for dynamic allocation:[0m
[0;32mI (266) heap_init: At 3FFAE6E0 len 00001920 (6 KiB): DRAM[0m
[0;32mI (272) heap_init: At 3FFB29B0 len 0002D650 (181 KiB): DRAM[0m
[0;32mI (278) heap_init: At 3FFE0440 len 00003AE0 (14 KiB): D/IRAM[0m
[0;32mI (284) heap_init: At 3FFE4350 len 0001BCB0 (111 KiB): D/IRAM[0m
[0;32mI (291) heap_init: At 4008C0BC len 00013F44 (79 KiB): IRAM[0m
[0;32mI (298) spi_flash: detected chip: generic[0m
[0;32mI (301) spi_flash: flash io: dio[0m
[0;33mW (305) spi_flash: Detected size(4096k) larger than the size in the binary image header(2048k). Using the size in the binary image header.[0m
[0;32mI (319) app_start: Starting scheduler on CPU0[0m
[0;32mI (324) app_start: Starting scheduler on CPU1[0m
[0;32mI (324) main_task: Started on CPU0[0m
[0;32mI (334) main_task: Calling app_main()[0m
Init LED GPIOs.
[0;32mI (334) gpio: GPIO[4]| InputEn: 0| OutputEn: 0| OpenDrain: 0| Pullup: 1| Pulldown: 0| Intr:0 [0m
[0;32mI (344) gpio: GPIO[33]| InputEn: 0| OutputEn: 0| OpenDrain: 0| Pullup: 1| Pulldown: 0| Intr:0 [0m
Create semaphore.
Start simulation.

assert failed: xQueueSemaphoreTake queue.c:1657 (pxQueue->uxItemSize == 0)


Backtrace: 0x4008171e:0x3ffb5730 0x4008577d:0x3ffb5750 0x4008ad41:0x3ffb5770 0x40085e6e:0x3ffb5890 0x40085f8c:0x3ffb58d0 0x40082bd1:0x3ffb58f0 0x40082cd9:0x3ffb5920 0x400d50cb:0x3ffb5940 0x400d3fff:0x3ffb5960 0
x400d3bc6:0x3ffb5980 0x4000bd83
:0x3ffb59a0 0x4000117d:0x3ffb59c
0 0x400592fe:0x3ffb59e0 0x400593
7a:0x3ffb5a00 0x400d9997:0x3ffb5
a20 0x400e181f:0x3ffb5a50 0x400d
d41a:0x3ffb5a70 0x400d9b45:0x3ff
b5d90 0x400d513d:0x3ffb5de0 0x40
087e5d:0x3ffb5e00




ELF file SHA256: 18f621af856e4edc

Rebooting...
ets Jul 29 2019 12:21:46

rst:0xc (SW_CPU_RESET),boot:0x13 (SPI_FAST_FLASH_BOOT)
configsip: 0, SPIWP:0xee
clk_drv:0x00,q_drv:0x00,d_drv:0x00,cs0_drv:0x00,hd_drv:0x00,wp_drv:0x00
mode:DIO, clock div:2
load:0x3fff0030,len:7076
load:0x40078000,len:15576
load:0x40080400,len:4
load:0x40080404,len:3876
entry 0x4008064c
[0;32mI (29) boot: ESP-IDF v5.1 2nd stage bootloader[0m
[0;32mI (29) boot: compile time Jul 11 2025 09:00:32[0m
[0;32mI (29) boot: Multicore bootloader[0m
[0;32mI (33) boot: chip revision: v3.1[0m
[0;32mI (37) boot.esp32: SPI Speed      : 40MHz[0m
[0;32mI (42) boot.esp32: SPI Mode       : DIO[0m
[0;32mI (46) boot.esp32: SPI Flash Size : 2MB[0m
[0;32mI (51) boot: Enabling RNG early entropy source...[0m
[0;32mI (56) boot: Partition Table:[0m
[0;32mI (60) boot: ## Label            Usage          Type ST Offset   Length[0m
[0;32mI (67) boot:  0 nvs              WiFi data        01 02 00009000 00006000[0m
[0;32mI (75) boot:  1 phy_init         RF data          01 01 0000f000 00001000[0m
[0;32mI (82) boot:  2 factory          factory app      00 00 00010000 00100000[0m
[0;32mI (90) boot: End of partition table[0m
[0;32mI (94) esp_image: segment 0: paddr=00010020 vaddr=3f400020 size=09c98h ( 40088) map[0m
[0;32mI (117) esp_image: segment 1: paddr=00019cc0 vaddr=3ffb0000 size=02148h (  8520) load[0m
[0;32mI (120) esp_image: segment 2: paddr=0001be10 vaddr=40080000 size=04208h ( 16904) load[0m
[0;32mI (130) esp_image: segment 3: paddr=00020020 vaddr=400d0020 size=14d24h ( 85284) map[0m
[0;32mI (162) esp_image: segment 4: paddr=00034d4c vaddr=40084208 size=07eb4h ( 32436) load[0m
[0;32mI (182) boot: Loaded app from partition at offset 0x10000[0m
[0;32mI (182) boot: Disabling RNG early entropy source...[0m
[0;32mI (193) cpu_start: Multicore app[0m
[0;32mI (194) cpu_start: Pro cpu up.[0m
[0;32mI (194) cpu_start: Starting_start: Pro cpu start user code[0m
[0;32mI (212) cpu_start: cpu freq: 160000000 Hz[0m
[0;32mI (212) cpu_start: Application information:[0m
[0;32mI (216) cpu_start: Project name:     blinking_led[0m
[0;32mI (222) cpu_start: App version:      bfb586c-dirty[0m
[0;32mI (227) cpu_start: Compile time:     Jul 11 2025 08:59:55[0m
[0;32mI (233) cpu_start: ELF file SHA256:  18f621af856e4edc...[0m
[0;32mI (239) cpu_start: ESP-IDF:          v5.1[0m
[0;32mI (244) cpu_start: Min chip rev:     v0.0[0m
[0;32mI (249) cpu_start: Max chip rev:     v3.99 [0m
[0;32mI (254) cpu_start: Chip rev:         v3.1[0m
[0;32mI (259) heap_init: Initializing. RAM available for dynamic allocation:[0m
[0;32mI (266) heap_init: At 3FFAE6E0 len 00001920 (6 KiB): DRAM[0m
[0;32mI (272) heap_init: At 3FFB29B0 len 0002D650 (181 KiB): DRAM[0m
[0;32mI (278) heap_init: At 3FFE0440 len 00003AE0 (14 KiB): D/IRAM[0m
[0;32mI (284) heap_init: At 3FFE4350 len 0001BCB0 (111 KiB): D/IRAM[0m
[0;32mI (291) heap_init: At 4008C0BC len 00013F44 (79 KiB): IRAM[0m
[0;32mI (298) spi_flash: detected chip: generic[0m
[0;32mI (301) spi_flash: flash io: dio[0m
[0;33mW (305) spi_flash: Detected size(4096k) larger than the size in the binary image header(2048k). Using the size in the binary image header.[0m
[0;32mI (319) app_start: Starting scheduler on CPU0[0m
[0;32mI (324) app_start: Starting scheduler on CPU1[0m
[0;32mI (324) main_task: Started on CPU0[0m
[0;32mI (334) main_task: Calling app_main()[0m
Init LED GPIOs.
[0;32mI (334) gpio: GPIO[4]| InputEn: 0| OutputEn: 0| OpenDrain: 0| Pullup: 1| Pulldown: 0| Intr:0 [0m
[0;32mI (344) gpio: GPIO[33]| InputEn: 0| OutputEn: 0| OpenDrain: 0| Pullup: 1| Pulldown: 0| Intr:0 [0m
Create semaphore.
Start simulation.

assert failed: xQueueSemaphoreTake queue.c:1657 (pxQueue->uxItemSize == 0)


Backtrace: 0x4008171e:0x3ffb5730 0x4008577d:0x3ffb5750 0x4008ad41:0x3ffb5770 0x40085e6e:0x3ffb5890 0x40085f8c:0x3ffb58d0 0x40082bd1:0x3ffb58f0 0x40082cd9:0x3ffb5920 0x400d50cb:0x3ffb5940 0x400d3fff:0x3ffb5960 0x400d3bc6:0x3ffb5980 0x4000bd83:0x3ffb59a0 0x4000117d:0x3ffb59c0 0x400592fe:0x3ffb59e0 0x4005937a:0x3ffb5a00 0x400d9997:0x3ffb5a20 0x400e181f:0x3ffb5a50 0x400dd41a:0x3ffb5a70 0x400d9b45:0x3ffb5d90 0x400d513d:0x3ffb5de0 0x40087e5d:0x3ffb5e00




ELF file SHA256: 18f621af856e4edc

Rebooting...
ets Jul 29 2019 12:21:46

rst:0xc (SW_CPU_RESET),boot:0x13 (SPI_FAST_FLASH_BOOT)
configsip: 0, SPIWP:0xee
clk_drv:0x00,q_drv:0x00,d_drv:0x00,cs0_drv:0x00,hd_drv:0x00,wp_drv:0x00
mode:DIO, clock div:2
load:0x3fff0030,len:7076
load:0x40078000,len:15576
load:0x40080400,len:4
load:0x40080404,len:3876
entry 0x4008064c
[0;32mI (29) boot: ESP-IDF v5.1 2nd stage bootloader[0m
[0;32mI (29) boot: compile time Jul 11 2025 09:00:32[0m
[0;32mI (29) boot: Multicore bootloader[0m
[0;32mI (33) boot: chip revision: v3.1[0m
[0;32mI (37) boot.esp32: SPI Speed      : 40MHz[0m
[0;32mI (42) boot.esp32: SPI Mode       : DIO[0m
[0;32mI (46) boot.esp32: SPI Flash Size : 2MB[0m
[0;32mI (51) boot: Enabling RNG early entropy source...[0m
[0;32mI (56) boot: Partition Table:[0m
[0;32mI 0 nvs              WiFi data        01 02 00009000 00006000[0m
[0;32mI (75) boot:  1 phy_init         RF data          01 01 0000f000 00001000[0m
[0;32mI (82) boot:  2 factory          factory app      00 00 00010000 00100000[0m
[0;32mI (90) boot: End of partition table[0m
[0;32mI (94) esp_image: segment 0: paddr=00010020 vaddr=3f400020 size=09c98h ( 40088) map[0m
[0;32mI (117) esp_image: segment 1: paddr=00019cc0 vaddr=3ffb0000 size=02148h (  8520) load[0m
[0;32mI (120) esp_image: segment 2: paddr=0001be10 vaddr=40080000 size=04208h ( 16904) load[0m
[0;32mI (130) esp_image: segment 3: paddr=00020020 vaddr=400d0020 size=14d24h ( 85284) map[0m
[0;32mI (162) esp_image: segment 4: paddr=00034d4c vaddr=40084208 size=07eb4h ( 32436) load[0m
[0;32mI (182) boot: Loaded app from partition at offset 0x10000[0m
[0;32mI (182) boot: Disabling RNG early entropy source...[0m
[0;32mI (193) cpu_start: Multicore app[0m
[0;32mI (194) cpu_start: Pro cpu up.[0m
[0;32mI (194) cpu_start: Starting app cpu, entry point is 0x400810fc[0m
[0;32mI (182) cpu_start: App cpu up.[0m
[0;32mI (212) cpu_start: Pro cpu start user code[0m
[0;32mI (212) cpu_start: cpu freq: 160000000 Hz[0m
[0;32mI (212) cpu_start: Application information:[0m
[0;32mI (216) cpu_start: Project name:     blinking_led[0m
[0;32mI (222) cpu_start: App version:      bfb586c-dirty[0m
[0;32mI (227) cpu_start: Compile time:     Jul 11 2025 08:59:55[0m
[0;32mI (233) cpu_start: ELF file SHA256:  18f621af856e4edc...[0m
[0;32mI (239) cpu_start: ESP-IDF:          v5.1[0m
[0;32mI (244) cpu_start: Min chip rev:     v0.0[0m
[0;32mI (249) cpu_start: Max chip rev:     v3.99 [0m
[0;32mI (254) cpu_start: Chip rev:         v3.1[0m
[0;32mI (259) heap_init: Initializing. RAM available for dynamic allocation:[0m
[0;32mI (266) heap_init: At 3FFAE6E0 len 00001920 (6 KiB): DRAM[0m
[0;32mI (272) heap_init: At 3FFB29B0 len 0002D650 (181 KiB): DRAM[0m
[0;32mI (278) heap_init: At 3FFE0440 len 00003AE0 (14 KiB): D/IRAM[0m
[0;32mI (284) heap_init: At 3FFE4350 len 0001BCB0 (111 KiB): D/IRAM[0m
[0;32mI (291) heap_init: At 4008C0BC len 00013F44 (79 KiB): IRAM[0m
[0;32mI (298) spi_flash: detected chip: generic[0m
[0;32mI (301) spi_flash: flash io: dio[0m
[0;33mW (305) spi_flash: Detected size(4096k) larger than the size in the binary image header(2048k). Using the size in the binary image header.[0m
[0;32mI (319) app_start: Starting scheduler on CPU0[0m
[0;32mI (324) app_start: Starting scheduler on CPU1[0m
[0;32mI (324) main_task: Started on CPU0[0m
[0;32mI (334) main_task: Calling app_main()[0m
Init LED GPIOs.
[0;32mI (334) gpio: GPIO[4]| InputEn: 0| OutputEn: 0| OpenDrain: 0| Pullup: 1| Pulldown: 0| Intr:0 [0m
[0;32mI (344) gpio: GPIO[33]| InputEn: 0| OutputEn: 0| OpenDrain: 0| Pullup: 1| Pulldown: 0| Intr:0 [0m
Create semaphore.
Start simulation.

assert failed: xQueueSemaphoreTake queue.c:1657 (pxQueue->uxItemSize == 0)


Backtrace: 0x4008171e:0x3ffb5730 0x4008577d:0x3ffb5750 0x4008ad41:0x3ffb5770 0x40085e6e:0x3ffb5890 0x40085f8c:0x3ffb58d0 0x40082bd1:0x3ffb58f0 0x40082cd9:0x3ffb5920 0x400d50cb:0x3ffb5940 0x400d3fff:0x3ffb5960 0x400d3bc6:0x3ffb5980 0x4000bd83:0x3ffb59a0 0x4000117d:0x3ffb59c0 0x400592fe:0x3ffb59e0 0x4005937a:0x3ffb5a00 0x400d9997:0x3ffb5a20 0x400e181f:0x3ffb5a50 0x400dd41a:0x3ffb5a70 0x400d9b45:0x3ffb5d90 0x400d513d:0x3ffb5de0 0x40087e5d:0x3ffb5e00




ELF file SHA256: 18f621af856e4edc

Rebooting...
ets Jul 29 2019 12:21:46

rst:0xc (SW_CPU_RESET),boot:0x13 (SPI_FAST_FLASH_BOOT)
configsip: 0, SPIWP:0xee
clk_drv:0x00,q_drv:0x00,d_drv:0x00,cs0_drv:0x00,hd_drv:0x00,wp_drv:0x00
mode:DIO, clock div:2
load:0x3fff0030,len:7076
load:0x40078000,len:15576
load:0x40080400,len:4
load:0x40080404,len:3876
entry 0x4008064c
[0;32mI (29) boot: ESP-IDF v5.1 2nd stage bootloader[0m
[0;32mI (29) boot: compile time Jul 11 2025 09:00:32[0m
[0;32mI (29) boot: Multicore bootloader[0m
[0;32mI (33) boot: chip revision: v3.1[0m
[0;32mI (37) boot.esp32: SPI Speed      : 40MHz[0m
[0;32mI (42) boot.esp32: SPI Mode       : DIO[0m
[0;32mI (46) boot.esp32: SPI Flash Size : 2MB[0m
[0;32mI (51) boot: Enabling RNG early entropy source...[0m
[0;32mI (56) boot: Partition Table:[0m
[0;32mI (60) boot: ## Label            Usage          Type ST Offset   Length[0m
[0;32mI (67) boot:  0 nvs              WiFi data        01 02 00009000 00006000[0m
[0;32mI (75) boot:  1 phy_init         RF data          01 01 0000f000 00001000[0m
[0;32mI (82) boot:  2 factory          factory app      00 00 00010000 00100000[0m
[0;32mI (90) boot: End of partition table[0m
[0;32mI (94) esp_image: segment 0: paddr=00010020 vaddr=3f400020 size=09c98h ( 40088) map[0m
[0;32mI (117) esp_image: segment 1: paddr=00019cc0 vaddr=3ffb0000 size=02148h (  8520) load[0m
[0;32mI (120) esp_image: segment 2: paddr=0001be10 vaddr=40080000 size=04208h ( 16904) load[0m
[0;32mI (130) esp_image: segment 3: paddr=00020020 vaddr=400d0020 size=14d24h ( 85284) map[0m
[0;32mI (162) esp_image: segment 4: paddr=00034d4c vaddr=40084208 size=07eb4h ( 32436) load[0m
[0;32mI (182) boot: Loaded app from partition at offset 0x10000[0m
[0;32mI (182) boot: Disabling RNG early entropy source...[0m
[0;32mI (193) cpu_start: Multicore app[0m
[0;32mI (194) cpu_start: Pro cpu up.[0m
[0;32mI (194) cpu_start: Starting app cpu, entry point is 0x400810fc[0m
[0;32mI (182) cpu_start: App cpu up.[0m
[0;32mI (212) cpu_start: Pro cpu start user code[0m
[0;32mI (212) cpu_start: cpu freq: 160000000 Hz[0m
[0;32mI (212) cpu_start: Application information:[0m
[0;32mI (216) cpu_start: Project name:     blinking_led[0m
[0;32mI (222) cpu_start: App version:      bfb586c-dirty[0m
[0;32mI (227) cpu_start: Compile time:     Jul 11 2025 08:59:55[0m
[0;32mI (233) cpu_start: ELF file SHA256:  18f621af856e4edc...[0m
[0;32mI (239) cpu_start: ESP-IDF:          v5.1[0m
[0;32mI (244) cpu_start: Min chip rev:     v0.0[0m
[0;32mI (249) cpu_start: Max chip rev:     v3.99 [0m
[0;32mI (254) cpu_start: Chip rev:         v3.1[0m
[0;32mI (259) heap_init: Initializing. RAM available for dynamic allocation:[0m
[0;32mI (266) heap_init: At 3FFAE6E0 len 00001920 (6 KiB): DRAM[0m
[0;32mI (272) heap_init: At 3FFB29B0 len 0002D650 (181 KiB): DRAM[0m
[0;32mI (278) heap_init: At 3FFE0440 len 00003AE0 (14 KiB): D/IRAM[0m
[0;32mI (284) heap_init: At 3FFE4350 len 0001BCB0 (111 KiB): D/IRAM[0m
[0;32mI (291) heap_init: At 4008C0BC len 00013F44 (79 KiB): IRAM[0m
[0;32mI (298) spi_flash: detected chip: generic[0m
[0;32mI (301) spi_flash: flash io: dio[0m
[0;33mW (305) spi_flash: Detected size(4096k) larger than the size in the binary image header(2048k). Using the size in the binary image header.[0m
[0;32mI (319) app_start: Starting scheduler on CPU0[0m
[0;32mI (324) app_start: Starting scheduler on CPU1[0m
[0;32mI (324) main_task: Started on CPU0[0m
[0;32mI (334) main_task: Calling app_main()[0m
Init LED GPIOs.
[0;32mI (334) gpio: GPIO[4]| InputEn: 0| OutputEn: 0| OpenDrain: 0| Pullup: 1| Pulldown: 0| Intr:0 [0m
[0;32mI (344) gpio: GPIO[33]| InputEn: 0| OutputEn: 0| OpenDrain: 0| Pullup: 1| Pulldown: 0| Intr:0 [0m
Create semaphore.
Start simulation.

assert failed: xQueueSemaphoreTake queue.c:1657 (pxQueue->uxItemSize == 0)


Backtrace: 0x4008171e:0x3ffb5730 0x4008577d:0x3ffb5750 0x4008ad41:0x3ffb5770 0x40085e6e:0x3ffb5890 0x40085f8c:0x3ffb58d0 0x40082bd1:0x3ffb58f0 0x40082cd9:0x3ffb5920 0x400d50cb:0x3ffb5940 0x400d3fff:0x3ffb5960 0x400d3bc6:0x3ffb5980 0x4000bd83:0x3ffb59a0 0x4000117d:0x3ffb59c0 0x400592fe:0x3ffb59e0 0x4005937a:0x3ffb5a00 0x400d9997:0x3ffb5a20 0x400e181f:0x3ffb5a50 0x400dd41a:0x3ffb5a70 0x400d9b45:0x3ffb5d90 0x400d513d:0x3ffb5de0 0x40087e5d:0x3ffb5e00




ELF file SHA256: 18f621af856e4edc

Rebooting...
ets Jul 29 2019 12:21:46

rst:0xc (SW_CPU_RESET),boot:0x13 (SPI_FAST_FLASH_BOOT)
configsip: 0, SPIWP:0xee
clk_drv:0x00,q_drv:0x00,d_drv:0x00,cs0_drv:0x00,hd_drv:0x00,wp_drv:0x00
mode:DIO, clock div:2
load:0x3fff0030,len:7076
load:0x40078000,len:15576
load:0x40080400,len:4
load:0x40080404,len:3876
entry 0x4008064c
[0;32mI (29) boot: ESP-IDF v5.1 2nd stage bootloader[0m
[0;32mI (29) boot: compile time Jul 11 2025 09:00:32[0m
[0;32mI (29) boot: Multicore bootloader[0m
[0;32mI (33) boot: chip revision: v3.1[0m
[0;32mI (37) boot.esp32: SPI Speed      : 40MHz[0m
[0;32mI (42) boot.esp32: SPI Mode       : DIO[0m
[0;32mI (46) boot.esp32: SPI Flash Size : 2MB[0m
[0;32mI (51) boot: Enabling RNG early entropy source...[0m
[0;32mI (56) boot: Partition Table:[0m
[0;32mI (60) boot: ## Label            Usage          Type ST Offset   Length[0m
[0;32mI (67) boot:  0 nvs              WiFi data        01 02 00009000 00006000[0m
[0;32mI (75) boot:  1 phy_init         RF data          01 01 0000f000 00001000[0m
[0;32mI (82) boot:  2 factory          factory app      00 00 00010000 00100000[0m
[0;32mI (90) boot: End of partition table[0m
[0;32mI (94) esp_image: segment 0: paddr=00010020 vaddr=3f400020 size=09c98h ( 40088) map[0m
[0;32mI (117) esp_image: segment 1: paddr=00019cc0 vaddr=3ffb0000 size=02148h (  8520) load[0m
[0;32mI (120) esp_image: segment 2: paddr=0001be10 vaddr=40080000 size=04208h ( 16904) load[0m
[0;32mI (130) esp_image: segment 3: paddr=00020020 vaddr=400d0020 size=14d24h ( 85284) map[0m
[0;32mI (162) esp_image: segment 4: paddr=00034d4c vaddr=40084208 size=07eb4h ( 32436) load[0m
[0;32mI (182) boot: Loaded app from partition at offset 0x10000[0m
[0;32mI (182) boot: Disabling RNG early entropy source...[0m
[0;32mI (193) cpu_start: Multicore app[0m
[0;32mI (194) cpu_start: Pro cpu up.[0m
[0;32mI (194) cpu_start: Starting app cpu, entry point is 0x400810fc[0m
[0;32mI (182) cpu_start: App cpu up.[0m
[0;32mI (212) cpu_start: Pro cpu start user code[0m
[0;32mI (212) cpu_start: cpu freq: 160000000 Hz[0m
[0;32mI (212) cpu_art: Application information:[0m
[0;32mI (216) cpu_start: Project name:     blinking_led[0m
[0;32mI (222) cpu_start: App version:      bfb586c-dirty[0m
[0;32mI (227) cpu_start: Compile time:     Jul 11 2025 08:59:55[0m
[0;32mI (233) cpu_start: ELF file SHA256:  18f621af856e4edc...[0m
[0;32mI (239) cpu_start: ESP-IDF:          v5.1[0m
[0;32mI (244) cpu_start: Min chip rev:     v0.0[0m
[0;32mI (249) cpu_start: Max chip rev:     v3.99 [0m
[0;32mI (254) cpu_start: Chip rev:         v3.1[0m
[0;32mI (259) heap_init: Initializing. RAM available for dynamic allocation:[0m
[0;32mI (266) heap_init: At 3FFAE6E0 len 00001920 (6 KiB): DRAM[0m
[0;32mI (272) heap_init: At 3FFB29B0 len 0002D650 (181 KiB): DRAM[0m
[0;32mI (278) heap_init: At 3FFE0440 len 00003AE0 (14 KiB): D/IRAM[0m
[0;32mI (284) heap_init: At 3FFE4350 len 0001BCB0 (111 KiB): D/IRAM[0m
[0;32mI (291) heap_init: At 4008C0BC len 00013F44 (79 KiB): IRAM[0m
[0;32mI (298) spi_flash: detected chip: generic[0m
[0;32mI (301) spi_flash: flash io: dio[0m
[0;33mW (305) spi_flash: Detected size(4096k) larger than the size in the binary image header(2048k). Using the size in the binary image header.[0m
[0;32mI (319) app_start: Starting scheduler on CPU0[0m
[0;32mI (324) app_start: Starting scheduler on CPU1[0m
[0;32mI (324) main_task: Started on CPU0[0m
[0;32mI (334) main_task: Calling app_main()[0m
Init LED GPIOs.
[0;32mI (334) gpio: GPIO[4]| InputEn: 0| OutputEn: 0| OpenDrain: 0| Pullup: 1| Pulldown: 0| Intr:0 [0m
[0;32mI (344) gpio: GPIO[33]| InputEn: 0| OutputEn: 0| OpenDrain: 0| Pullup: 1| Pulldown: 0| Intr:0 [0m
Create semaphore.
Start simulation.

assert failed: xQueueSemaphoreTake queue.c:1657 (pxQueue->uxItemSize == 0)


Backtrace: 0x4008171e:0x3ffb5730 0x4008577d:0x3ffb5750 0x4008ad41:0x3ffb5770 0x40085e6e:0x3ffb5890 0x40085f8c:0x3ffb58d0 0x40082bd1:0x3ffb58f0 0x40082cd9:0x3ffb5920 0x400d50cb:0x3ffb5940 0x400d3fff:0x3ffb5960 0x400d3bc6:0x3ffb5980 0x4000bd83:0x3ffb59a0 0x4000117d:0x3ffb59c0 0x400592fe:0x3ffb59e0 0x4005937a:0x3ffb5a00 0x400d9997:0x3ffb5a20 0x400e181f:0x3ffb5a50 0x400dd41a:0x3ffb5a70 0x400d9b45:0x3ffb5d90 0x400d513d:0x3ffb5de0 0x40087e5d:0x3ffb5e00




ELF file SHA256: 18f621af856e4edc

Rebooting...
ets Jul 29 2019 12:21:46

rst:0xc (SW_CPU_RESET),boot:0x13 (SPI_FAST_FLASH_BOOT)
configsip: 0, SPIWP:0xee
clk_drv:0x00,q_drv:0x00,d_drv:0x00,cs0_drv:0x00,hd_drv:0x00,wp_drv:0x00
mode:DIO, clock div:2
load:0x3fff0030,len:7076
load:0x40078000,len:15576
load:0x40080400,len:4
load:0x40080404,len:3876
entry 0x4008064c
[0;32mI (29) boot: ESP-IDF v5.1 2nd stage bootloader[0m
[0;32mI (29) boot: compile time Jul 11 2025 09:00:32[0m
[0;32mI (29) boot: Multicore bootloader[0m
[0;32mI (33) boot: chip revision: v3.1[0m
[0;32mI (37) boot.esp32: SPI Speed      : 40MHz[0m
[0;32mI (42) boot.esp32: SPI Mode       : DIO[0m
[0;32mI (46) boot.esp32: SPI Flash Size : 2MB[0m
[0;32mI (51) boot: Enabling RNG early entropy source...[0m
[0;32mI (56) boot: Partition Table:[0m
[0;32mI (60) boot: ## Label            Usage          Type ST Offset   Length[0m
[0;32mI (67) boot:  0 nvs              WiFi data        01 02 00009000 00006000[0m
[0;32mI (75) boot:  1 phy_init         RF data          01 01 0000f000 00001000[0m
[0;32mI (82) boot:  2 factory          factory app      00 00 00010000 00100000[0m
[0;32mI (90) boot: End of partition table[0m
[0;32mI (94) esp_image: segment 0: paddr=00010020 vaddr=3f400020 size=09c98h ( 40088) map[0m
[0;32mI (117) esp_image: segment 1: paddr=00019cc0 vaddr=3ffb0000 size=02148h (  8520) load[0m
[0;32mI (120) esp_image: segment 2: paddr=0001be10 vaddr=40080000 size=04208h ( 16904) load[0m
[0;32mI (130) esp_image: segment 3: paddr=00020020 vaddr=400d0020 size=14d24h ( 85284) map[0m
[0;32mI (162) esp_image: segment 4: paddr=00034d4c vaddr=40084208 size=07eb4h ( 32436) load[0m
[0;32mI (182) boot: Loaded app from partition at offset 0x10000[0m
[0;32mI (182) boot: Disabling RNG early entropy source...[0m
[0;32mI (193) cpu_start: Multicore app[0m
[0;32mI (194) cpu_start: Pro cpu up.[0m
[0;32mI (194) cpu_start: Starting app cpu, entry point is 0x400810fc[0m
[0;32mI (182) cpu_start: App cpu up.[0m
[0;32mI (212) cpu_start: Pro cpu start user code[0m
[0;32mI (212) cpu_start: cpu freq: 160000000 Hz[0m
[0;32mI (212) cpu_start: Application information:[0m
[0;32mI (216) cpu_start: Project name:     blinking_led[0m
[0;32mI (222) cpu_start: App version:      bfb586c-dirty[0m
[0;32mI (227) cpu_start: Compile time:     Jul 11 2025 08:59:55[0m
[0;32mI (233) cpu_start: ELF file SHA256:  18f621af856e4edc...[0m
[0;32mI (239) cpu_start: ESP-IDF:          v5.1[0m
[0;32mI (244) cpu_start: Min chip rev:     v0.0[0m
[0;32mI (249) cpu_start: Max chip rev:     v3.99 [0m
[0;32mI (254) cpu_start: Chip rev:         v3.1[0m
[0;32mI (259) heap_init: Initializing. RAM available for dynamic allocation:[0m
[0;32mI (266) heap_init: At 3FFAE6E0 len 00001920 (6 KiB): DRAM[0m
[0;32mI (272) heap_init: At 3FFB29B0 len 0002D650 (181 KiB): DRAM[0m
[0;32mI (278) heap_init: At 3FFE0440 len 00003AE0 (14 KiB): D/IRAM[0m
[0;32mI (284) heap_init: At 3FFE4350 len 0001BCB0 (111 KiB): D/IRAM[0m
[0;32mI (291) heap_init: At 4008C0BC len 00013F44 (79 KiB): IRAM[0m
[0;32mI (298) spi_flash: detected chip: generic[0m
[0;32mI (301) spi_flash: flash io: dio[0m
[0;33mW (305) spi_flash: Detected size(4096k) larger than the size in the binary image header(2048k). Using the size in the binary image header.[0m
[0;32mI (319) app_start: Starting scheduler on CPU0[0m
[0;32mI (324) app_start: Starting scheduler on CPU1[0m
[0;32mI (324) main_task: Started on CPU0[0m
[0;32mI (334) main_task: Calling app_main()[0m
Init LED GPIOs.
[0;32mI (334) gpio: GPIO[4]| InputEn: 0| OutputEn: 0| OpenDrain: 0| Pullup: 1| Pulldown: 0| Intr:0 [0m
[0;32mI (344) gpio: GPIO[33]| InputEn: 0| OutputEn: 0| OpenDrain: 0| Pullup: 1| Pulldown: 0| Intr:0 [0m
Create semaphore.
Start simulation.

assert failed: xQueueSemaphoreTake queue.c:1657 (pxQueue->uxItemSize == 0)


Backtrace: 0x4008171e:0x3ffb5730 0x4008577d:0x3ffb5750 0x4008ad41:0x3ffb5770 0x40085e6e:0x3ffb5890 0x40085f8c:0x3ffb58d0 0x40082bd1:0x3ffb58f0 0x40082cd9:0x3ffb5920 0x400d50cb:0x3ffb5940 0x400d3fff:0x3ffb5960 0x400d3bc6:0x3ffb5980 0x4000bd83:0x3ffb59a0 0x4000117d:0x3ffb59c0 0x400592fe:0x3ffb59e0 0x4005937a:0x3ffb5a00 0x400d9997:0x3ffb5a20 0x400e181f:0x3ffb5a50 0x400dd41a:0x3ffb5a70 0x400d9b45:0x3ffb5d90 0x400d513d:0x3ffb5de0 0x40087e5d:0x3ffb5e00




ELF file SHA256: 18f621af856e4edc

Rebooting...
ets Jul 29 2019 12:21:46

rst:0xc (SW_CPU_RESET),boot:0x13 (SPI_FAST_FLASH_BOOT)
configsip: 0, SPIWP:0xee
clk_drv:0x00,q_drv:0x00,d_drv:0x00,cs0_drv:0x00,hd_drv:0x00,wp_drv:0x00
mode:DIO, clock div:2
load:0x3fff0030,len:7076
load:0x40078000,len:15576
load:0x40080400,len:4
load:0x40080404,len:3876
entry 0x4008064c
[0;32mI (29) boot: ESP-IDF v5.1 2nd stage bootloader[0m
[0;32mI (29) boot: compile time Jul 11 2025 09:00:32[0m
[0;32mI (29) boot: Multicore bootloader[0m
[0;32mI (33) boot: chip revision: v3.1[0m
[0;32mI (37) boot.esp32: SPI Speed      : 40MHz[0m
[0;32mI (42) boot.esp32: SPI Mode       : DIO[0m
[0;32mI (46) boot.esp32: SPI Flash Size : 2MB[0m
[0;32mI (51) boot: Enabling RNG early entropy source...[0m
[0;32mI (56) boot: Partition Table:[0m
[0;32mI (60) boot: ## Label            Usage          Type ST Offset   Length[0m
[0;32mI (67) boot:  0 nvs              WiFi data        01 02 00009000 00006000[0m
[0;32mI (75) boot:  1 phy_init         RF data          01 01 0000f000 00001000[0m
[0;32mI (82) boot:  2 factory          factory app      00 00 00010000 00100000[0m
[0;32mI (90) boot: End of partition table[0m
[0;32mI (94) esp_image: segment 0: paddr=00010020 vaddr=3f400020 size=09c98h ( 40088) map[0m
[0;32mI (117) esp_image: segment 1: paddr=00019cc0 vaddr=3ffb0000 size=02148h (  8520) load[0m
[0;32mI (120) esp_image: segment 2: paddr=0001be10 vaddr=40080000 size=04208h ( 16904) load[0m
[0;32mI (130) esp_image: segment 3: paddr=00020020 vaddr=400d0020 size=14d24h ( 85284) map[0m
[0;32mI (162) esp_image: segment 4: paddr=00034d4c vaddr=40084208 size=07eb4h ( 32436) load[0m
[0;32mI (182) boot: Loaded app from partition at offset 0x10000[0m
[0;32mI (182) boot: Disabling RNG early entropy source...[0m
[0;32mI (193) cpu_start: Multicore app[0m
[0;32mI (194) cpu_start: Pro cpu up.[0m
[0;32mI (194) cpu_start: Starting app cpu, entry point is 0x400810fc[0m
[0;32mI (182) cpu_start: App cpu up.[0m
[0;32mI (212) cpu_start: Pro cpu start user code[0m
[0;32mI (212) cpu_start: cpu freq: 160000000 Hz[0m
[0;32mI (212) cpu_start: Application information:[0m
[0;32mI (216) cpu_start: Project name:     blinking_led[0m
[0;32mI (222) cpu_start: App version:      bfb586c-dirty[0m
[0;32mI (227) cpu_start: Compile time:     Jul 11 2025 08:59:55[0m
[0;32mI (233) cpu_start: ELF file SHA256:  18f621af856e4edc...[0m
[0;32mI (239) cpu_start: ESP-IDF:          v5.1[0m
[0;32mI (244) cpu_start: Min chip rev:     v0.0[0m
[0;32mI (249) cpu_start: Max chip rev:     v3.99 [0m
[0;32mI (254) cpu_start: Chip rev:         v3.1[0m
[0;32mI (259) heap_init: Initializing. RAM available for dynamic allocation:[0m
[0;32mI (266) heap_init: At 3FFAE6E0 len 00001920 (6 KiB): DRAM[0m
[0;32mI (272) heap_init: At 3FFB29B0 len 0002D650 (181 KiB): DRAM[0m
[0;32mI (278) heap_init: At 3FFE0440 len 00003AE0 (14 KiB): D/IRAM[0m
[0;32mI (284) heap_init: At 3FFE4350 len 0001BCB0 (111 KiB): D/IRAM[0m
[0;32mI (291) heap_init: At 4008C0BC len 00013F44 (79 KiB): IRAM[0m
[0;32mI (298) spi_flash: detected chip: generic[0m
[0;32mI (301) spi_flash: flash io: dio[0m
[0;33mW (305) spi_flash: Detected size(4096k) larger than the size in the binary image header(2048k). Using the size in the binary image header.[0m
[0;32mI (319) app_start: Starting scheduler on CPU0[0m
[0;32mI (324) app_start: Starting scheduler on CPU1[0m
[0;32mI (324) main_task: Started on CPU0[0m
[0;32mI (334) main_task: Calling app_main()[0m
Init LED GPIOs.
[0;32mI (334) gpio: GPIO[4]| InputEn: 0| OutputEn: 0| OpenDrain: 0| Pullup: 1| Pulldown: 0| Intr:0 [0m
[0;32mI (344) gpio: GPIO[33]| InputEn: 0| OutputEn: 0| OpenDrain: 0| Pullup: 1| Pulldown: 0| Intr:0 [0m
Create semaphore.
Start simulation.

assert failed: xQueueSemaphoreTake queue.c:1657 (pxQueue->uxItemSize == 0)


Backtrace: 0x4008171e:0x3ffb5730 0x4008577d:0x3ffb5750 0x4008ad41:0x3ffb5770 0x40085e6e:0x3ffb5890 0x40085f8c:0x3ffb58d0 0x40082bd1:0x3ffb58f0 0x40082cd9:0x3ffb5920 0x400d50cb:0x3ffb5940 0x400d3fff:0x3ffb5960 0x400d3bc6:0x3ffb5980 0x4000bd83:0x3ffb59a0 0x4000117d:0x3ffb59c0 0x400592fe:0x3ffb59e0 0x4005937a:0x3ffb5a00 0x400d9997:0x3ffb5a20 0x400e181f:0x3ffb5a50 0x400dd41a:0x3ffb5a70 0x400d9b45:0x3ffb5d90 0x400d513d:0x3ffb5de0 0x40087e5d:0x3ffb5e00




ELF file SHA256: 18f621af856e4edc

Rebooting...
ets Jul 29 2019 12:21:46

rst:0xc (SW_CPU_RESET),boot:0x13 (SPI_FAST_FLASH_BOOT)
configsip: 0, SPIWP:0xee
clk_drv:0x00,q_drv:0x00,d_drv:0x00,cs0_drv:0x00,hd_drv:0x00,wp_drv:0x00
mode:DIO, clock div:2
load:0x3fff0030,len:7076
load:0x40078000,len:15576
load:0x40080400,len:4
load:0x40080404,len:3876
entry 0x4008064c
[0;32mI (29) boot: ESP-IDF v5.1 2nd stage bootloader[0m
[0;32mI (29) boot: compile time Jul 11 2025 09:00:32[0m
[0;32mI (29) boot: Multicore bootloader[0m
[0;32mI (33) boot: chip revision: v3.1[0m
[0;32mI (37) boot.esp32: SPI Speed      : 40MHz[0m
[0;32mI (42) boot.esp32: SPI Mode       : DIO[0m
[0;32mI (46) boot.esp32: SPI Flash Size : 2MB[0m
[0;32mI (51) boot: Enabling RNG early entropy source...[0m
[0;32mI (56) boot: Partition Table:[0m
[0;32mI (60) boot: ## Label            Usage          Type ST Offset   Length[0m
[0;32mI (67) boot:  0 nvs              WiFi data        01 02 00009000 00006000[0m
[0;32mI (75) boot:  1 phy_init         RF data          01 01 0000f000 00001000[0m
[0;32mI (82) boot:  2 factory          factory app      00 00 00010000 00100000[0m
[0;32mI (90) boot: End of partition table[0m
[0;32mI (94) esp_image: segment 0: paddr=00010020 vaddr=3f400020 size=09c98h ( 40088) map[0m
[0;32mI (117) esp_image: segment 1: paddr=00019cc0 vaddr=3ffb000 vaddr=40080000 size=04208h ( 16904) load[0m
[0;32mI (130) esp_image: segment 3: paddr=00020020 vaddr=400d0020 size=14d24h ( 85284) map[0m
[0;32mI (162) [0;32mI (182) boot: Loaded app from partition at offset 0x10000[0m
[0;32mI (182) boot: Disabling RNG early entropy source...[0m
[0;32mI (193) cpu_start: Multicore app[0m
[0;32mI (194(239) cpu_start: ESP-IDF:          v5.1[0m
[0;32mI (244) cpu_start: Min chip rev:     v0.0[0m
[0;32mI (249) cpu_start: Max chip rev:     v3.99 [0m
[0;32mI (254) cpu_start: Chip rev:         v3.1[0m
[0;32mI (259) 2mI (291) heap_init: At 4008C0BC len 00013F44 (79 KiB): IRAM[0m
[0;32mI (298) spi_flash: detected chip: generic[0m
[0;32mI (301) spi_flash: flash io: dio[0m
[0;33mW (305) spi_flash: Detected size(4096k) larger than the size in the binary image header(2048k). Using the size in the binary image header.[0m
[0;32mI (319) app_start: Starting scheduler on CPU0[0m
[0;32mI (324) app_start: Starting scheduler on CPU1[0m
[0;32mI (324) main_task: Started on CPU0[0m
[0;32mI (334) main_task: Calling app_main()[0m
Init LED GPIOs.
[0;32mI (334) gpio: GPIO[4]| InputEn: 0| OutputEn: 0| OpenDrain: 0| Pullup: 1| Pulldown: 0| Intr:0 [0m
[0;32mI (344) gpio: GPIO[33]| InputEn: 0| OutputEn: 0| OpenDrain: 0| Pullup: 1| Pulldown: 0| Intr:0 [0m
Create semaphore.
Start simulation.

assert failed: xQueueSemaphoreTake queue.c:1657 (pxQueue->uxItemSize == 0)


Backtrace: 0x4008171e:0x3ffb5730 0x4008577d:0x3ffb5750 0x4008ad41:0x3ffb5770 0x40085e6e:0x3ffb5890 0x40085f8c:0x3ffb58d0 0x40082bd1:0x3ffb58f0 0x40082cd9:0x3ffb5920 0x400d50cb:0x3ffb5940 0x400d3fff:0x3ffb5960 0x400d3bc6:0x3ffb5980 0x4000bd83:0x3ffb59a0 0x4000117d:0x3ffb59c0 0x400592fe:0x3ffb59e0 0x4005937a:0x3ffb5a00 0x400d9997:0x3ffb5a20 0x400e181f:0x3ffb5a50 0x400dd41a:0x3ffb5a70 0x400d9b45:0x3ffb5d90 0x400d513d:0x3ffb5de0 0x40087e5d:0x3ffb5e00




ELF file SHA256: 18f621af856e4edc

Rebooting...
ets Jul 29 2019 12:21:46

rst:0xc (SW_CPU_RESET),boot:0x13 (SPI_FAST_FLASH_BOOT)
configsip: 0, SPIWP:0xee
clk_drv:0x00,q_drv:0x00,d_drv:0x00,cs0_drv:0x00,hd_drv:0x00,wp_drv:0x00
mode:DIO, clock div:2
load:0x3fff0030,len:7076
load:0x40078000,len:15576
load:0x40080400,len:4
load:0x40080404,len:3876
entry 0x4008064c
[0;32mI (29) boot: ESP-IDF v5.1 2nd stage bootloader[0m
[0;32mI (29) boot: compile time Jul 11 2025 09:00:32[0m
[0;32mI (29) boot: Multicore bootloader[0m
[0;32mI (33) boot: chip revision: v3.1[0m
[0;32mI (37) boot.esp32: SPI Speed      : 40MHz[0m
[0;32mI (42) boot.esp32: SPI Mode       : DIO[0m
[0;32mI (46) boot.esp32: SPI Flash Size : 2MB[0m
[0;32mI (51) boot: Enabling RNG early entropy source...[0m
[0;32mI (56) boot: Partition Table:[0m
[0;32mI (60) boot: ## Label            Usage          Type ST Offset   Length[0m
[0;32mI (67) boot:  0 nvs              WiFi data        01 02 00009000 00006000[0m
[0;32mI (75) boot:  1 phy_init         RF data          01 01 0000f000 00001000[0m
[0;32mI (82) boot:  2 factory          factory app      00 00 00010000 00100000[0m
[0;32mI (90) boot: End of partition table[0m
[0;32mI (94) esp_image: segment 0: paddr=00010020 vaddr=3f400020 size=09c98h ( 40088) map[0m
[0;32mI (117) esp_image: segment 1: paddr=00019cc0 vaddr=3ffb0000 size=02148h (  8520) load[0m
[0;32mI (120) esp_image: segment 2: paddr=0001be10 vaddr=40080000 size=04208h ( 16904) load[0m
[0;32mI (130) esp_image: segment 3: paddr=00020020 vaddr=400d0020 size=14d24h ( 85284) map[0m
[0;32mI (162) esp_image: segment 4: paddr=00034d4c vaddr=40084208 size=07eb4h ( 32436) load[0m
[0;32mI (182) boot: Loaded app from partition at offset 0x10000[0m
[0;32mI (182) boot: Disabling RNG early entropy source...[0m
[0;32mI (193) cpu_start: Multicore app[0m
[0;32mI (194) cpu_start: Pro cpu up.[0m
[0;32mI (194) cpu_start: Starting app cpu, entry point is 0x400810fc[0m
[0;32mI (182) cpu_start: App cpu up.[0m
[0;32mI (212) cpu_start: Pro cpu start user code[0m
[0;32mI (212) cpu_start: cpu freq: 160000000 Hz[0m
[0;32mI (212) cpu_start: Application information:[0m
[0;32mI (216) cpu_start: Project name:     blinking_led[0m
[0;32mI (222) cpu_start: App version:      bfb586c-dirty[0m
[0;32mI (227) cpu_start: Compile time:     Jul 11 2025 08:59:55[0m
[0;32mI (233) cpu_start: ELF file SHA256:  18f621af856e4edc...[0m
[0;32mI (239) cpu_start: ESP-IDF:          v5.1[0m
[0;32mI (244) cpu_start: Min chip rev:     v0.0[0m
[0;32mI (249) cpu_start: Max chip rev:     v3.99 [0m
[0;32mI (254) cpu_start: Chip rev:         v3.1[0m
[0;32mI (259) heap_init: Initializing. RAM available for dynamic allocation:[0m
[0;32mI (266) heap_init: At 3FFAE6E0 len 00001920 (6 KiB): DRAM[0m
[0;32mI (272) heap_init: At 3FFB29B0 len 0002D650 (181 KiB): DRAM[0m
[0;32mI (278) heap_init: At 3FFE0440 len 00003AE0 (14 KiB): D/IRAM[0m
[0;32mI (284) heap_init: At 3FFE4350 len 0001BCB0 (111 KiB): D/IRAM[0m
[0;32mI (291) heap_init: At 4008C0BC len 00013F44 (79 KiB): IRAM[0m
[0;32mI (298) spi_flash: detected chip: generic[0m
[0;32mI (301) spi_flash: flash io: dio[0m
[0;33mW (305) spi_flash: Detected size(4096k) larger than the size in the binary image header(2048k). Using the size in the binary image header.[0m
[0;32mI (319) app_start: Starting scheduler on CPU0[0m
[0;32mI (324) app_start: Starting scheduler on CPU1[0m
[0;32mI (324) main_task: Started on CPU0[0m
[0;32mI (334) main_task: Calling app_main()[0m
Init LED GPIOs.
[0;32mI (334) gpio: GPIO[4]| InputEn: 0| OutputEn: 0| OpenDrain: 0| Pullup: 1| Pulldown: 0| Intr:0 [0m
[0;32mI (344) gpio: GPIO[33]| InputEn: 0| OutputEn: 0| OpenDrain: 0| Pullup: 1| Pulldown: 0| Intr:0 [0m
Create semaphore.
Start simulation.

assert failed: xQueueSemaphoreTake queue.c:1657 (pxQueue->uxItemSize == 0)


Backtrace: 0x4008171e:0x3ffb5730 0x4008577d:0x3ffb5750 0x4008ad41:0x3ffb5770 0x40085e6e:0x3ffb5890 0x40085f8c:0x3ffb58d0 0x40082bd1:0x3ffb58f0 0x40082cd9:0x3ffb5920 0x400d50cb:0x3ffb5940 0x400d3fff:0x3ffb5960 0x400d3bc6:0x3ffb5980 0x4000bd83:0x3ffb59a0 0x4000117d:0x3ffb59c0 0x400592fe:0x3ffb59e0 0x4005937a:0x3ffb5a00 0x400d9997:0x3ffb5a20 0x400e181f:0x3ffb5a50 0x400dd41a:0x3ffb5a70 0x400d9b45:0x3ffb5d90 0x400d513d:0x3ffb5de0 0x40087e5d:0x3ffb5e00




ELF file SHA256: 18f621af856e4edc

Rebooting...
ets Jul 29 2019 12:21:46

rst:0xc (SW_CPU_RESET),boot:0x13 (SPI_FAST_FLASH_BOOT)
configsip: 0, SPIWP:0xee
clk_drv:0x00,q_drv:0x00,d_drv:0x00,cs0_drv:0x00,hd_drv:0x00,wp_drv:0x00
mode:DIO, clock div:2
load:0x3fff0030,len:7076
load:0x40078000,len:15576
load:0x40080400,len:4
load:0x40080404,len:3876
entry 0x4008064c
[0;32mI (29) boot: ESP-IDF v5.1 2nd stage bootloader[0m
[0;32mI (29) boot: compile time Jul 11 2025 09:00:32[0m
[0;32mI (29) boot: Multicore bootloader[0m
[0;32mI (33) boot: chip revision: v3.1[0m
[0;32mI (37) boot.esp32: SPI Speed      : 40MHz[0m
[0;32mI (42) boot.esp32: SPI Mode       : DIO[0m
[0;32mI (46) boot.esp32: SPI Flash Size : 2MB[0m
[0;32mI (51) boot: Enabling RNG early entropy source...[0m
[0;32mI (56) boot: Partition Table:[0m
[0;32mI (60) boot: ## Label            Usage          Type ST Offset   Length[0m
[0;32mI (67) boot:  0 nvs              WiFi data        01 02 00009000 00006000[0m
[0;32mI (75) boot:  1 phy_init         RF data          01 01 0000f000 00001000[0m
[0;32mI (82) boot:  2 factory          factory app      00 00 00010000 00100000[0m
[0;32mI (90) boot: End of partition table[0m
[0;32mI (94) esp_image: segment 0: paddr=00010020 vaddr=3f400020 size=09c98h ( 40088) map[0m
[0;32mI (117) esp_image: segment 1: paddr=00019cc0 vaddr=3ffb0000 size=02148h (  8520) load[0m
[0;32mI (120) esp_image: segment 2: paddr=0001be10 vaddr=40080000 size=04208h ( 16904) load[0m
[0;32mI (130) esp_image: segment 3: paddr=00020020 vaddr=400d0020 size=14d24h ( 85284) map[0m
[0;32mI (162) esp_image: segment 4: paddr=00034d4c vaddr=40084208 size=07eb4h ( 32436) load[0m
[0;32mI (182) boot: Loaded app from partition at offset 0x10000[0m
[0;32mI (182) boot: Disabling RNG early entropy source...[0m
[0;32mI (193) cpu_start: Multicore app[0m
[0;32mI (194) cpu_start: Pro cpu up.[0m
[0;32mI (194) cpu_start: Starting app cpu, entry point is 0x400810fc[0m
[0;32mI (182) cpu_start: App cpu up.[0m
[0;32mI (212) cpu_start: Pro cpu start user code[0m
[0;32mI (212) cpu_start: cpu freq: 160000000 Hz[0m
[0;32mI (212) cpu_start: Application information:[0m
[0;32mI (216) cpu_start: Project name:     blinking_led[0m
[0;32mI (222) cpu_start: App version:      bfb586c-dirty[0m
[0;32mI (227) cpu_start: Compile time:     Jul 11 2025 08:59:55[0m
[0;32mI (233) cpu_start: ELF file SHA256:  18f621af856e4edc...[0m
[0;32mI (239) cpu_start: ESP-IDF:          v5.1[0m
[0;32mI (244) cpu_start: Min chip rev:     v0.0[0m
[0;32mI (249) cpu_start: Max chip rev:     v3.99 [0m
[0;32mI (254) cpu_start: Chip rev:         v3.1[0m
[0;32mI (259) heap_init: Initializing. RAM available for dynamic allocation:[0m
[0;32mI (266) heap_init: At 3FFAE6E0 len 00001920 (6 KiB): DRAM[0m
[0;32mI (272) heap_init: At 3FFB29B0 len 0002D650 (181 KiB): DRAM[0m
[0;32mI (278) heap_init: At 3FFE0440 len 00003AE0 (14 KiB): D/IRAM[0m
[0;32mI (284) heap_init: At 3FFE4350 len 0001BCB0 (111 KiB): D/IRAM[0m
[0;32mI (291) heap_init: At 4008C0BC len 00013F44 (79 KiB): IRAM[0m
[0;32mI (298) spi_flash: detected chip: generic[0m
[0;32mI (301) spi_flash: flash io: dio[0m
[0;33mW (305) spi_flash: Detected size(4096k) larger than the size in the binary image header(2048k). Using the size in the binary image header.[0m
[0;32mI (319) app_start: Starting scheduler on CPU0[0m
[0;32mI (324) app_start: Starting scheduler on CPU1[0m
[0;32mI (324) main_task: Started on CPU0[0m
[0;32mI (334) main_task: Calling app_main()[0m
Init LED GPIOs.
[0;32mI (334) gpio: GPIO[4]| InputEn: 0| OutputEn: 0| OpenDrain: 0| Pullup: 1| Pulldown: 0| Intr:0 [0m
[0;32mI (344) gpio: GPIO[33]| InputEn: 0| OutputEn: 0| OpenDrain: 0| Pullup: 1| Pulldown: 0| Intr:0 [0m
Create semaphore.
Start simulation.

assert failed: xQueueSemaphoreTake queue.c:1657 (pxQueue->uxItemSize == 0)


Backtrace: 0x4008171e:0x3ffb5730 0x4008577d:0x3ffb5750 0x4008ad41:0x3ffb5770 0x40085e6e:0x3ffb5890 0x40085f8c:0x3ffb58d0 0x40082bd1:0x3ffb58f0 0x40082cd9:0x3ffb5920 0x400d50cb:0x3ffb5940 0x400d3fff:0x3ffb5960 0x400d3bc6:0x3ffb5980 0x4000bd83:0x3ffb59a0 0x4000117d:0x3ffb59c0 0x400592fe:0x3ffb59e0 0x4005937a:0x3ffb5a00 0x400d9997:0x3ffb5a20 0x400e181f:0x3ffb5a50 0x400dd41a:0x3ffb5a70 0x400d9b45:0x3ffb5d90 0x400d513d:0x3ffb5de0 0x40087e5d:0x3ffb5e00




ELF file SHA256: 18f621af856e4edc

Rebooting...
ets Jul 29 2019 12:21:46

rst:0xc (SW_CPU_RESET),boot:0x13 (SPI_FAST_FLASH_BOOT)
configsip: 0, SPIWP:0xee
clk_drv:0x00,q_drv:0x00,d_drv:0x00,cs0_drv:0x00,hd_drv:0x00,wp_drv:0x00
mode:DIO, clock div:2
load:0x3fff0030,len:7076
load:0x40078000,len:15576
load:0x40080400,len:4
load:0x40080404,len:3876
entry 0x4008064c
[0;32mI (29) boot: ESP-IDF v5.1 2nd stage bootloader[0m
[0;32mI (29) boot: compile time Jul 11 2025 09:00:32[0m
[0;32mI (29) boot: Multicore bootloader[0m
[0;32mI (33) boot: chip revision: v3.1[0m
[0;32mI (37) boot.esp32: SPI Speed      : 40MHz[0m
[0;32mI (42) boot.esp32: SPI Mode       : DIO[0m
[0;32mI (46) boot.esp32: SPI Flash Size : 2MB[0m
[0;32mI (51) boot: Enabling RNG early entropy source...[0m
[0;32mI (56) boot: Partition Table:[0m
[0;32mI (60) boot: ## Label            Usage          Type ST Offset   Length[0m
[0;32mI (67) boot:  0 nvs              WiFi data        01 02 00009000 00006000[0m
[0;32mI (75) boot:  1 phy_init         RF data          01 01 0000f000 00001000[0m
[0;32mI (82) boot:  2 factory          factory app      00 00 00010000 00100000[0m
[0;32mI (90) boot: End of partI (94) esp_image: segment 0: paddr=00010020 vaddr=3f400020 size=09c98h ( 40088) map[0m
[0;32mI (117) esp_image: segment 1: paddr=00019cc0 vaddr=3ffb0000 size=02148h (  8520) load[0m
[0;32mI (120) esp_image: segment 2: paddr=0001be10 vaddr=40080000 size=04208h ( 16904) load[0m
[0;32mI (130) esp_image: segment 3: paddr=00020020 vaddr=400d0020 size=14d24h ( 85284) map[0m
[0;32mI (162) esp_image: segment 4: paddr=00034d4c vaddr=40084208 size=07eb4h ( 32436) load[0m
[0;32mI (182) boot: Loaded app from partition at offset 0x10000[0m
[0;32mI (182) boot: Disabling RNG early entropy source...[0m
[0;32mI (193) cpu_start: Multicore app[0m
[0;32mI (194) cpu_start: Pro cpu up.[0m
[0;32mI (194) cpu_start: Starting app cpu, entry point is 0x400810fc[0m
[0;32mI (182) cpu_start: App cpu up.[0m
[0;32mI (212) cpu_start: Pro cpu start user code[0m
[0;32mI (212) cpu_start: cpu freq: 160000000 Hz[0m
[0;32mI (212) cpu_start: Application information:[0m
[0;32mI (216) cpu_start: Project name:     blinking_led[0m
[0;32mI (222) cpu_start: App version:      bfb586c-dirty[0m
[0;32mI (227) cpu_start: Compile time:     Jul 11 2025 08:59:55[0m
[0;32mI (233) cpu_start: ELF file SHA256:  18f621af856e4edc...[0m
[0;32mI (239) cpu_start: ESP-IDF:          v5.1[0m
[0;32mI (244) cpu_start: Min chip rev:     v0.0[0m
[0;32mI (249) cpu_start: Max chip rev:     v3.99 [0m
[0;32mI (254) cpu_start: Chip rev:         v3.1[0m
[0;32mI (259) heap_init: Initializing. RAM available for dynamic allocation:[0m
[0;32mI (266) heap_init: At 3FFAE6E0 len 00001920 (6 KiB): DRAM[0m
[0;32mI (272) heap_init: At 3FFB29B0 len 0002D650 (181 KiB): DRAM[0m
[0;32mI (278) heap_init: At 3FFE0440 len 00003AE0 (14 KiB): D/IRAM[0m
[0;32mI (284) heap_init: At 3FFE4350 len 0001BCB0 (111 KiB): D/IRAM[0m
[0;32mI (291) heap_init: At 4008C0BC len 00013F44 (79 KiB): IRAM[0m
[0;32mI (298) spi_flash: detected chip: generic[0m
[0;32mI (301) spi_flash: flash io: dio[0m
[0;33mW (305) spi_flash: Detected size(4096k) larger than the size in the binary image header(2048k). Using the size in the binary image header.[0m
[0;32mI (319) app_start: Starting scheduler on CPU0[0m
[0;32mI (324) app_start: Starting scheduler on CPU1[0m
[0;32mI (324) main_task: Started on CPU0[0m
[0;32mI (334) main_task: Calling app_main()[0m
Init LED GPIOs.
[0;32mI (334) gpio: GPIO[4]| InputEn: 0| OutputEn: 0| OpenDrain: 0| Pullup: 1| Pulldown: 0| Intr:0 [0m
[0;32mI (344) gpio: GPIO[33]| InputEn: 0| OutputEn: 0| OpenDrain: 0| Pullup: 1| Pulldown: 0| Intr:0 [0m
Create semaphore.
Start simulation.

assert failed: xQueueSemaphoreTake queue.c:1657 (pxQueue->uxItemSize == 0)


Backtrace: 0x4008171e:0x3ffb5730 0x4008577d:0x3ffb5750 0x4008ad41:0x3ffb5770 0x40085e6e:0x3ffb5890 0x40085f8c:0x3ffb58d0 0x40082bd1:0x3ffb58f0 0x40082cd9:0x3ffb5920 0x400d50cb:0x3ffb5940 0x400d3fff:0x3ffb5960 0x400d3bc6:0x3ffb5980 0x4000bd83:0x3ffb59a0 0x4000117d:0x3ffb59c0 0x400592fe:0x3ffb59e0 0x4005937a:0x3ffb5a00 0x400d9997:0x3ffb5a20 0x400e181f:0x3ffb5a50 0x400dd41a:0x3ffb5a70 0x400d9b45:0x3ffb5d90 0x400d513d:0x3ffb5de0 0x40087e5d:0x3ffb5e00




ELF file SHA256: 18f621af856e4edc

Rebooting...
ets Jul 29 2019 12:21:46

rst:0xc (SW_CPU_RESET),boot:0x13 (SPI_FAST_FLASH_BOOT)
configsip: 0, SPIWP:0xee
clk_drv:0x00,q_drv:0x00,d_drv:0x00,cs0_drv:0x00,hd_drv:0x00,wp_drv:0x00
mode:DIO, clock div:2
load:0x3fff0030,len:7076
load:0x40078000,len:15576
load:0x40080400,len:4
load:0x40080404,len:3876
entry 0x4008064c
[0;32mI (29) boot: ESP-IDF v5.1 2nd stage bootloader[0m
[0;32mI (29) boot: compile time Jul 11 2025 09:00:32[0m
[0;32mI (29) boot: Multicore bootloader[0m
[0;32mI (33) boot: chip revision: v3.1[0m
[0;32mI (37) boot.esp32: SPI Speed      : 40MHz[0m
[0;32mI (42) boot.esp32: SPI Mode       : DIO[0m
[0;32mI (46) boot.esp32: SPI Flash Size : 2MB[0m
[0;32mI (51) boot: Enabling RNG early entropy source...[0m
[0;32mI (56) boot: Partition Table:[0m
[0;32mI (60) boot: ## Label            Usage          Type ST Offset   Length[0m
[0;32mI (67) boot:  0 nvs              WiFi data        01 02 00009000 00006000[0m
[0;32mI (75) boot:  1 phy_init         RF data          01 01 0000f000 00001000[0m
[0;32mI (82) boot:  2 factory          factory app      00 00 00010000 00100000[0m
[0;32mI (90) boot: End of partition table[0m
[0;32mI (94) esp_image: segment 0: paddr=00010020 vaddr=3f400020 size=09c98h ( 40088) map[0m
[0;32mI (117) esp_image: segment 1: paddr=00019cc0 vaddr=3ffb0000 size=02148h (  8520) load[0m
[0;32mI (120) esp_image: segment 2: paddr=0001be10 vaddr=40080000 size=04208h ( 16904) load[0m
[0;32mI (130) esp_image: segment 3: paddr=00020020 vaddr=400d0020 size=14d24h ( 85284) map[0m
[0;32mI (162) esp_image: segment 4: paddr=00034d4c vaddr=40084208 size=07eb4h ( 32436) load[0m
[0;32mI (182) boot: Loaded app from partition at offset 0x10000[0m
[0;32mI (182) boot: Disabling RNG early entropy source...[0m
[0;32mI (193) cpu_start: Multicore app[0m
[0;32mI (194) cpu_start: Pro cpu up.[0m
[0;32mI (194) cpu_start: Starting app cpu, entry point is 0x400810fc[0m
[0;32mI (182) cpu_start: App cpu up.[0m
[0;32mI (212) cpu_start: Pro cpu start user code[0m
[0;32mI (212) cpu_start: cpu freq: 160000000 Hz[0m
[0;32mI (212) cpu_start: Application information:[0m
[0;32mI (216) cpu_start: Project name:     blinking_led[0m
[0;32mI (222) cpu_start: App version:      bfb586c-dirty[0m
[0;32mI (227) cpu_start: Compile time:     Jul 11 2025 08:59:55[0m
[0;32mI (233) cpu_start: ELF file SHA256:  18f621af856e4edc...[0m
[0;32mI (239) cpu_start: ESP-IDF:          v5.1[0m
[0;32mI (244) cpu_start: Min chip rev:     v0.0[0m
[0;32mI (249) cpu_start: Max chip rev:     v3.99 [0m
[0;32mI (254) cpu_start: Chip rev:         v3.1[0m
[0;32mI (259) heap_init: Initializing. RAM available for dynamic allocation:[0m
[0;32mI (266) heap_init: At 3FFAE6E0 len 00001920 (6 KiB): DRAM[0m
[0;32mI (272) heap_init: At 3FFB29B0 len 0002D650 (181 KiB): DRAM[0m
[0;32mI (278) heap_init: At 3FFE0440 len 00003AE0 (14 KiB): D/IRAM[0m
[0;32mI (284) heap_init: At 3FFE4350 len 0001BCB0 (111 KiB): D/IRAM[0m
[0;32mI (291) heap_init: At 4008C0BC len 00013F44 (79 KiB): IRAM[0m
[0;32mI (298) spi_flash: detected chip: generic[0m
[0;32mI (301) spi_flash: flash io: dio[0m
[0;33mW (305) spi_flash: Detected size(4096k) larger than the size in the binary image header(2048k). Using the size in the binary image header.[0m
[0;32mI (319) app_start: Starting scheduler on CPU0[0m
[0;32mI (324) app_start: Starting scheduler on CPU1[0m
[0;32mI (324) main_task: Started on CPU0[0m
[0;32mI (334) main_task: Calling app_main()[0m
Init LED GPIOs.
[0;32mI (334) gpio: GPIO[4]| InputEn: 0| OutputEn: 0| OpenDrain: 0| Pullup: 1| Pulldown: 0| Intr:0 [0m
[0;32mI (344) gpio: GPIO[33]| InputEn: 0| OutputEn: 0| OpenDrain: 0| Pullup: 1| Pulldown: 0| Intr:0 [0m
Create semaphore.
Start simulation.

assert failed: xQueueSemaphoreTake queue.c:1657 (pxQueue->uxItemSize == 0)


Backtrace: 0x4008171e:0x3ffb5730 0x4008577d:0x3ffb5750 0x4008ad41:0x3ffb5770 0x40085e6e:0x3ffb5890 0x40085f8c:0x3ffb58d0 0x40082bd1:0x3ffb58f0 0x40082cd9:0x3ffb5920 0x400d50cb:0x3ffb5940 0x400d3fff:0x3ffb5960 0x400d3bc6:0x3ffb5980 0x4000bd83:0x3ffb59a0 0x4000117d:0x3ffb59c0 0x400592fe:0x3ffb59e0 0x4005937a:0x3ffb5a00 0x400d9997:0x3ffb5a20 0x400e181f:0x3ffb5a50 0x400dd41a:0x3ffb5a70 0x400d9b45:0x3ffb5d90 0x400d513d:0x3ffb5de0 0x40087e5d:0x3ffb5e00




ELF file SHA256: 18f621af856e4edc

Rebooting...
ets Jul 29 2019 12:21:46

rst:0xc (SW_CPU_RESET),boot:0x13 (SPI_FAST_FLASH_BOOT)
configsip: 0, SPIWP:0xee
clk_drv:0x00,q_drv:0x00,d_drv:0x00,cs0_drv:0x00,hd_drv:0x00,wp_drv:0x00
mode:DIO, clock div:2
load:0x3fff0030,len:7076
load:0x40078000,len:15576
load:0x40080400
,len:4
load:0x40080404,len:3876
entry 0x4008064c
[0;32mI (29) boot: ESP-IDF v5.1 2nd stage bootloader[0m
[0;32mI (29) boot: compile time Jul 11 2025 09:00:32[0m
[0;32mI (29) boot: Multicore bootloader[0m
[0;32mI (33) boot: chip revision: v3.1[0m
[0;32mI (37) boot.esp32: SPI Speed      : 40MHz[0m
[0;32mI (42) boot.esp32: SPI Mode       : DIO[0m
[0;32mI (46) boot.esp32: SPI Flash Size : 2MB[0m
[0;32mI (51) boot: Enabling RNG early entropy source...[0m
[0;32mI (56) boot: Partition Table:[0m
[0;32mI (60) boot: ## Label            Usage          Type ST Offset   Length[0m
[0;32mI (67) boot:  0 nvs              WiFi data        01 02 00009000 00006000[0m
[0;32mI (75) boot:  1 phy_init         RF data          01 01 0000f000 00001000[0m
[0;32mI (82) boot:  2 factory          factory app      00 00 00010000 00100000[0m
[0;32mI (90) boot: End of partition table[0m
[0;32mI (94) esp_image: segment 0: paddr=00010020 vaddr=3f400020 size=09c98h ( 40088) map[0m
[0;32mI (117) esp_image: segment 1: paddr=00019cc0 vaddr=3ffb0000 size=02148h (  8520) load[0m
[0;32mI (120) esp_image: segment 2: paddr=0001be10 vaddr=40080000 size=04208h ( 16904) load[0m
[0;32mI (130) esp_image: segment 3: paddr=00020020 vaddr=400d0020 size=14d24h ( 85284) map[0m
[0;32mI (162) esp_image: segment 4: paddr=00034d4c vaddr=40084208 size=07eb4h ( 32436) load[0m
[0;32mI (182) boot: Loaded app from partition at offset 0x10000[0m
[0;32mI (182) boot: Disabling RNG early entropy source...[0m
[0;32mI (193) cpu_start: Multicore app[0m
[0;32mI (194) cpu_start: Pro cpu up.[0m
[0;32mI (194) cpu_start: Starting app cpu, entry point is 0x400810fc[0m
[0;32mI (182) cpu_start: App cpu up.[0m
[0;32mI (212) cpu_start: Pro cpu start user code[0m
[0;32mI (212) cpu_start: cpu freq: 160000000 Hz[0m
[0;32mI (212) cpu_start: Application information:[0m
[0;32mI (216) cpu_start: Project name:     blinking_led[0m
[0;32mI (222) cpu_start: App version:      bfb586c-dirty[0m
[0;32mI (227) cpu_start: Compile time:     Jul 11 2025 08:59:55[0m
[0;32mI (233) cpu_start: ELF file SHA256:  18f621af856e4edc...[0m
[0;32mI (239) cpu_start: ESP-IDF:          v5.1[0m
[0;32mI (244) cpu_start: Min chip rev:     v0.0[0m
[0;32mI (249) cpu_start: Max chip rev:     v3.99 [0m
[0;32mI (254) cpu_start: Chip rev:         v3.1[0m
[0;32mI (259) heap_init: Initializing. RAM available for dynamic allocation:[0m
[0;32mI (266) heap_init: At 3FFAE6E0 len 00001920 (6 KiB): DRAM[0m
[0;32mI (272) heap_init: At 3FFB29B0 len 0002D650 (181 KiB): DRAM[0m
[0;32mI (278) heap_init: At 3FFE0440 len 00003AE0 (14 KiB): D/IRAM[0m
[0;32mI (284) heap_init: At 3FFE4350 len 0001BCB0 (111 KiB): D/IRAM[0m
[0;32mI (291) heap_init: At 4008C0BC len 00013F44 (79 KiB): IRAM[0m
[0;32mI (298) spi_flash: detected chip: generic[0m
[0;32mI (301) spi_flash: flash io: dio[0m
[0;33mW (305) spi_flash: Detected size(4096k) larger than the size in the binary image header(2048k). Using the size in the binary image header.[0m
[0;32mI (319) app_start: Starting scheduler on CPU0[0m
[0;32mI (324) app_start: Starting scheduler on CPU1[0m
[0;32mI (324) main_task: Started on CPU0[0m
[0;32mI (334) main_task: Calling app_main()[0m
Init LED GPIOs.
[0;32mI (334) gpio: GPIO[4]| InputEn: 0| OutputEn: 0| OpenDrain: 0| Pullup: 1| Pulldown: 0| Intr:0 [0m
[0;32mI (344) gpio: GPIO[33]| InputEn: 0| OutputEn: 0| OpenDrain: 0| Pullup: 1| Pulldown: 0| Intr:0 [0m
Create semaphore.
Start simulation.

assert failed: xQueueSemaphoreTake queue.c:1657 (pxQueue->uxItemSize == 0)


Backtrace: 0x4008171e:0x3ffb5730 0x4008577d:0x3ffb5750 0x4008ad41:0x3ffb5770 0x40085e6e:0x3ffb5890 0x40085f8c:0x3ffb58d0 0x40082bd1:0x3ffb58f0 0x40082cd9:0x3ffb5920 0x400d50cb:0x3ffb5940 0x400d3fff:0x3ffb5960 0x400d3bc6:0x3ffb5980 0x4000bd83:0x3ffb59a0 0x4000117d:0x3ffb59c0 0x400592fe:0x3ffb59e0 0x4005937a:0x3ffb5a00 0x400d9997:0x3ffb5a20 0x400e181f:0x3ffb5a50 0x400dd41a:0x3ffb5a70 0x400d9b45:0x3ffb5d90 0x400d513d:0x3ffb5de0 0x40087e5d:0x3ffb5e00




ELF file SHA256: 18f621af856e4edc

Rebooting...
ets Jul 29 2019 12:21:46

rst:0xc (SW_CPU_RESET),boot:0x13 (SPI_FAST_FLASH_BOOT)
configsip: 0, SPIWP:0xee
clk_drv:0x00,q_drv:0x00,d_drv:0x00,cs0_drv:0x00,hd_drv:0x00,wp_drv:0x00
mode:DIO, clock div:2
load:0x3fff0030,len:7076
load:0x40078000,len:15576
load:0x40080400,len:4
load:0x40080404,len:3876
entry 0x4008064c
[0;32mI (29) boot: ESP-IDF v5.1 2nd stage bootloader[0m
[0;32mI (29) boot: compile time Jul 11 2025 09:00:32[0m
[0;32mI (29) boot: Multicore bootloader[0m
[0;32mI (33) boot: chip revision: v3.1[0m
[0;32mI (37) boot.esp32: SPI Speed      : 40MHz[0m
[0;32mI (42) boot.esp32: SPI Mode       : DIO[0m
[0;32mI (46) boot.esp32: SPI Flash Size : 2MB[0m
[0;32mI (51) boot: Enabling RNG early entropy source...[0m
[0;32mI (56) boot: Partition Table:[0m
[0;32mI (60) boot: ## Label            Usage          Type ST Offset   Length[0m
[0;32mI (67) boot:  0 nvs              WiFi data        01 02 00009000 00006000[0m
[0;32mI (75) boot:  1 phy_init         RF data          01 01 0000f000 00001000[0m
[0;32mI (82) boot:  2 factory          factory app      00 00 00010000 00100000[0m
[0;32mI (90) boot: End of partition table[0m
[0;32mI (94) esp_image: segment 0: paddr=00010020 vaddr=3f400020 size=09c98h ( 40088) map[0m
[0;32mI (117) esp_image: segment 1: paddr=00019cc0 vaddr=3ffb0000 size=02148h (  8520) load[0m
[0;32mI (120) esp_image: segment 2: paddr=0001be10 vaddr=40080000 size=04208h ( 16904) load[0m
[0;32mI (130) esp_image: segment 3: paddr=00020020 vaddr=400d0020 size=14d24h ( 85284) map[0m
[0;32mI (162) esp_image: segment 4: paddr=00034d4c vaddr=40084208 size=07eb4h ( 32436) load[0m
[0;32mI (182) boot: Loaded app from partition at offset 0x10000[0m
[0;32mI (182) boot: Disabling RNG early entropy source...[0m
[0;32mI (193) cpu_start: Multicore app[0m
[0;32mI (194) cpu_start: Pro cpu up.[0m
[0;32mI (194) cpu_start: Starting app cpu, entry point is 0x400810fc[0m
[0;32mI (182) cpu_start: App cpu up.[0m
[0;32mI (212) cpu_start: Pro cpu start user code[0m
[0;32mI (212) cpu_start: cpu freq: 160000000 Hz[0m
[0;32mI (212) cpu_start: Application information:[0m
[0;32mI (216) cpu_start: Project name:     blinking_led[0m
[0;32mI (222) cpu_start: App version:      bfb586c-dirty[0m
[0;32mI (227) cpu_start: Compile time:     Jul 11 2025 08:59:55[0m
[0;32mI (233) cpu_start: ELF file SHA256:  18f621af856e4edc...[0m
[0;32mI (239) cpu_start: ESP-IDF:          v5.1[0m
[0;32mI (244) cpu_start: Min chip rev:     v0.0[0m
[0;32mI (249) cpu_start: Max chip rev:     v3.99 [0m
[0;32mI (254) cpu_start: Chip rev:         v3.1[0m
[0;32mI (259) heap_init: Initializing. RAM available for dynamic allocation:[0m
[0;32mI (266) heap_init: At 3FFAE6E0 len 00001920 (6 KiB): DRAM[0m
[0;32mI (272) heap_init: At 3FFB29B0 len 0002D650 (181 KiB): DRAM[0m
[0;32mI (278) heap_init: At 3FFE0440 len 00003AE0 (14 KiB): D/IRAM[0m
[0;32mI (284) heap_init: At 3FFE4350 len 0001BCB0 (111 KiB): D/IRAM[0m
[0;32mI (291) heap_init: At 4008C0BC len 00013F44 (79 KiB): IRAM[0m
[0;32mI (298) spi_flash: detected chip: generic[0m
[0;32mI (301) spi_flash: flash io: dio[0m
[0;33mW (305) spi_flash: Detected size(4096k) larger than the size in the binary image header(2048k). Using the size in the binary image header.[0m
[0;32mI (319) app_start: Starting scheduler on CPU0[0m
[0;32mI (324) app_start: Starting scheduler on CPU1[0m
[0;32mI (324) main_task: Started on CPU0[0m
[0;32mI (334) main_task: Calling app_main()[0m
Init LED GPIOs.
[0;32mI (334) gpio: GPIO[4]| InputEn: 0| OutputEn: 0| OpenDrain: 0| Pullup: 1| Pulldown: 0| Intr:0 [0m
[0;32mI (344) gpio: GPIO[33]| InputEn: 0| OutputEn: 0| OpenDrain: 0| Pullup: 1| Pulldown: 0| Intr:0 [0m
Create semaphore.
Start simulation.

assert failed: xQueueSemaphoreTake queue.c:1657 (pxQueue->uxItemSize == 0)


Backtrace: 0x4008171e:0x3ffb5730 0x4008577d:0x3ffb5750 0x4008ad41:0x3ffb5770 0x40085e6e:0x3ffb5890 0x40085f8c:0x3ffb58d0 0x40082bd1:0x3ffb58f0 0x40082cd9:0x3ffb5920 0x400d50cb:0b5980 0x4000bd83:0x3ffb59a0 0x4000117d:0x3ffb59c0 0x400592fe:0x3ffb59e0 0x4005937a:0x3ffb5a00 0x400d9997:0x3ffb5a20 0x400e181f:0x3ffb5a50 0x400dd41a:0x3ffb5a70 0x400d9b45:0x3ffb5d90 0x400d513d:0x3ffb5de0 0x40087e5d:0x3ffb5e00




ELF file SHA256: 18f621af856e4edc

Rebooting...
ets Jul 29 2019 12:21:46

rst:0xFAST_FLASH_BOOT)
configsip: 0, 000,len:15576
load:0x40080400,len:4
load:0x40080404,len:3876
entry 0x4008064c
[0;32mI (29) boot: ESP-IDF v5.1 2nd stage bootloader[0m
[0;32mI (29) boot: compile time Jul 11 2025 09:00:32[0m
[0;32mI (29) boot: Multicore bootloader[0m
[0;32mI (33) boot: chip revision: v3.1[0m
[0;32mI (37) boot.esp32: SPI Speed      : 40MHz[0m
[0;32mI (42) boot.esp32: SPI Mode       : DIO[0m
[0;32mI (46) boot.esp32: SPI Flash Size : 2MB[0m
[0;32mI (51) boot: Enabling RNG early entropy source...[0m
[0;32mI (56) boot: Partition Table:[0m
[0;32mI (60) boot: ## Label            Usage          Type ST Offset   Length[0m
[0;32mI (67) boot:  0 nvs              WiFi data        01 02 00009000 00006000[0m
[0;32mI (75) boot:  1 phy_init         RF data          01 01 0000f000 00001000[0m
[0;32mI (82) boot:  2 factory          factory app      00 00 00010000 00100000[0m
[0;32mI (90) boot: End of partition table[0m
[0;32mI (94) esp_image: segment 0: paddr=00010020 vaddr=3f400020 size=09c98h ( 40088) map[0m
[0;32mI (117) esp_image: segment 1: paddr=00019cc0 vaddr=3ffb0000 size=02148h (  8520) load[0m
[0;32mI (120) esp_image: segment 2: paddr=0001be10 vaddr=40080000 size=04208h ( 16904) load[0m
[0;32mI (130) esp_image: segment 3: paddr=00020020 vaddr=400d0020 size=14d24h ( 85284) map[0m
[0;32mI (162) esp_image: segment 4: paddr=00034d4c vaddr=40084208 size=07eb4h ( 32436) load[0m
[0;32mI (182) boot: Loaded app from partition at offset 0x10000[0m
[0;32mI (182) boot: Disabling RNG early entropy source...[0m
[0;32mI (193) cpu_start: Multicore app[0m
[0;32mI (194) cpu_start: Pro cpu up.[0m
[0;32mI (194) cpu_start: Starting app cpu, entry point is 0x400810fc[0m
[0;32mI (182) cpu_start: App cpu up.[0m
[0;32mI (212) cpu_start: Pro cpu start user code[0m
[0;32mI (212) cpu_start: cpu freq: 160000000 Hz[0m
[0;32mI (212) cpu_start: Application information:[0m
[0;32mI (216) cpu_start: Project name:     blinking_led[0m
[0;32mI (222) cpu_start: App version:      bfb586c-dirty[0m
[0;32mI (227) cpu_start: Compile time:     Jul 11 2025 08:59:55[0m
[0;32mI (233) cpu_start: ELF file SHA256:  18f621af856e4edc...[0m
[0;32mI (239) cpu_start: ESP-IDF:          v5.1[0m
[0;32mI (244) cpu_start: Min chip rev:     v0.0[0m
[0;32mI (249) cpu_start: Max chip rev:     v3.99 [0m
[0;32mI (254) cpu_start: Chip rev:         v3.1[0m
[0;32mI (259) heap_init: Initializing. RAM available for dynamic allocation:[0m
[0;32mI (266) heap_init: At 3FFAE6E0 len 00001920 (6 KiB): DRAM[0m
[0;32mI (272) heap_init: At 3FFB29B0 len 0002D650 (181 KiB): DRAM[0m
[0;32mI (278) heap_init: At 3FFE0440 len 00003AE0 (14 KiB): D/IRAM[0m
[0;32mI (284) heap_init: At 3FFE4350 len 0001BCB0 (111 KiB): D/IRAM[0m
[0;32mI (291) heap_init: At 4008C0BC len 00013F44 (79 KiB): IRAM[0m
[0;32mI (298) spi_flash: detected chip: generic[0m
[0;32mI (301) spi_flash: flash io: dio[0m
[0;33mW (305) spi_flash: Detected size(4096k) larger than the size in the binary image header(2048k). Using the size in the binary image header.[0m
[0;32mI (319) app_start: Starting scheduler on CPU0[0m
[0;32mI (324) app_start: Starting scheduler on CPU1[0m
[0;32mI (324) main_task: Started on CPU0[0m
[0;32mI (334) main_task: Calling app_main()[0m
Init LED GPIOs.
[0;32mI (334) gpio: GPIO[4]| InputEn: 0| OutputEn: 0| OpenDrain: 0| Pullup: 1| Pulldown: 0| Intr:0 [0m
[0;32mI (344) gpio: GPIO[33]| InputEn: 0| OutputEn: 0| OpenDrain: 0| Pullup: 1| Pulldown: 0| Intr:0 [0m
Create semaphore.
Start simulation.

assert failed: xQueueSemaphoreTake queue.c:1657 (pxQueue->uxItemSize == 0)


Backtrace: 0x4008171e:0x3ffb5730 0x4008577d:0x3ffb5750 0x4008ad41:0x3ffb5770 0x40085e6e:0x3ffb5890 0x40085f8c:0x3ffb58d0 0x40082bd1:0x3ffb58f0 0x40082cd9:0x3ffb5920 0x400d50cb:0x3ffb5940 0x400d3fff:0x3ffb5960 0x400d3bc6:0x3ffb5980 0x4000bd83:0x3ffb59a0 0x4000117d:0x3ffb59c0 0x400592fe:0x3ffb59e0 0x4005937a:0x3ffb5a00 0x400d9997:0x3ffb5a20 0x400e181f:0x3ffb5a50 0x400dd41a:0x3ffb5a70 0x400d9b45:0x3ffb5d90 0x400d513d:0x3ffb5de0 0x40087e5d:0x3ffb5e00




ELF file SHA256: 18f621af856e4edc

Rebooting...
ets Jul 29 2019 12:21:46

rst:0xc (SW_CPU_RESET),boot:0x13 (SPI_FAST_FLASH_BOOT)
configsip: 0, SPIWP:0xee
clk_drv:0x00,q_drv:0x00,d_drv:0x00,cs0_drv:0x00,hd_drv:0x00,wp_drv:0x00
mode:DIO, clock div:2
load:0x3fff0030,len:7076
load:0x40078000,len:15576
load:0x40080400,len:4
load:0x40080404,len:38760;32mI (29) boot: ESP-IDF v5.1 2nd stage bootloader[0m
[0;32mI (29) boot: compile time Jul 11 2025 09:00:32[0m
[0;32mI (29) boot: Multicore bootloader[0m
[0;32mI (33) boot: chip revision: v3.1[0m
[0;32mI (37) boot.esp32: SPI Speed      : 40MHz[0m
[0;32mI (42) boot.esp32: SPI Mode       : DIO[0m
[0;32mI (46) boot.esp32: SPI Flash Size : 2MB[0m
[0;32mI (51) boot: Enabling RNG early entropy source...[0m
[0;32mI (56) boot: Partition Table:[0m
[0;32mI (60) boot: ## Label            Usage          Type ST Offset   Length[0m
[0;32mI (67) boot:  0 nvs              WiFi data        01 02 00009000 00006000[0m
[0;32mI (75) boot:  1 phy_init         RF data          01 01 0000f000 00001000[0m
[0;32mI (82) boot:  2 factory          factory app      00 00 00010000 001segment 1: paddr=00019cc0 vaddr=3ffb0000 size=02148h (  8520) load[0m
[0;32mI (120) esp_image: segment 2: paddr=0001be10 vaddr=40080000 size=04208h ( 16904) load[0m
[0;32mI (130) esp_image: segment 3: paddr=00020020 vaddr=400d0020 size=14d24h ( 85284) map[0m
[0;32mI (162) esp_image: segment 4: paddr=00034d4c vaddr=40084208 size=07eb4h ( 32436) load[0m
[0;32mI (182) boot: Loaded app from partition at offset 0x10000[0m
[0;32mI (182) boot: Disabling RNG early entropy source...[0m
[0;32mI (193) cpu_start: Multicore app[0m
[0;32mI (194) cpu_start: Pro cpu up.[0m
[0;32mI (194) cpu_start: Starting app cpu, entry point is 0x400810fc[0m
[0;32mI (182) cpu_start: App cpu up.[0m
[0;32mI (212) cpu_start: Pro cpu start user code[0m
[0;32mI (212) cpu_start: cpu freq: 160000000 Hz[0m
[0;32mI (212) cpu_start: Application information:[0m
[0;32mI (216) cpu_start: Project name:     blinking_led[0m
[0;32mI (222) cpu_start: App version:      bfb586c-dirty[0m
[0;32mI (227) cpu_start: Compile time:     Jul 11 2025 08:59:55[0m
[0;32mI (233) cpu_start: ELF file SHA256:  18f621af856e4edc...[0m
[0;32mI (239) cpu_start: ESP-IDF:          v5.1[0m
[0;32mI (244) cpu_start: Min chip rev:     v0.0[0m
[0;32mI (249) cpu_start: Max chip rev:     v3.99 [0m
[0;32mI (254) cpu_start: Chip rev:         v3.1[0m
[0;32mI (259) heap_init: Initializing. RAM available for dynamic allocation:[0m
[0;32mI (266) heap_init: At 3FFAE6E0 len 00001920 (6 KiB): DRAM[0m
[0;32mI (272) heap_init: At 3FFB29B0 len 0002D650 (181 KiB): DRAM[0m
[0;32mI (278) heap_init: At 3FFE0440 len 00003AE0 (14 KiB): D/IRAM[0m
[0;32mI (284) heap_init: At 3FFE4350 len 0001BCB0 (111 KiB): D/IRAM[0m
[0;32mI (291) heap_init: At 4008C0BC len 00013F44 (79 KiB): IRAM[0m
[0;32mI (298) spi_flash: detected chip: generic[0m
[0;32mI (301) spi_flash: flash io: dio[0m
[0;33mW (305) spi_flash: Detected size(4096k) larger than the size in the binary image header(2048k). Using the size in the binary image header.[0m
[0;32mI (319) app_start: Starting scheduler on CPU0[0m
[0;32mI (324) app_start: Starting scheduler on CPU1[0m
[0;32mI (324) main_task: Started on CPU0[0m
[0;32mI (334) main_task: Calling app_main()[0m
Init LED GPIOs.
[0;32mI (334) gpio: GPIO[4]| InputEn: 0| OutputEn: 0| OpenDrain: 0| Pullup: 1| Pulldown: 0| Intr:0 [0m
[0;32mI (344) gpio: GPIO[33]| InputEn: 0| OutputEn: 0| OpenDrain: 0| Pullup: 1| Pulldown: 0| Intr:0 [0m
Create semaphore.
Start simulation.

assert failed: xQueueSemaphoreTake queue.c:1657 (pxQueue->uxItemSize == 0)


Backtrace: 0x4008171e:0x3ffb5730 0x4008577d:0x3ffb5750 0x4008ad41:0x3ffb5770 0x40085e6e:0x3ffb5890 0x40085f8c:0x3ffb58d0 0x40082bd1:0x3ffb58f0 0x40082cd9:0x3ffb5920 0x400d50cb:0x3ffb5940 0x400d3fff:0x3ffb5960 0x400d3bc6:0x3ffb5980 0x4000bd83:0x3ffb59a0 0x4000117d:0x3ffb59c0 0x400592fe:0x3ffb59e0 0x4005937a:0x3ffb5a00 0x400d9997:0x3ffb5a20 0x400e181f:0x3ffb5a50 0x400dd41a:0x3ffb5a70 0x400d9b45:0x3ffb5d90 0x400d513d:0x3ffb5de0 0x40087e5d:0x3ffb5e00




ELF file SHA256: 18f621af856e4edc

Rebooting...
ets Jul 29 2019 12:21:46

rst:0xc (SW_CPU_RESET),boot:0x13 (SPI_FAST_FLASH_BOOT)
configsip: 0, SPIWP:0xee
clk_drv:0x00,q_drv:0x00,d_drv:0x00,cs0_drv:0x00,hd_drv:0x00,wp_drv:0x00
mode:DIO, clock div:2
load:0x3fff0030,len:7076
load:0x40078000,len:15576
load:0x40080400,len:4
load:0x40080404,len:3876
entry 0x4008064c
[0;32mI (29) boot: ESP-IDF v5.1 2nd stage bootloader[0m
[0;32mI (29) boot: compile time Jul 11 2025 09:00:32[0m
[0;32mI (29) boot: Multicore bootloader[0m
[0;32mI (33) boot: chip revision: v3.1[0m
[0;32mI (37) boot.esp32: SPI Speed      : 40MHz[0m
[0;32mI (42) boot.esp32: SPI Mode       : DIO[0m
[0;32mI (46) boot.esp32: SPI Flash Size : 2MB[0m
[0;32mI (51) boot: Enabling RNG early entropy source...[0m
[0;32mI (56) boot: Partition Table:[0m
[0;32mI (60) boot: ## Label            Usage          Type ST Offset   Length[0m
[0;32mI (67) boot:  0 nvs              WiFi data        01 02 00009000 00006000[0m
[0;32mI (75) boot:  1 phy_init         RF data          01 01 0000f000 00001000[0m
[0;32mI (82) boot:  2 factory          factory app      00 00 00010000 00100000[0m
[0;32mI (90) boot: End of partition table[0m
[0;32mI (94) esp_image: segment 0: paddr=00010020 vaddr=3f400020 size=09c98h ( 40088) map[0m
[0;32mI (117) esp_image: segment 1: paddr=00019cc0 vaddr=3ffb0000 size=02148h (  8520) load[0m
[0;32mI (120) esp_image: segm2: paddr=0001be10 vaddr=40080000 size=04208h ( 16904) load[0m
[0;32mI (130) esp_image: segment 3: paddr=00020020 vaddr=400d0020 size=14d24h ( 85284) map[0m[0;32mI (162) esp_image: segment 4: paddr=00034d4c vaddr=40084208 size=07eb4h ( 32436) load[0m
[0;32mI (182) boot: Loaded app from partition at offset 0x10000[0m
[0;32mI (182) boot: Disabling RNG early entropy source...[0m
[0;32mI (193) cpu_start: Multicore app[0m
[0;32mI (194) cpu_start: Pro cpu up.[0m
[0;32mI (194) cpu_start: Starting app cpu, entry point is 0x400810fc[0m
[0;32mI (182) cpu_start: App cpu up.[0m
[0;32mI (212) cpu_start: Pro cpu start user code[0m
[0;32mI (212) cpu_start: cpu freq: 160000000 Hz[0m
[0;32mI (212) cpu_start: Application information:[0m
[0;32mI (216) cpu_start: Project name:     blinking_led[0m
[0;32mI (222) cpu_start: App version:      bfb586c-dirty[0m
[0;32mI (227) cpu_start: Compile time:     Jul 11 2025 08:59:55[0m
[0;32mI (233) cpu_start: ELF file SHA256:  18f621af856e4edc...[0m
[0;32mI (239) cpu_start: ESP-IDF:          v5.1[0m
[0;32mI (244) cpu_start: Min chip rev:     v0.0[0m
[0;32mI (249) cpu_start: Max chip rev:     v3.99 [0m
[0;32mI (254) cpu_start: Chip rev:         v3.1[0m
[0;32mI (259) heap_init: Initializing. RAM available for dynamic allocation:[0m
[0;32mI (266) heap_init: At 3FFAE6E0 len 00001920 (6 KiB): DRAM[0m
[0;32mI (272) heap_init: At 3FFB29B0 len 0002D650 (181 KiB): DRAM[0m
[0;32mI (278) heap_init: At 3FFE0440 len 00003AE0 (14 KiB): D/IRAM[0m
[0;32mI (284) heap_init: At 3FFE4350 len 0001BCB0 (111 KiB): D/IRAM[0m
[0;32mI (291) heap_init: At 4008C0BC len 00013F44 (79 KiB): IRAM[0m
[0;32mI (298) spi_flash: deteic[0m
[0;32mI (301) spi_flash: flash io: dio[0m
[0;33mW (305) spi_flash: Detected size(4096k) larger than the size in the binary image header(2048k). Using the size in the binary image header.[0m
[0;32mI (319) app_start: Starting scheduler on CPU0[0m
[0;32mI (324) app_start: Starting scheduler on CPU1[0m
[0;32mI (324) main_task: Started on CPU0[0m
[0;32mI (334) main_task: Calling app_main()[0m
Init LED GPIOs.
[0;32mI (334) gpio: GPIO[4]| InputEn: 0| OutputEn: 0| OpenDrain: 0| Pullup: 1| Pulldown: 0| Intr:0 [0m
[0;32mI (344) gpio: GPIO[33]| InputEn: 0| OutputEn: 0| OpenDrain: 0| Pullup: 1| Pulldown: 0| Intr:0 [0m
Create semaphore.
Start simulation.

assert failed: xQueueSemaphoreTake queue.c:1657 (pxQueue->uxItemSize == 0)


Backtrace: 0x4008171e:0x3ffb5730 0x4008577d:0x3ffb5750 0x4008ad41:0x3ffb5770 0x40085e6e:0x3ffb5890 0x40085f8c:0x3ffb58d0 0x40082bd1:0x3ffb58f0 0x40082cd9:0x3ffb5920 0x400d50cb:0x3ffb5940 0x400d3fff:0x3ffb5960 0x400d3bc6:0x3ffb5980 0x4000bd83:0x3ffb59a0 0x4000117d:0x3ffb59c0 0x400592fe:0x3ffb59e0 0x4005937a:0x3ffb5a00 0x400d9997:0x3ffb5a20 0x400e181f:0x3ffb5a50 0x400dd41a:0x3ffb5a70 0x400d9b45:0x3ffb5d90 0x400d513d:0x3ffb5de0 0x40087e5d:0x3ffb5e00




ELF file SHA256: 18f621af856e4edc

Rebooting...
ets Jul 29 2019 12:21:46

rst:0xc (SW_CPU_RESET),boot:0x13 (SPI_FAST_FLASH_BOOT)
configsip: 0, SPIWP:0xee
clk_drv:0x00,q_drv:0x00,d_drv:0x00,cs0_drv:0x00,hd_drv:0x00,wp_drv:0x00
mode:DIO, clock div:2
load:0x3fff0030,len:7076
load:0x40078000,len:15576
load:0x40080400,len:4
load:0x40080404,len:3876
entry 0x4008064c
[0;32mI (29) boot: ESP-IDF ce...[0m
[0;32mI (56) boot: Partition Table:[0m
[0;32mI (6 ## Label            Usage      [0;32mI (162) esp_image: segment 4: paddr=00034d4c vaddr=400842eb4h ( 32436) load[0m
[0;32mI (182) boot: Loaded app from partition at offset 0x10000[0m
[0;32mI (182) boot: Disabling RNG early entropy source...[0m
[0;32mI (193) cpu_start: Multicore app[0m
[0;32mI (194) cpu_start: Pro cpu up.[0m
[0;32mI (194) cpu_start: Starting app cpu, entry point is 0x40081lication information:[0m
[0;32mI (216) cpu_start: Project name:     blinking_led[0m
[0;32m) cpu_start: App version:      b2mI (239) cpu_start: ESP-IDF:          v5.1[0m
[0;32mI (244) cpu_start: Min chip rev:     v0.0[0m
[0;32mI (249) cpu_start: Max chip rev:     v3.99 [0m
[0;32mI (254) cpu_start: Chip rev:         v3.1[0m
[0;32mI (259) heap_init: Initializing. RAM available for dynamic allocation:[0m
[0;32mI (266) heap_init: At 3FFAE6E0 len 00001920 (6 KiB): DRAM[0m
[0;32mI (272) heap_init: At 3FFB29B0 len 0002D650 (181 KiB): DRAM[0m
[0;32mI (278) heap_init: At 3FFE0440 len 00003AE0 (14 KiB): D/IRAM[0m
[0;32mI (284) heap_init: At 3FFE4350 len 0001BCB0 (111 KiB): D/IRAM[0m
[0;32mI (291) heap_init: At 4008C0BC len 00013F44 (79 KiB): IRAM[0m
[0;32mI (298) spi_flash: detected chip: generic[0m
[0;32mI (301) spi_flash: flash io: dio[0m
[0;33mW (305) spi_flash: Detected size(4096k) larger than the size in the binary image header(2048k). Using the size in the binary image header.[0m
[0;32mI (319) app_start: Starting scheduler on CPU0[0m
[0;32mI (324) app_start: Starting scheduler on CPU1[0m
[0;32mI (324) main_task: Started on CPU0[0m
[0;32mI (334) main_task: Calling app_main()[0m
Init LED GPIOs.
[0;32mI (334) gpio: GPIO[4]| InputEn: 0| OutputEn: 0| OpenDrain: 0| Pullup: 1| Pulldown: 0| Intr:0 [0m
[0;32mI (344) gpio: GPIO[33]| InputEn: 0| OutputEn: 0| OpenDrain: 0| Pullup: 1| Pulldown: 0| Intr:0 [0m
Create semaphore.
Start simulation.

assert failed: xQueueSemaphoreTake queue.c:1657 (pxQueue->uxItemSize == 0)


Backtrace: 0x4008171e:0x3ffb5730 0x4008577d:0x3ffb5750 0x4008ad41:0x3ffb5770 0x40085e6e:0x3ffb5890 0x40085f8c:0x3ffb58d0 0x40082bd1:0x3ffb58f0 0x40082cd9:0x3ffb5920 0x400d50cb:0x3ffb5940 0x400d3fff:0x3ffb5960 0x400d3bc6:0x3ffb5980 0x4000bd83:0x3ffb59a0 0x4000117d:0x3ffb59c0 0x400592fe:0x3ffb59e0 0x4005937a:0x3ffb5a00 0x400d9997:0x3ffb5a20 0x400e181f:0x3ffb5a50 0x400dd41a:0x3ffb5a70 0x400d9b45:0x3ffb5d90 0x400d513d:0x3ffb5de0 0x40087e5d:0x3ffb5e00




ELF file SHA256: 18f621af856e4edc

Rebooting...
ets Jul 29 2019 12:21:46

rst:0xc (SW_CPU_RESET),boot:0x13 (SPI_FAST_FLASH_BOOT)
configsip: 0, SPIWP:0xee
clk_drv:0x00,q_drv:0x00,d_drv:0x00,cs0_drv:0x00,hd_drv:0x00,wp_drv:0x00
mode:DIO, clo7076
load:0x40078000,len:1557680404,len:3876
entry 0x4008064c
[0;32mI (29) boot: ESP-IDF v5.1 2nd stage bootloader[0m
[0;32mI (29) boot: compile time Jul 11 2025 09:00:32[0m
[0;32mI (29) boot: Multicore bootloader[0m
[0;32mI (33) boot: chip revision: v3.1[0m
[0;32mI (37) boot.esp32: SPI Speed      : 40MHz[0m
[0;32mI (42) boot.esp32: SPI Mode       : DIO[0m
[0;32mI (46) boot.esp32: SPI Flash Size : 2MB[0m
[0;32mI (51) boot: Enabling RNG early entropy source...[0m
[0;32mI (56) boot: Partition Table:[0m
[0;32mI (60) boot: ## Label            Usage          Type ST Offset   Length[0m
[0;32mI (67) boot:  0 nvs              WiFi data        01 02 00009000 00006000[0m
[0;32mI (75) boot:  1 phy_init         RF data          01 01 0000f000 00001000[0m
[0;32mI (82) boot:  2 factory          factory app      00 00 00010000 00100000[0m
[0;32mI (90) boot: End of partition table[0m
[0;32mI (94) esp_image: segment 0: paddr=00010020 vaddr=3f400020 size=09c98h ( 40088) map[0m
[0;32mI (117) esp_image: segment 1: paddr=00019cc0 vaddr=3ffb0000 size=02148h (  8520) load[0m
[0;32mI (120) esp_image: segment 2: paddr=0001be10 vaddr=40080000 size=04208h ( 16904) load[0m
[0;32mI (130) esp_image: segment 3: paddr=00020020 vaddr=400d0020 size=14d24h ( 85284) map[0m
[0;32mI (162) esp_image: segment 4: paddr=00034d4c vaddr=40084208 size=07eb4h ( 32436) load[0m
[0;32mI (182) boot: Loaded app from partition at offset 0x10000[0m
