ets Jul 29 2019 12:21:46

rst:0x1 (POWERON_RESET),boot:0x13 (SPI_FAST_FLASH_BOOT)
configsip: 0, SPIWP:0xee
clk_drv:0x00,q_drv:0x00,d_drv:0x00,cs0_drv:0x00,hd_drv:0x00,wp_drv:0x00
mode:DIO, clock div:2
load:0x3fff0030,len:7076
load:0x40078000,len:15576
load:0x40080400,len:4
load:0x40080404,len:3876
entry 0x4008064c
[0;32mI (29) boot: ESP-IDF v5.1 2nd stage bootloader[0m
[0;32mI (29) boot: compile time Jul 11 2025 09:00:32[0m
[0;32mI (29) boot: Multicore bootloader[0m
[0;32mI (33) boot: chip revision: v3.1[0m
[0;32mI (37) boot.esp32: SPI Speed      : 40MHz[0m
[0;32mI (42) boot.esp32: SPI Mode       : DIO[0m
[0;32mI (46) boot.esp32: SPI Flash Size : 2MB[0m
[0;32mI (51) boot: Enabling RNG early entropy source...[0m
[0;32mI (56) boot: Partition Table:[0m
[0;32mI (60) boot: ## Label            Usage          Type ST Offset   Length[0m
[0;32mI (67) boot:  0 nvs              WiFi data        01 02 00009000 00006000[0m
[0;32mI (75) boot:  1 phy_init         RF data          01 01 0000f000 00001000[0m
[0;32mI (82) boot:  2 factory          factory app      00 00 00010000 00100000[0m
[0;32mI (90) boot: End of partition table[0m
[0;32mI (94) esp_image: segment 0: paddr=00010020 vaddr=3f400020 size=09c08h ( 39944) map[0m
[0;32mI (117) esp_image: segment 1: paddr=00019c30 vaddr=3ffb0000 size=02148h (  8520) load[0m
[0;32mI (120) esp_image: segment 2: paddr=0001bd80 vaddr=40080000 size=04298h ( 17048) load[0m
[0;32mI (130) esp_image: segment 3: paddr=00020020 vaddr=400d0020 size=14cf0h ( 85232) map[0m
[0;32mI (162) esp_image: segment 4: paddr=00034d18 vaddr=40084298 size=07dech ( 32236) load[0m
[0;32mI (182) boot: Loaded app from partition at offset 0x10000[0m
[0;32mI (182) boot: Disabling RNG early entropy source...[0m
[0;32mI (193) cpu_start: Multicore app[0m
[0;32mI (193) cpu_start: Pro cpu up.[0m
[0;32mI (194) cpu_start: Starting app cpu, entry point is 0x400810fc[0m
[0;32mI (0) cpu_start: App cpu up.[0m
[0;32mI (211) cpu_start: Pro cpu start user code[0m
[0;32mI (211) cpu_start: cpu freq: 160000000 Hz[0m
[0;32mI (211) cpu_start: Application information:[0m
[0;32mI (216) cpu_start: Project name:     blinking_led[0m
[0;32mI (222) cpu_start: App version:      bfb586c-dirty[0m
[0;32mI (227) cpu_start: Compile time:     Jul 11 2025 08:59:55[0m
[0;32mI (233) cpu_start: ELF file SHA256:  35a4e2c81850651a...[0m
[0;32mI (239) cpu_start: ESP-IDF:          v5.1[0m
[0;32mI (244) cpu_start: Min chip rev:     v0.0[0m
[0;32mI (248) cpu_start: Max chip rev:     v3.99 [0m
[0;32mI (253) cpu_start: Chip rev:         v3.1[0m
[0;32mI (258) heap_init: Initializing. RAM available for dynamic allocation:[0m
[0;32mI (265) heap_init: At 3FFAE6E0 len 00001920 (6 KiB): DRAM[0m
[0;32mI (271) heap_init: At 3FFB29B0 len 0002D650 (181 KiB): DRAM[0m
[0;32mI (278) heap_init: At 3FFE0440 len 00003AE0 (14 KiB): D/IRAM[0m
[0;32mI (284) heap_init: At 3FFE4350 len 0001BCB0 (111 KiB): D/IRAM[0m
[0;32mI (290) heap_init: At 4008C084 len 00013F7C (79 KiB): IRAM[0m
[0;32mI (298) spi_flash: detected chip: generic[0m
[0;32mI (301) spi_flash: flash io: dio[0m
[0;33mW (305) spi_flash: Detected size(4096k) larger than the size in the binary image header(2048k). Using the size in the binary image header.[0m
[0;32mI (319) app_start: Starting scheduler on CPU0[0m
[0;32mI (323) app_start: Starting scheduler on CPU1[0m
[0;32mI (323) main_task: Started on CPU0[0m
[0;32mI (333) main_task: Calling app_main()[0m
Init LED GPIOs.
[0;32mI (333) gpio: GPIO[4]| InputEn: 0| OutputEn: 0| OpenDrain: 0| Pullup: 1| Pulldown: 0| Intr:0 [0m
[0;32mI (343) gpio: GPIO[33]| InputEn: 0| OutputEn: 0| OpenDrain: 0| Pullup: 1| Pulldown: 0| Intr:0 [0m
Create semaphore.
Start simulation.
stand-by
[0;32mI (353) main_task: R
***ERROR*** A stack overflow in task simulation_task has been detected.


Backtrace: 0x4008171e:0x3ffb60e0 0x4008577d:0x3ffb6100 0x40088172:0x3ffb6120 0x40086c57:0x3ffb61a0 0x400882c0:0x3ffb61c0 0x40088272:0x3ffb61e0 0x40087e41:0x00000000 |<-CORRUPTED




ELF file SHA256: 35a4e2c81850651a

Rebooting...
ets Jul 29 2019 12:21:46

rst:0xc (SW_CPU_RESET),boot:0x13 (SPI_FAST_FLASH_BOOT)
configsip: 0, SPIWP:0xee
clk_drv:0x00,q_drv:0x00,d_drv:0x00,cs0_drv:0x00,hd_drv:0x00,wp_drv:0x00
mode:DIO, clock div:2
load:0x3fff0030,len:7076
load:0x40078000,len:15576
load:0x40080400,len:4
load:0x40080404,len:3876
entry 0x4008064c
[0;32mI (29) boot: ESP-IDF v5.1 2nd stage bootloader[0m
[0;32mI (29) boot: compile time Jul 11 2025 09:00:32[0m
[0;32mI (29) boot: Multicore bootloader[0m
[0;32mI (33) boot: chip revision: v3.1[0m
[0;32mI (37) boot.esp32: SPI Speed      : 40MHz[0m
[0;32mI (42) boot.esp32: SPI Mode       : DIO[0m
[0;32mI (46) boot.esp32: SPI Flash Size : 2MB[0m
[0;32mI (51) boot: Enabling RNG early entropy source...[0m
[0;32mI (56) boot: Partition Table:[0m
[0;32mI (60) boot: ## Label            Usage          Type ST Offset   Length[0m
[0;32mI (67) boot:  0 nvs              WiFi data        01 02 00009000 00006000[0m
[0;32mI (75) boot:  1 phy_init         RF data          01 01 0000f000 00001000[0m
[0;32mI (82) boot:  2 factory          factory app      00 00 00010000 00100000[0m
[0;32mI (90) boot: End of partition table[0m
[0;32mI (94) esp_image: segment 0: paddr=00010020 vaddr=3f400020 size=09c08h ( 39944) map[0m
[0;32mI (117) esp_image: segment 1: paddr=00019c30 vaddr=3ffb0000 size=02148h (  8520) load[0m
[0;32mI (120) esp_image: segment 2: paddr=0001bd80 vaddr=40080000 size=04298h ( 17048) load[0m
[0;32mI (130) esp_image: segment 3: paddr=00020020 vaddr=400d0020 size=14cf0h ( 85232) map[0m
[0;32mI (162) esp_image: segment 4: paddr=00034d18 vaddr=40084298 size=07dech ( 32236) load[0m
[0;32mI (181) boot: Loaded app from partition at offset 0x10000[0m
[0;32mI (182) boot: Disabling RNG early entropy source...[0m
[0;32mI (193) cpu_start: Multicore app[0m
[0;32mI (193) cpu_start: Pro cpu up.[0m
[0;32mI (193) cpu_start: Starting app cpu, entry point is 0x400810fc[0m
[0;32mI (182) cpu_start: App cpu up.[0m
[0;32mI (211) cpu_start: Pro cpu start user code[0m
[0;32mI (212) cpu_start: cpu freq: 160000000 Hz[0m
[0;32mI (212) cpu_start: Application information:[0m
[0;32mI (216) cpu_start: Project name:     blinking_led[0m
[0;32mI (222) cpu_start: App version:      bfb586c-dirty[0m
[0;32mI (227) cpu_start: Compile time:     Jul 11 2025 08:59:55[0m
[0;32mI (233) cpu_start: ELF file SHA256:  35a4e2c81850651a...[0m
[0;32mI (239) cpu_start: ESP-IDF:          v5.1[0m
[0;32mI (244) cpu_start: Min chip rev:     v0.0[0m
[0;32mI (249) cpu_start: Max chip rev:     v3.99 [0m
[0;32mI (253) cpu_start: Chip rev:         v3.1[0m
[0;32mI (258) heap_init: Initializing. RAM available for dynamic allocation:[0m
[0;32mI (266) heap_init: At 3FFAE6E0 len 00001920 (6 KiB): DRAM[0m
[0;32mI (271) heap_init: At 3FFB29B0 len 0002D650 (181 KiB): DRAM[0m
[0;32mI (278) heap_init: At 3FFE0440 len 00003AE0 (14 KiB): D/IRAM[0m
[0;32mI (284) heap_init: At 3FFE4350 len 0001BCB0 (111 KiB): D/IRAM[0m
[0;32mI (290) heap_init: At 4008C084 len 00013F7C (79 KiB): IRAM[0m
[0;32mI (298) spi_flash: detected chip: generic[0m
[0;32mI (301) spi_flash: flash io: dio[0m
[0;33mW (305) spi_flash: Detected size(4096k) larger than the size in the binary image header(2048k). Using the size in the binary image header.[0m
[0;32mI (319) app_start: Starting scheduler on CPU0[0m
[0;32mI (323) app_start: Starting scheduler on CPU1[0m
[0;32mI (323) main_task: Started on CPU0[0m
[0;32mI (333) main_task: Calling app_main()[0m
Init LED GPIOs.
[0;32mI (333) gpio: GPIO[4]| InputEn: 0| OutputEn: 0| OpenDrain: 0| Pullup: 1| Pulldown: 0| Intr:0 [0m
[0;32mI (343) gpio: GPIO[33]| InputEn: 0| OutputEn: 0| OpenDrain: 0| Pullup: 1| Pulldown: 0| Intr:0 [0m
Create semaphore.
Start simulation.
stand-by
[0;32mI (353) main_task: R
***ERROR*** A stack overflow in task simulation_task has been detected.


Backtrace: 0x4008171e:0x3ffb60e0 0x4008577d:0x3ffb6100 0x40088172:0x3ffb6120 0x40086c57:0x3ffb61a0 0x400882c0:0x3ffb61c0 0x40088272:0x3ffb61e0 0x40087e41:0x00000000 |<-CORRUPTED




ELF file SHA256: 35a4e2c81850651a

Rebooting...
ets Jul 29 2019 12:21:46

rst:0xc (SW_CPU_RESET),boot:0x13 (SPI_FAST_FLASH_BOOT)
configsip: 0, SPIWP:0xee
clk_drv:0x00,q_drv:0x00,d_drv:0x00,cs0_drv:0x00,hd_drv:0x00,wp_drv:0x00
mode:DIO, clock div:2
load:0x3fff0030,len:7076
load:0x40078000,len:15576
load:0x40080400,len:4
load:0x40080404,len:3876
entry 0x4008064c
[0;32mI (29) boot: ESP-IDF v5.1 2nd stage bootloader[0m
[0;32mI (29) boot: compile time Jul 11 2025 09:00:32[0m
[0;32mI (29) boot: Multicore bootloader[0m
[0;32mI (33) boot: chip revision: v3.1[0m
[0;32mI (37) boot.esp32: SPI Speed      : 40MHz[0m
[0;32mI (42) boot.esp32: SPI Mode       : DIO[0m
[0;32mI (46) boot.esp32: SPI Flash Size : 2MB[0m
[0;32mI (51) boot: Enabling RNG early entropy source...[0m
[0;32mI (56) boot: Partition Table:[0m
[0;32mI (60) boot: ## Label            Usage          Type ST Offset   Length[0m
[0;32mI (67) boot:  0 nvs              WiFi data        01 02 00009000 00006000[0m
[0;32mI (75) boot:  1 phy_init         RF data          01 01 0000f000 00001000[0m
[0;32mI (82) boot:  2 factory          factory app      00 00 00010000 00100000[0m
[0;32mI (90) boot: End of partition table[0m
[0;32mI (94) esp_image: segment 0: paddr=00010020 vaddr=3f400020 size=09c08h ( 39944) map[0m
[0;32mI (117) esp_image: segment 1: paddr=00019c30 vaddr=3ffb0000 size=02148h (  8520) load[0m
[0;32mI (120) esp_image: segment 2: paddr=0001bd80 vaddr=40080000 size=04298h ( 17048) load[0m
[0;32mI (130) esp_image: segment 3: paddr=00020020 vaddr=400d0020 size=14cf0h ( 85232) map[0m
[0;32mI (162) esp_image: segment 4: paddr=00034d18 vaddr=40084298 size=07dech ( 32236) load[0m
[0;32mI (181) boot: Loaded app from partition at offset 0x10000[0m
[0;32mI (182) boot: Disabling RNG early entropy source...[0m
[0;32mI (193) cpu_start: Multicore app[0m
[0;32mI (193) cpu_start: Pro cpu up.[0m
[0;32mI (193) cpu_start: Starting app cpu, entry point is 0x400810fc[0m
[0;32mI (182) cpu_start: App cpu up.[0m
[0;32mI (211) cpu_start: Pro cpu start user code[0m
[0;32mI (212) cpu_start: cpu freq: 160000000 Hz[0m
[0;32mI (212) cpu_start: Application information:[0m
[0;32mI (216) cpu_start: Project name:     blinking_led[0m
[0;32mI (222) cpu_start: App version:      bfb586c-dirty[0m
[0;32mI (227) cpu_start: Compile time:     Jul 11 2025 08:59:55[0m
[0;32mI (233) cpu_start: ELF file SHA256:  35a4e2c81850651a...[0m
[0;32mI (239) cpu_start: ESP-IDF:          v5.1[0m
[0;32mI (244) cpu_start: Min chip rev:     v0.0[0m
[0;32mI (249) cpu_start: Max chip rev:     v3.99 [0m
[0;32mI (253) cpu_start: Chip rev:         v3.1[0m
[0;32mI (258) heap_init: Initializing. RAM available for dynamic allocation:[0m
[0;32mI (266) heap_init: At 3FFAE6E0 len 00001920 (6 KiB): DRAM[0m
[0;32mI (271) heap_init: At 3FFB29B0 len 0002D650 (181 KiB): DRAM[0m
[0;32mI (278) heap_init: At 3FFE0440 len 00003AE0 (14 KiB): D/IRAM[0m
[0;32mI (284) heap_init: At 3FFE4350 len 0001BCB0 (111 KiB): D/IRAM[0m
[0;32mI (290) heap_init: At 4008C084 len 00013F7C (79 KiB): IRAM[0m
[0;32mI (298) spi_flash: detected chip: generic[0m
[0;32mI (301) spi_flash: flash io: dio[0m
[0;33mW (305) spi_flash: Detected size(4096k) larger than the size in the binary image header(2048k). Using the size in the binary image header.[0m
[0;32mI (319) app_start: Starting scheduler on CPU0[0m
[0;32mI (323) app_start: Starting scheduler on CPU1[0m
[0;32mI (323) main_task: Started on CPU0[0m
[0;32mI (333) main_task: Calling app_main()[0m
Init LED GPIOs.
[0;32mI (333) gpio: GPIO[4]| InputEn: 0| OutputEn: 0| OpenDrain: 0| Pullup: 1| Pulldown: 0| Intr:0 [0m
[0;32mI (343) gpio: GPIO[33]| InputEn: 0| OutputEn: 0| OpenDrain: 0| Pullup: 1| Pulldown: 0| Intr:0 [0m
Create semaphore.
Start simulation.
stand-by
[0;32mI (353) main_task: R
***ERROR*** A stack overflow in task simulation_task has been detected.


Backtrace: 0x4008171e:0x3ffb60e0 0x4008577d:0x3ffb6100 0x40088172:0x3ffb6120 0x40086c57:0x3ffb61a0 0x400882c0:0x3ffb61c0 0x40088272:0x3ffb61e0 0x40087e41:0x00000000 |<-CORRUPTED




ELF file SHA256: 35a850651a

Rebooting...
ets Jul 29 2019 12:21:46

rst:0xc (SW
clk_drv:0x00,q_drv:0x00,d_drv:0x00,cs0_drv:0x00,hd_drv:0x00,wp_drv:0x00
mode:DIO, clock div:2
load:0x3fff0030,len:7076
load:0x40078000,len:15576
load:0x40080400,len:4
load:0x40080404,len:3876
entry 0x4008064c
[0;32mI (29) boot: ESP-IDF v5.1 2nd stage bootloader[0m
[0;32mI (29) boot: compile time Jul 11 2025 09:00:32[0m
[0;32mI (29) boot: Multicore bootloader[0m
[0;32mI (33) boot: chip revision: v3.1[0m
[0;32mI (37) boot.esp32: SPI Speed      : 40MHz[0m
[0;32mI (42) boot.esp32: SPI Mode       : DIO[0m
[0;32mI (46) boot.esp32: SPI Flash Size : 2MB[0m
[0;32mI (51) boot: Enabling RNG early entropy source...[0m
[0;32mI (56) boot: Partition Table:[0m
[0;32mI (60) boot: ## Label            Usage          Type ST Offset   Length[0m
[0;32mI (67) boot:  0 nvs              WiFi data        01 02 00009000 00006000[0m
[0;32mI (75) boot:  1 phy_init         RF data          01 01 0000f000 00001000[0m
[0;32mI (82) boot:  2 factory          factory app      00 00 00010000 00100000[0m
[0;32mI (90) boot: End of partition table[0m
[0;32mI (94) esp_image: segment 0: paddr=00010020 vaddr=3f400020 size=09c08h ( 39944) map[0m
[0;32mI (117) esp_image: segment 1: paddr=00019c30 vaddr=3ffb0000 size=02148h (  8520) load[0m
[0;32mI (120) esp_image: segment 2: paddr=0001bd80 vaddr=40080000 size=04298h ( 17048) load[0m
[0;32mI (130) esp_image: segment 3: paddr=00020020 vaddr=400d0020 size=14cf0h ( 85232) map[0m
[0;32mI (162) esp_image: segment 4: paddr=00034d18 vaddr=40084298 size=07dech ( 32236) load[0m
[0;32mI (181) boot: Loaded app from partition at offset 0x10000[0m
[0;32mI (182) boot: Disabling RNG early entropy source...[0m
[0;32mI (193) cpu_start: Multicore app[0m
[0;32mI (193) cpu_start: Pro cpu up.[0m
[0;32mI (193) cpu_start: Starting app cpu, entry point is 0x400810fc[0m
[0;32mI (182) cpu_start: App cpu up.[0m
[0;32mI (211) cpu_start: Pro cpm
[0;32mI (212) cpu_start: cpu freq: 160000000 Hz[0m
[0;32mI (212) cpu_start: Application information:[0m
[0;32mI (216) cpu_start: Project name:     blinking_led[0m
[0;32mI (222) cpu_start: App version:      bfb586c-dirty[0m
[0;32mI (227) cpu_start: Compile time:     Jul 11 2025 08:59:55[0m
[0;32mI (233) cpu_start: ELF file SHA256:  35a4e2c81850651a...[0m
[0;32mI (239) cpu_start: ESP-IDF:          v5.1[0m
[0;32mI (244) cpu_start: Min chip rev:     v0.0[0m
[0;32mI (249) cpu_start: Max chip rev:     v3.99 [0m
[0;32mI (253) cpu_start: Chip rev:         v3.1[0m
[0;32mI (258) heap_init: Initializing. RAM available for dynamic allocation:[0m
[0;32mI (266) heap_init: At 3FFAE6E0 len 00001920 (6 KiB): DRAM[0m
[0;32mI (271) heap_init: At 3FFB29B0 len 0002D650 (181 KiB): DRAM[0m
[0;32mI (278) heap_init: At 3FFE0440 len 00003AE0 (14 KiB): D/IRAM[0m
[0;32mI (284) heap_init: At 3FFE4350 len 0001BCB0 (111 KiB): D/IRAM[0m
[0;32mI (290) heap_init: At 4008C084 len 00013F7C (79 KiB): IRAM[0m
[0;32mI (298) spi_flash: detected chip: generic[0m
[0;32mI (301) spi_flash: flash io: dio[0m
[0;33mW (305) spi_flash: Detected size(4096k) larger than the size in the binary image header(2048k). Using the size in the binary image header.[0m
[0;32mI (319) app_start: Starting scheduler on CPU0[0m
[0;32mI (323) app_start: Starting scheduler on CPU1[0m
[0;32mI (323) main_task: Started on CPU0[0m
[0;32mI (333) main_task: Calling app_main()[0m
Init LED GPIOs.
[0;32mI (333) gpio: GPIO[4]| InputEn: 0| OutputEn: 0| OpenDrain: 0| Pullup: 1| Pulldown: 0| Intr:0 [0m
[0;32mI (343) gpio: GPIO[33]| InputEn: 0| OutputEn: 0| OpenDrain: 0| Pullup: 1| Pulldown: 0| Intr:0 [0m
Create semaphore.
Start simulation.
stand-by
[0;32mI (353) main_task: R
***ERROR*** A stack overflow in task simulation_task has been detected.


Backtrace: 0x4008171e:0x3ffb60e0 0x4008577d:0x3ffb6100 0x40088172:0x3ffb6120 0x40086c57:0x3ffb61a0 0x400882c0:0x3ffb61c0 0x40088272:0x3ffb61e0 0x40087e41:0x00000000 |<-CORRUPTED




ELF file SHA256: 35a4e2c81850651a

Rebooting...
ets Jul 29 2019 12:21:46

rst:0xc (SW_CPU_RESET),boot:0x13 (SPI_FAST_FLASH_BOOT)
configsip: 0, SPIWP:0xee
clk_drv:0x00,q_drv:0x00,d_drv:0x00,cs0_drv:0x00,hd_drv:0x00,wp_drv:0x00
mode:DIO, clock div:2
load:0x3fff0030,len:7076
load:0x40078000,len:15576
load:0x40080400,len:4
load:0x40080404,len:3876
entry 0x4008064c
[0;32mI (29) boot: ESP-IDF v5.1 2nd stage bootloader[0m
[0;32mI (29) boot: compile time Jul 11 2025 09:00:32[0m
[0;32mI (29) boot: Multicore bootloader[0m
[0;32mI (33) boot: chip revision: v3.1[0m
[0;32mI (37) boot.esp32: SPI Speed      : 40MHz[0m
[0;32mI (42) boot.esp32: SPI Mode       : DIO[0m
[0;32mI (46) boot.esp32: SPI Flash Size : 2MB[0m
[0;32mI (51) boot: Enabling RNG early entropy source...[0m
[0;32mI (56) boot: Partition Table:[0m
[0;32mI (60) boot: ## Label            Usage          Type ST Offset   Length[0m
[0;32mI (67) boot:  0 nvs              WiFi data        01 02 00009000 00006000[0m
[0;32mI (75) boot:  1 phy_init         RF dat 0000f000 00001000[0m
[0;32mI (82) boot:  2 factory          factory app      00 00 00010000 00100000[0m
[0;32mI (90) boot: End of partition table[0m
[0;32mI (94) esp_image: segment 0: paddr=00010020 vaddr=3f400020 [0;32mI (117) esp_image: segment 1: paddr=00019c30 vaddr=3ffb0000 size=02148h (  8520) load[0m
[0;32mI (120) esp_image: segment 2: paddr=0001bd80 vaddr=40080000 size=04298h ( 17048) load[0m
[0;32mI (130) esp_image: segment 3: paddr=00020020 vaddr=400d0020 size=14cf0h ( 85232) map[0m
[0;32mI (162) esp_image: segment 4: paddr=00034d18 vaddr=40084298 size=07dech ( 32236) load[0m
[0;32mI (181) boot: Loaded app from partition at offset 0x10000[0m
[0;32mI (182) boot: Disabling RNG early entropy source...[0m
[0;32mI (193) cpu_start: lticore app[0m
[0;32mI (193) cpu_start: Pro cpu up.[0m
[0;32mI (193) cpu_start: Starting a810fc[0m
[0;32mI (182) cpu_start: App cpu up.[0m
[0;32mI (211) cpu_start: Pro cpu start user code[0m
[0;32mI (212) cpu_start: cpu freq: 160000000 Hz[0m
[0;32mI (212) cpu_start: Application information:cpu_start: App version:      bfb586c-dirty[0m
[0;32mI (227) cpu_start: Compile time:     Jul 11 2025 08:59:55[0m
[0;32mI (233) cpu_start: ELF file SHA256:  35a4e2c81850651a...[0m
[0;32mI (239) cpu_start: ESP-IDF:          v5.1[0m
[0;32mI (244) cpu_start: Min chip rev:     v0.0[0m
[0;32mI (249) cpu_start: Max chip rev:     v3.99 [0m
[0;32mI (253) cpu_start: Chip rev:         v3.1[0m
[0;32mI (258) heap_init: Initializing. RAM available for dynamic allocation:[0m
[0;32mI (266) heap_init: At 3FFAE6E0 len 00001920 (6 KiB): DRAM[0m
[0;32mI (271) heap_init: At 3FFB29B0 len 0002D650 (181 KiB): DRAM[0m
[0;32mI (278) heap_init: At 3FFE0440 len  (14 KiB): D/IRAM[0m
[0;32mI (284) heap_init: At 3FFE4350 len 0001BCB0 (111 KiB): D/IRAM[0m
[0;32mI (290) heap_init: At 4008C084 len 00013F7C (79 KiB): IRAM[0m
[0;32mI (298) spi_flash: detected chip: generic[0m
[0;32mI (301) spi_flash: flash io: dio[0m
[0;33mW (305) spi_flash: Detected size(4096k) larger than the size in the binary image header(2048k). Using the size in the binary image header.[0m
[0;32mI (319) app_start: Starting scheduler on CPU0[0m
[0;32mI (323) app_start: Starting scheduler on CPU1[0m
[0;32mI (323) main_task: Started on CPU0[0m
[0;32mI (333) main_task: Calling app_main()[0m
Init LED GPIOs.
[0;32mI (333) gpio: GPIO[4]| InputEn: 0| OutputEn: 0| OpenDrain: 0| Pullup: 1| Pulldown: 0| Intr:0 [0m
[0;32mI (343) gpio: GPIO[33]| InputEn: 0| OutputEn: 0| OpenDrain: 0| Pullup: 1| Pulldown: 0| Intr:0 [0m
Create semaphore.
Start simulation.
stand-by
[0;32mI (353) main_task: R
***ERROR*** A stack overflow in task simulation_task has been detected.


Backtrace: 0x4008171e:0x3ffb60e0 0x4008577d:0x3ffb6100 0x40088172:0x3ffb6120 0x40086c57:0x3ffb61a0 0x400882c0:0x3ffb61c0 0x40088272:0x3ffb61e0 0x40087e41:0x00000000 |<-CORRUPTED




ELF file SHA256: 35a4e2c81850651a

Rebooting...
ets Jul 29 2019 12:21:46

rst:0xc (SW_CPU_RESET),boot:0x13 (SPI_FAST_FLASH_BOOT)
configsip: 0, SPIWP:0xee
clk_drv:0x00,q_drv:0x00,d_drv:0x00,cs0_drv:0x00,hd_drv:0x00,wp_drv:0x00
mode:DIO, clock div:2
load:0x3fff0030,len:7076
load:0x40078000,len:15576
load:0x40080400,len:4
load:0x40080404,len:3876
entry 0x4008064c
[0;32mI (29) boot: ESP-IDF v5.1 2nd stage bootloader[0m
[0;32mI (29) boot: compiloot: Multicore bootloader[0m
[0;32mI (33) boot: chip revision : 40MHz[0m
[0;32mI (42) boot.esp32: SPI Mode       : DIO[0m
[0;32mI (46) boot.esp32: SPI Flash Size : 2MB[0m
[0;32mI (51) boot: Enabling RNG early entropy source...[0m
[0;32mI (56) boot: Partition Table:[0m
[0;32mI (60) boot: ## Label            Usage          Type ST Offset   Length[0m
[0;32mI (67) boot:  0 nvs              WiFi data        01 02 00009000 00006000[0m
[0;32mI (75) boot:  1 phy_init         RF data          01 01 0000f000 00001000[0m
[0;32mI (82) boot:  2 factory          factory app      00 00 00010000 00100000[0m
[0;32mI (90
[0;32mI (94) esp_image: segment 0: paddr=00010020 vaddr=3f400020 size=09c08h ( 39944) map[0m
[0;32mI (117) esp_image: segment 1: paddr=00019c30 vaddr=3ffb0000 size=02148h (  8520) load[0m
[0;32mI (120) esp_image: segment 2: paddr=0001bd80 vaddr=40080000 size=04298h ( 17048) load[0m
[0;32mI (130) esp_image: segment 3: paddr=00020020 vaddr=40p[0m
[0;32mI (162) esp_image: segment 4: paddr=00034d18 vaddr=40084298 size=07dech ( 32236) load[0m
[0;32mI (181) boot: Loaded app from partition at offset 0x10000[0m
[0;32mI (182) boot: Disabling RNG early entropy source.tart: Multicore app[0m
[0;32mI (193) cpu_start: Pro cpu up.[0m
[0;32mI (193) cpu_start: Starting app cpu, entry point is 0x400810fc[0m
[0;32mI (182) cpu_start: App cpu up.[0m
[0;32mI (211) cpu_start: Pro cpu start user code[0m
[0;32mI (212) cpu_start: cpu freq: 160000000 Hz[0m
[0;32mI (212) cpu_start: Application information:ame:     blinking_led[0m
[0;32mI (222) cpu_start: App versiontart: Compile time:     Jul 11 2025 08:59:55[0m
[0;32mI (233) cpu_start: ELF file SHA256:  35a4e2c81850651a...[0m
[0;32mI rev:     v3.99 [0m
[0;32mI (253) cpu_start: Chip rev:         v3.1[0m
[0;32mI (258) heap_init: Initializing. RAM available for dynamic allocation:[0m
[0;32mI (266) heap_init: At 3FFAE6E0 len 00001920 (6 KiB): DRAM[0m
[0;32mI (271) heap_init: At 3FFB29B0 len 0002D650 (181 KiB): DRAM[0m
[0;32mI (278) heap_init: At 3FFE0440 len 00003AE0 (14 KiB): D/IRAM[0m
[0;32mI (284) heap_init: At 3FFE4350 len 0001BCB0 (111 KiB): D/IRAM[0m
[0;32mI (290) heap_init: At 4008C084 len 00013F7C (79 KiB): IRAM[0m
[0;32mI (298) spi_flash: detected chip: generic[0m
[0;32mI (301) spi_flash: flash io: dio[0m
[0;33mW (305) spi_flash: Detected size(4096k) larger than the size in the binary image header(2048k). Using the size in the binary image header.[0m
[0;32mI (319) app_start: Starting scheduler on CPU0[0m
[0;32mI (323) app_start: Starting scheduler on CPU1[0m
[0;32mI (323) main_task: Started on CPU0[0m
[0;32mI (333) main_task: Calling app_main()[0m
Init LED GPIOs.
[0;32mI (333) gpio: GPIO[4]| InputEn: 0| OutputEn: 0| OpenDrain: 0| Pullup: 1| Pulldown: 0| Intr:0 [0m
[0;32mI (343) gpio: GPIO[33]| InputEn: 0| OutputEn: 0| OpenDrain: 0| Pullup: 1| Pulldown: 0| Intr:0 [0m
Create semaphore.
Start simulation.
stand-by
[0;32mI (353) main_task: R
***ERROR*** A stack overflow in task simulation_task has been detected.


Backtrace: 0x4008171e:0x3ffb60e0 0x4008577d:0x3ffb6100 0x40088172:0x3ffb6120 0x40086c57:0x3ffb61a0 0x400882c0:0x3ffb61c0 0x40088272:0x3ffb61e0 0x40087e41:0x00000000 |<-CORRUPTED




ELF file SHA256: 35a4e2c81850651a

Rebooting...
ets Jul 29 2019 12:21:46

rst:0xc (SW_CPU_RESET),boot:0x13 (SPI_FAST_FLASH_BOOT)
configsip: 0, SPIWP:0xee
clk_drv:0x00,q_drv:0x00,d_drv:0x00,cs0_drv:0x00,hd_drv:0x00,wp_drv:0x00
mode:DIO, clock div:2
load:0x3fff0030,len:7076
load:0x40078000,len:15576
load:0x40080400,len:4
load:0x40080404,len:3876
entry 0x4008064c
[0;32mI (29) boot: ESP-IDF v5.1 2nd stage bootloader[0m
[0;32mI (29) boot: compile time Jul 11 2025 09:00:32[0m
[0;32mI (29) boot: Multicore bootloader[0m
[0;32mI (33) boot: chip revision: v3.1[0m
[0;32mI (37) boot.esp32: SPI Speed      : 40MHz[0m
[0;32mI (42) boot.esp32: SPI Mode       : DIO[0m
[0;32mI (46) boot.esp32: SPI Flash Size : 2MB[0m
[0;32mI (51) boo     RF data          01 01 0000f000 00001000[0m
[0;32mI (82)0100000[0m
[0;32mI (90) boot: End of partition table[0m
[0mI (162) esp_image: segment 4: paddr=00034d18 vaddr=40084298 size=07dech ( 32236) load[0m
[0;32mI (181) boot: Loaded app from partition at offset 0x10000[0m
[0;32mI (182) boot: Disabling RNG early entropy source..._start: Starting app cpu, entry point is 0x400810fc[0m
[0;32mI (182) cpu_start: App cpu up.[0m
[0;32mI (211) cpu_start: Pro cpu start user code[0m
[0;32mI (212) cpu_start: cpu freq: 160000000 Hz[0m
[0;32mI (212) cpu_start: Application information:[0m
[0;32mI (216) cpu_start: Project name:     blinking_led[0m
[0;32mI (222) cpu_start: App version:      bfb586c-dirty[0m
[0;32mI (227) cpu_start: Compile time:     Jul 11 2025 08:59:55[0m
[0;32mI (233) cpu_start: ELF file SHA256:  35a4e2c81850651a...[0m
[0;32mI (239) cpu_start: ESP-IDF:          v5.1[0m
[0;32mI (244) cpu_start: Min chip rev:     v0.0[0m
[0;32mI (249) cpu_start: Max chip rev:     v3.99 [0m
[0;32mI (253) cpu_start: Chip rev:         v3.1[0m
[0;32mI (258) heap_init: Initializing. RAM available for dynamic allocation:[0m
[0;32mI (266) heap_init: At 3FFAE6E0 len 00001920 (6 KiB): DRAM[0m
[0;32mI (271) heap_init: At 3FFB29B0 len 0002D650 (181 KiB): DRAM[0m
[0;32mI (278) heap_init: At 3FFE0440 len 00003AE0 (14 KiB): D/IRAM[0m
[0;32mI (284) heap_init: At 3FFE4350 len 0001BCB0 (111 KiB): D/IRAM[0m
[0;32mI (290) heap_init: At 4008C084 len 00013F7C (79 KiB): IRAM[0m
[0;32mI (298) spi_flash: detected chip: generic[0m
[0;32mI (301) spi_flash: flash io: dio[0m
[0;33mW (305) spi_flash: Detected size(4096k) larger than the size in the binary image header(2048k). Using the size in the binary image header.[0m
[0;32mI (319) app_start: Starting scheduler on CPU0[0m
[0;32mI (323) app_start: Starting scheduler on CPU1[0m
[0;32mI (323) main_task: Started on CPU0[0m
[0;32mI (333) main_task: Calling app_main()[0m
Init LED GPIOs.
[0;32mI (333) gpio: GPIO[4]| InputEn: 0| OutputEn: 0| OpenDrain: 0| Pullup: 1| Pulldown: 0| Intr:0 [0m
[0;32mI (343) gpio: GPIO[33]| InputEn: 0| OutputEn: 0| OpenDrain: 0| Pullup: 1| Pulldown: 0| Intr:0 [0m
Create semaphore.
Start simulation.
stand-by
[0;32mI (353) main_task: R
***ERROR*** A stack overflow in task simulation_task has been detected.


Backtrace: 0x4008171e:0x3ffb60e0 0x4008577d:0x3ffb6100 0x40088172:0x3ffb6120 0x40086c57:0x3ffb61a0 0x400882c0:0x3ffb61c0 0x40088272:0x3ffb61e0 0x40087e41:0x00000000 |<-CORRUPTED




ELF file SHA256: 35a4e2c81850651a

Rebooting...
ets Jul 29 2019 12:21:46

rst:0xc (SW_CPU_RESET),boot:0x13 (SPI_FAST_FLASH_BOOT)
configsip: 0, SPIWP:0xee
clk_drv:0x00,q_drv:0x00,d_drv:0x00,cs0_drv:0x00,hd_drv:0x00,wp_drv:0x00
mode:DIO, clock div:2
load:0x3fff0030,len:7076
load:0x40078000,len:15576
load:0x40080400,len:4
load:0x40080404,len:3876
entry 0x4008064c
[0;32mI (29) boot: ESP-IDF v5.1 2nd stage bootloader[0m
[0;32mI (29) boot: compile time Jul 11 2025 09:00:32[0m
[0;32mI (29) boot: Multicore bootloader[0m
[0;32mI (33) boot: chip revision: v3.1[0m
[0;32mI (37) boot.esp32: SPI Speed      : 40MHz[0m
[0;32mI (42) boot.esp32: SPI Mode       : DIO[0m
[0;32mI (46) boot.esp32: SPI Flash Size : 2MB[0m
[0;32mI (51) boot: Enabling RNG early entropy source...[0m
[0;32mI (56) boot: Partition Table:[0m
[0;32mI (60) boot: ## Label            Usage          Type ST Offset   Length[0m
[0;32mI (67) boot:  0 nvs              WiFi data        01 02 00009000 00006000[0m
[0;32mI (75) boot:  1 phy_init         RF data          01 01 0000f000 00001000[0m
[0;32mI (82) boot:  2 factory          factory app      00 00 00010000 00100000[0m
[0;32mI (90) boot: End of partition table[0m
[0;32mI (94) esp_image: segment 0: paddr=00010020 vaddr=3f400020 size=09c08h ( 39944) map[0m
[0;32mI (117) esp_image: segment 1: paddr=00019c30 vaddr=3ffb0000 size=02148h (  8520) load[0m
[0;32mI (120) esp_image: segment 2: paddr=0001bd80 vaddr=40080000 size=04298h ( 17048) load[0m
[0;32mI (130) esp_image: segment 3: paddr=00020020 vaddr=400d0020 size=14cf0h ( 85232) map[0m
[0;32mI (162) esp_image: segment 4: paddr=00034d18 vaddr=40084298 size=07dech ( 32236) load[0m
[0;32mI (181) boot: Loaded app from partition at offset 0x10000[0m
[0;32mI (182) boot: Disabling RNG early entropy source...[0m
[0;32mI (193) cpu_start: Multicore app[0m
[0;32mI (193) cpu_start: Pro cpu up.[0m
[0;32mI (193) cpu_start: Starting app cpu, entry point is 0x400810fc[0m
[0;32mI (182) cpu_start: App cpu up.[0m
[0;32mI (211) cpu_start: Pro cpu start user code[0m
[0;32mI (212) cpu_start: cpu freq: 160000000 Hz[0m
[0;32mI (212) cpu_start: Application information:[0m
[0;32mI (216) cpu_start: Project name:     blinking_led[0m
[0;32mI (222) cpu_start: App version:      bfb586c-dirty[0m
[0;32mI (227) cpu_start: Compile time:     Jul 11 2025 08:59:55[0m
[0;32mI (233) cpu_start: ELF file SHA256:  35a4e2c81850651a...[0m
[0;32mI (239) cpu_start: ESP-IDF:          v5.1[0m
[0;32mI (244) cpu_start: Min chip rev:     v0.0[0m
[0;32mI (249) cpu_start: Max chip rev:     v3.99 [0m
[0;32mI (253) cpu_start: Chip rev:         v3.1[0m
[0;32mI (258) heap_init: Initializing. RAM available for dynamic allocation:[0m
[0;32mI (266) heap_init: At 3FFAE6E0 len 00001920 (6 KiB): DRAM[0m
[0;32mI (271) heap_init: At 3FFB29B0 len 0002D650 (181 KiB): DRAM[0m
[0;32mI (278) heap_init: At 3FFE0440 len 00003AE0 (14 KiB): D/IRAM[0m
[0;32mI (284) heap_init: At 3FFE4350 len 0001BCB0 (111 KiB): D/IRAM[0m
[0;32mI (290) heap_init: At 4008C084 len 00013F7C (79 KiB): IRAM[0m
[0;32mI (298) spi_flash: detected chip: generic[0m
[0;32mI (301) spi_flash: flash io: dio[0m
[0;33mW (305) spi_flash: Detected size(4096k) larger than the size in the binary image header(2048k). Using the size in the binary image header.[0m
[0;32mI (319) app_start: Starting scheduler on CPU0[0m
[0;32mI (323) app_start: Starting scheduler on CPU1[0m
[0;32mI (323) main_task: Started on CPU0[0m
[0;32mI (333) main_task: Calling app_main()[0m
Init LED GPIOs.
[0;32mI (333) gpio: GPIO[4]| InputEn: 0| OutputEn: 0| OpenDrain: 0| Pullup: 1| Pulldown: 0| Intr:0 [0m
[0;32mI (343) gpio: GPIO[33]| InputEn: 0| OutputEn: 0| OpenDrain: 0| Pullup: 1| Pulldown: 0| Intr:0 [0m
Create semaphore.
Start simulation.
stand-by
[0;32mI (353) main_task: R
***ERROR*** A stack overflow in task simulation_task has been detected.


Backtrace: 0x4008171e:0x3ffb60e0 0x4008577d:0x3ffb6100 0x40088172:0x3ffb6120 0x40086c57:0x3ffb61a0 0x400882c0:0x3ffb61c0 0x40088272:0x3ffb61e0 0x40087e41:0x00000000 |<-CORRUPTED




ELF file SHA256: 35a4e2c81850651a

Rebooting...
ets Jul 29 2019 12:21:46

rst:0xc (SW_CPU_RESET),boot:0x13 (SPI_FAST_FLASH_BOOT)
configsip: 0, SPIWP:0xee
clk_drv:0x00,q_drv:0x00,d_drv:0x00,cs0_drv:0x00,hd_drv:0x00,wp_drv:0x00
mode:DIO, clock div:2
load:0x3fff0030,len:7076
load:0x40078000,len:15576
load:0x40080400,len:4
load:0x40080404,len:3876
entry 0x4008064c
[0;32mI (29) boot: ESP-IDF v5.1 2nd stage bootloader[0m
[0;32mI (29) boot: compile time Jul 11 2025 09:00:32[0m
[0;32mI (29) boot: Multicore bootloader[0m
[0;32mI (33) boot: chip revision: v3.1[0m
[0;32mI (37) boot.esp32: SPI Speed      : 40MHz[0m
[0;32mI (42) boot.esp32: SPI Mode       : DIO[0m
[0;32mI (46) boot.esp32: SPI Flash Size : 2MB[0m
[0;32mI (51) boot: Enabling RNG early entropy source...[0m
[0;32mI (56) boot: Partition Table:[0m
[0;32mI (60) boot: ## Label            Usage          Type ST Offset   Length[0m
[0;32mI (67) boot:  0 nvs              WiFi data        01 02 00009000 00006000[0m
[0;32mI (75) boot:  1 phy_init         RF data          01 01 0000f000 00001000[0m
[0;32mI (82) boot:  2 factory          factory app      00 00 00010000 00100000[0m
[0;32mI (90) boot: End of partition table[0m
[0;32mI (94) esp_image: segment 0: paddr=00010020 vaddr=3f400020 size=09c08h ( 39944) map[0m
[0;32mI (117) esp_image: segment 1: paddr=00019c30 vaddr=3ffb0000 size=02148h (  8520) load[0m
[0;32mI (120) esp_image: segment 2: paddr=0001bd80 vaddr=40080000 size=04298h ( 17048) load[0m
[0;32mI (130) esp_image: segment 3: paddr=00020020 vaddr=400d0020 size=14cf0h ( 85232) map[0m
[0;32mI (162) esp_image: segment 4: paddr=00034d18 vaddr=40084298 size=07dech ( 32236) load[0m
[0;32mI (181) boot: Loaded app from partition at offset 0x10000[0m
[0;32mI (182) boot: Disabling RNG early entropy source...[0m
[0;32mI (193) cpu_start: Multicore app[0m
[0;32mI (193) cpu_start: Pro cpu up.[0m
[0;32mI (193) cpu_start: Starting app cpu, entry point is 0x400810fc[0m
[0;32mI (182) cpu_start: App cpu up.[0m
[0;32mI (211) cpu_start: Pro cpu start user code[0m
[0;32mI (212) cpu_start: cpu freq: 160000000 Hz[0m
[0;32mI (212) cpu_start: Application information:[0m
[0;32mI (216) cpu_start: Project name:     blinking_led[0m
[0;32mI (222) cpu_start: App version:      bfb586c-dirty[0m
[0;32mI (227) cpu_start: Compile time:     Jul 11 2025 08:59:55[0m
[0;32mI (233) cpu_start: ELF file SHA256:  35a4e2c81850651a...[0m
[0;32mI (239) cpu_start: ESP-IDF:          v5.1[0m
[0;32mI (244) cpu_start: Min chip rev:     v0.0[0m
[0;32mI (249) cpu_start: Max chip rev:     v3.99 [0m
[0;32mI (253) cpu_start: Chip rev:         v3.1[0m
[0;32mI (258) heap_init: Initializing. RAM available for dynamic allocation:[0m
[0;32mI (266) heap_init: At 3FFAE6E0 len 00001920 (6 KiB): DRAM[0m
[0;32mI (271) heap_init: At 3FFB29B0 len 0002D650 (181 KiB): DRAM[0m
[0;32mI (278) heap_init: At 3FFE0440 len 00003AE0 (14 KiB): D/IRAM[0m
[0;32mI (284) heap_init: At 3FFE4350 len 0001BCB0 (111 KiB): D/IRAM[0m
[0;32mI (290) heap_init: At 4008C084 len 00013F7C (79 KiB): IRAM[0m
[0;32mI (298) spi_flash: detected chip: generic[0m
[0;32mI (301) spi_flash: flash io: dio[0m
[0;33mW (305) spi_flash: Detected size(4096k) larger than the size in the binary image header(2048k). Using the size in the binary image header.[0m
[0;32mI (319) app_start: Starting scheduler on CPU0[0m
[0;32mI (323) app_start: Starting scheduler on CPU1[0m
[0;32mI (323) main_task: Started on CPU0[0m
[0;32mI (333) main_task: Calling app_main()[0m
Init LED GPIOs.
[0;32mI (333) gpio: GPIO[4]| InputEn: 0| OutputEn: 0| OpenDrain: 0| Pullup: 1| Pulldown: 0| Intr:0 [0m
[0;32mI (343) gpio: GPIO[33]| InputEn: 0| OutputEn: 0| OpenDrain: 0| Pullup: 1| Pulldown: 0| Intr:0 [0m
Create semaphore.
Start simulation.
stand-by
[0;32mI (353) main_task: R
***ERROR*** A stack overflow in task simulation_task has been detected.


Backtrace: 0x4008171e:0x3ffb60e0 0x4008577d:0x3ffb6100 0x40088172:0x3ffb6120 0x40086c57:0x3ffb61a0 0x400882c0:0x3ffb61c0 0x40088272:0x3ffb61e0 0x40087e41:0x00000000 |<-CORRUPTED




ELF file SHA256: 35a4e2c81850651a

Rebooting...
ets Jul 29 2019 12:21:46

rst:0xc (SW_CPU_RESET),boot:0x13 (SPI_FAST_FLASH_BOOT)
configsip: 0, SPIWP:0xee
clk_drv:0x00,q_drv:0x00,d_drv:0x00,cs0_drv:0x00,hd_drv:0x00,wp_drv:0x00
mode:DIO, clock div:2
load:0x3fff0030,len:7076
load:0x40078000,len:15576
load:0x40080400,len:4
load:0x40080404,len:3876
entry 0x4008064c
[0;32mI (29) boot: ESP-IDF v5.1 2nd stage bootloader[0m
[0;32mI (29) boot: compile time Jul 11 2025 09:00:32[0m
[0;32mI (29) boot: Multicore bootloader[0m
[0;32mI (33) boot: chip revision: v3.1[0m
[0;32mI (37) boot.esp32: SPI Speed      : 40MHz[0m
[0;32mI (42) boot.esp32: SPI Mode       : DIO[0m
[0;32mI (46) boot.esp32: SPI Flash Size : 2MB[0m
[0;32mI (51) boot: Enabling RNG early entropy source...[0m
[0;32mI (56) boot: Partition Table:[0m
[0;32mI (60) boot: ## Label            Usage          Type ST Offset   Length[0m
[0;32mI (67) boot:  0 nvs              WiFi data        01 02 00009000 00006000[0m
[0;32mI (75) boot:  1 phy_init         RF data          01 01 0000f000 00001000[0m
[0;32mI (82) boot:  2 factory          factory app      00 00 00010000 00100000[0m
[0;32mI (90) boot: End of partition table[0m
[0;32mI (94) esp_image: segment 0: paddr=00010020 vaddr=3f400020 size=09c08h ( 39944) map[0m
[0;32mI (117) esp_image: segment 1: paddr=00019c30 vaddr=3ffb0000 size=02148h (  8520) load[0m
[0;32mI (120) esp_image: segment 2: paddr=0001bd80 vaddr=40080000 size=04298h ( 17048) load[0m
[0;32mI (130) esp_image: segment 3: paddr=00020020 vaddr=400d0020 size=14cf0h ( 85232) map[0m
[0;32mI (162) esp_image: segment 4: paddr=00034d18 vaddr=40084298 size=07dech ( 32236) load[0m
[0;32mI (181) boot: Loaded app from partition at offset 0x10000[0m
[0;32mI (182) boot: Disabling RNG early entropy source...[0m
[0;32mI (193) cpu_start: Multicore app[0m
[0;32mI (193) cpu_start: Pro cpu up.[0m
[0;32mI (193) cpu_start: Starting app cpu, entry point is 0x400810fc[0m
[0;32mI (182) cpu_start: App cpu up.[0m
[0;32mI (211) cpu_start: Pro cpu start user code[0m
[0;32mI (212) cpu_start: cpu freq: 160000000 Hz[0m
[0;32mI (212) cpu_start: Application information:[0m
[0;32mI (216) cpu_start: Project name:     blinking_led[0m
[0;32mI (222) cpu_start: App version:      bfb586c-dirty[0m
[0;32mI (227) cpu_start: Compile time:     Jul 11 2025 08:59:55[0m
[0;32mI (233) cpu_start: ELF file SHA256:  35a4e2c81850651a...[0m
[0;32mI (239) cpu_start: ESP-IDF:          v5.1[0m
[0;32mI (244) cpu_start: Min chip rev:     v0.0[0m
[0;32mI (249) cpu_start: Max chip rev:     v3.99 [0m
[0;32mI (253) cpu_start: Chip rev:         v3.1[0m
[0;32mI (258) heap_init: Initializing. RAM available for dynamic allocation:[0m
[0;32mI (266) heap_init: At 3FFAE6E0 len 00001920 (6 KiB): DRAM[0m
[0;32mI (271) heap_init: At 3FFB29B0 len 0002D650 (181 KiB): DRAM[0m
[0;32mI (278) heap_init: At 3FFE0440 len 00003AE0 (14 KiB): D/IRAM[0m
[0;32mI (284) heap_init: At 3FFE4350 len 0001BCB0 (111 KiB): D/IRAM[0m
[0;32mI (290) heap_init: At 4008C084 len 00013F7C (79 KiB): IRAM[0m
[0;32mI (298) spi_flash: detected chip: generic[0m
[0;32mI (301) spi_flash: flash io: dio[0m
[0;33mW (305) spi_flash: Detected size(4096k) larger than the size in the binary image header(2048k). Using the size in the binary image header.[0m
[0;32mI (319) app_start: Starting scheduler on CPU0[0m
[0;32mI (323) app_start: Starting scheduler on CPU1[0m
[0;32mI (323) main_task: Started on CPU0[0m
[0;32mI (333) main_task: Calling app_main()[0m
Init LED GPIOs.
[0;32mI (333) gpio: GPIO[4]| InputEn: 0| OutputEn: 0| OpenDrain: 0| Pullup: 1| Pulldown: 0| Intr:0 [0m
[0;32mI (343) gpio: GPIO[33]| InputEn: 0| OutputEn: 0| OpenDrain: 0| Pullup: 1| Pulldown: 0| Intr:0 [0m
Create semaphore.
Start simulation.
stand-by
[0;32mI (353) main_task: R
***ERROR*** A stack overflow in task simulation_task has been detected.


Backtrace: 0x4008171e:0x3ffb60e0 0x4008577d:0x3ffb6100 0x40088172:0x3ffb6120 0x40086c57:0x3ffb61a0 0x400882c0:0x3ffb61c0 0x40088272:0x3ffb61e0 0x40087e41:0x00000000 |<-CORRUPTED




ELF file SHA256: 35a4e2c81850651a

Rebooting...
ets Jul 29 2019 12:21:46

rst:0xc (SW_CPU_RESET),boot:0x13 (SPI_FAST_FLASH_BOOT)
configsip: 0, SPIWP:0xee
clk_drv:0x00,q_drv:0x00,d_drv:0x00,cs0_drv:0x00,hd_drv:0x00,wp_drv:0x00
mode:DIO, clock div:2
load:0x3fff0030,len:7076
load:0x40078000,len:15576
load:0x40080400,len:4
load:0x40080404,len:3876
entry 0x4008064c
[0;32mI (29) boot: ESP-IDF v5.1 2nd stage bootloader[0m
[0;32mI (29) boot: compile time Jul 11 2025 09:00:32[0m
[0;32mI (29) boot: Multicore bootloader[0m
[0;32mI (33) boot: chip revision: v3.1[0m
[0;32mI (37) boot.esp32: SPI Speed      : 40MHz[0m
[0;32mI (42) boot.esp32: SPI Mode       : DIO[0m
[0;32mI (46) boot.esp32: SPI Flash Size : 2MB[0m
[0;32mI (51) boot: Enabling RNG early entropy source...[0m
[0;32mI (56) boot: Partition Table:[0m
[0;32mI (60) boot: ## Label            Usage          Type ST Offset   Length[0m
[0;32mI (67) boot:  0 nvs              WiFi data        01 02 00009000 00006000[0m
[0;32mI (75) boot:  1 phy_init         RF data          01 01 0000f000 00001000[0m
[0;32mI (82) boot:  2 factory          factory app      00 00 00010000 00100000[0m
[0;32mI (90) boot: End of partition table[0m
[0;32mI (94) esp_image: segment 0: paddr=00010020 vaddr=3f400020 size=09c08h ( 39944) map[0m
[0;32mI (117) esp_image: segment 1: paddr=00019c30 vaddr=3ffb0000 size=02148h (  8520) load[0m
[0;32mI (120) esp_image: segment 2: paddr=0001bd80 vaddr=40080000 size=04298h ( 17048) load[0m
[0;32mI (130) esp_image: segment 3: paddr=00020020 vaddr=400d0020 size=14cf0h ( 85232) map[0m
[0;32mI (162) esp_image: segment 4: paddr=00034d18 vaddr=40084298 size=07dech ( 32236) load[0m
[0;32mI (181) boot: Loaded app from partition at offset 0x10000[0m
[0;32mI (182) boot: Disabling RNG early entropy source...[0m
[0;32mI (193) cpu_start: Multicore app[0m
[0;32mI (193) cpu_start: Pro cpu up.[0m
[0;32mI (193) cpu_start: Starting app cpu, entry point is 0x400810fc[0m
[0;32mI (182) cpu_start: App cpu up.[0m
[0;32mI (211) cpu_start: Pro cpu start user code[0m
[0;32mI (212) cpu_start: cpu freq: 160000000 Hz[0m
[0;32mI (212) cpu_start: Application information:[0m
[0;32mI (216) cpu_start: Project name:     blinking_led[0m
[0;32mI (222) cpu_start: App version:      bfb586c-dirty[0m
[0;32mI (227) cpu_start: Compile time:     Jul 11 2025 08:59:55[0m
[0;32mI (233) cpu_start: ELF file SHA256:  35a4e2c81850651a...[0m
[0;32mI (239) cpu_start: ESP-IDF:          v5.1[0m
[0;32mI (244) cpu_start: Min chip rev:     v0.0[0m
[0;32mI (249) cpu_start: Max chip rev:     v3.99 [0m
[0;32mI (253) cpu_start: Chip rev:         v3.1[0m
[0;32mI (258) heap_init: Initializing. RAM available for dynamic allocation:[0m
[0;32mI (266) heap_init: At 3FFAE6E0 len 00001920 (6 KiB): DRAM[0m
[0;32mI (271) heap_init: At 3FFB29B0 len 0002D650 (181 KiB): DRAM[0m
[0;32mI (278) heap_init: At 3FFE0440 len 00003AE0 (14 KiB): D/IRAM[0m
[0;32mI (284) heap_init: At 3FFE4350 len 0001BCB0 (111 KiB): D/IRAM[0m
[0;32mI (290) heap_init: At 4008C084 len 00013F7C (79 KiB): IRAM[0m
[0;32mI (298) spi_flash: detected chip: generic[0m
[0;32mI (301) spi_flash: flash io: dio[0m
[0;33mW (305) spi_flash: Detected size(4096k) larger than the size in the binary image header(2048k). Using the size in the binary image header.[0m
[0;32mI (319) app_start: Starting scheduler on CPU0[0m
[0;32mI (323) app_start: Starting scheduler on CPU1[0m
[0;32mI (323) main_task: Started on CPU0[0m
[0;32mI (333) main_task: Calling app_main()[0m
Init LED GPIOs.
[0;32mI (333) gpio: GPIO[4]| InputEn: 0| OutputEn: 0| OpenDrain: 0| Pullup: 1| Pulldown: 0| Intr:0 [0m
[0;32mI (343) gpio: GPIO[33]| InputEn: 0| OutputEn: 0| OpenDrain: 0| Pullup: 1| Pulldown: 0| Intr:0 [0m
Create semaphore.
Start simulation.
stand-by
[0;32mI (353) main_task: R
***ERROR*** A stack overflow in task simulation_task has been detected.


Backtrace: 0x4008171e:0x3ffb60e0 0x4008577d:0x3ffb6100 0x40088172:0x3ffb6120 0x40086c57:0x3ffb61a0 0x400882c0:0x3ffb61c0 0x40088272:0x3ffb61e0 0x40087e41:0x00000000 |<-CORRUPTED




ELF file SHA256: 35a4e2c81850651a

Rebooting...
ets Jul 29 2019 12:21:46

rst:0xc (SW_CPU_RESET),boot:0x13 (SPI_FAST_FLASH_BOOT)
configsip: 0, SPIWP:0xee
clk_drv:0x00,q_drv:0x00,d_drv:0x00,cs0_drv:0x00,hd_drv:0x00,wp_drv:0x00
mode:DIO, clock div:2
load:0x3fff0030,len:7076
load:0x40078000,len:15576
load:0x40080400,len:4
load:0x40080404,len:3876
entry 0x4008064c
[0;32mI (29) boot: ESP-IDF v5.1 2nd stage bootloader[0m
[0;32mI (29) boot: compile time Jul 11 2025 09:00:32[0m
[0;32mI (29) boot: Multicore bootloader[0m
[0;32mI (33) boot: chip revision: v3.1[0m
[0;32mI (37) boot.esp32: SPI Speed      : 40MHz[0m
[0;32mI (42) boot.esp32: SPI Mode       : DIO[0m
[0;32mI (46) boot.esp32: SPI Flash Size : 2MB[0m
[0;32mI (51) boot: Enabling RNG early entropy source...[0m
[0;32mI (56) boot: Partition Table:[0m
[0;32mI (60) boot: ## Label            Usage          Type ST Offset   Length[0m
[0;32mI (67) boot:  0 nvs              WiFi data        01 02 00009000 00006000[0m
[0;32mI (75) boot:  1 phy_init         RF data          01 01 0000f000 00001000[0m
[0;32mI (82) boot:  2 factory          factory app      00 00 00010000 00100000[0m
[0;32mI (90) boot: End of partition table[0mp_image: segment 0: paddr=00010020 vaddr=3f400020 size=09c08h ( 39944) map[0m
[0;32mI (117) esp_image: segment 1: paddr=00019c30 vaddr=3ffb0000 size=02148h (  8520) load[0m
[0;32mI (120) esp_image: segment 2: paddr=0001bd80 vaddr=40080000 size=04298h ( 17048) load[0m
[0;32mI (130) esp_image: segment 3: paddr=00020020 vaddr=400d0020 size=14cf0h ( 85232) map[0m
[0;32mI (162) esp_image: segment 4: paddr=00034d18 vaddr=40084298 size=07dech ( 32236) load[0m
[0;32mI (181) boot: Loaded app from partition at offset 0x10000[0m
[0;32mI (182) boot: Disabling RNG early entropy source...[0m
[0;32mI (193) cpu_start: Multicore app[0m
[0;32mI (193) cpu_start: Pro cpu up.[0m
[0;32mI (193) cpu_start: Starting app cpu, entry point is 0x400810fc[0m
[0;32mI (182) cpu_start: App cpu up.[0m
[0;32mI (211) cpu_start: Pro cpu start user code[0m
[0;32mI (212) cpu_start: cpu freq: 160000000 Hz[0m
[0;32mI (212) cpu_start: Application information:[0m
[0;32mI (216) cpu_start: Project name:     blinking_led[0m
[0;32mI (222) cpu_start: App version:      bfb586c-dirty[0m
[0;32mI (227) cpu_start: Compile time:     Jul 11 2025 08:59:55[0m
[0;32mI (233) cpu_start: ELF file SHA256:  35a4e2c81850651a...[0m
[0;32mI (239) cpu_start: ESP-IDF:          v5.1[0m
[0;32mI (244) cpu_start: Min chip rev:     v0.0[0m
[0;32mI (249) cpu_start: Max chip rev:     v3.99 [0m
[0;32mI (253) cpu_start: Chip rev:         v3.1[0m
[0;32mI (258) heap_init: Initializing. RAM available for dynamic allocation:[0m
[0;32mI (266) heap_init: At 3FFAE6E0 len 00001920 (6 KiB): DRAM[0m
[0;32mI (271) heap_init: At 3FFB29B0 len 0002D650 (181 KiB): DRAM[0m
[0;32mI (278) heap_init: At 3FFE0440 len 00003AE0 (14 KiB): D/IRAM[0m
[0;32mI (284) heap_init: At 3FFE4350 len 0001BCB0 (111 KiB): D/IRAM[0m
[0;32mI (290) heap_init: At 4008C084 len 00013F7C (79 KiB): IRAM[0m
[0;32mI (298) spi_flash: detected chip: generic[0m
[0;32mI (301) spi_flash: flash io: dio[0m
[0;33mW (305) spi_flash: Detected size(4096k) larger than the size in the binary image header(2048k). Using the size in the binary image header.[0m
[0;32mI (319) app_start: Starting scheduler on CPU0[0m
[0;32mI (323) app_start: Starting scheduler on CPU1[0m
[0;32mI (323) main_task: Started on CPU0[0m
[0;32mI (333) main_task: Calling app_main()[0m
Init LED GPIOs.
[0;32mI (333) gpio: GPIO[4]| InputEn: 0| OutputEn: 0| OpenDrain: 0| Pullup: 1| Pulldown: 0| Intr:0 [0m
[0;32mI (343) gpio: GPIO[33]| InputEn: 0| OutputEn: 0| OpenDrain: 0| Pullup: 1| Pulldown: 0| Intr:0 [0m
Create semaphore.
Start simulation.
stand-by
[0;32mI (353) main_task: R
***ERROR*** A stack overflow in task simulation_task has been detected.


Backtrace: 0x4008171e:0x3ffb60e0 0x4008577d:0x3ffb6100 0x40088172:0x3ffb6120 0x40086c57:0x3ffb61a0 0x400882c0:0x3ffb61c0 0x40088272:0x3ffb61e0 0x40087e41:0x00000000 |<-CORRUPTED




ELF file SHA256: 35a4e2c81850651a

Rebooting...
ets Jul 29 2019 12:21:46

rst:0xc (SW_CPU_RESET),boot:0x13 (SPI_FAST_FLASH_BOOT)
configsip: 0, SPIWP:0xee
clk_drv:0x00,q_drv:0x00,d_drv:0x00,cs0_drv:0x00,hd_drv:0x00,wp_drv:0x00
mode:DIO, clock div:2
load:0x3fff0030,len:7076
load:0x40078000,len:15576
load:0x40080400,len:4
load:0x40080404,len:3876
entry 0x4008064c
[0;32mI (29) boot: ESP-IDF v5.1 2nd stage bootloader[0m
[0;32mI (29) boot: compile time Jul 11 2025 09:00:32[0m
[0;32mI (29) boot: Multicore bootloader[0m
[0;32mI (33) boot: chip revision: v3.1[0m
[0;32mI (37) boot.esp32: SPI Speed      : 40MHz[0m
[0;32mI (42) boot.esp32: SPI Mode       : DIO[0m
[0;32mI (46) boot.esp32: SPI Flash Size : 2MB[0m
[0;32mI (51) boot: Enabling RNG early entropy source...[0m
[0;32mI (56) boot: Partition Table:[0m
[0;32mI (60) boot: ## Label            Usage          Type ST Offset   Length[0m
[0;32mI (67) boot:  0 nvs              WiFi data        01 02 00009000 00006000[0m
[0;32mI (75) boot:  1 phy_init         RF data          01 01 0000f000 00001000[0m
[0;32mI (82) boot:  2 factory          factory app      00 00 00010000 00100000[0m
[0;32mI (90) boot: End of partition table[0m
[0;32mI (94) esp_image: segment 0: paddr=00010020 vaddr=3f400020 size=09c08h ( 39944) map[0m
[0;32mI (117) esp_image: segment 1: paddr=00019c30 vaddr=3ffb0000 size=02148h (  8520) load[0m
[0;32mI (120) esp_image: segment 2: paddr=0001bd80 vaddr=40080000 size=04298h ( 17048) load[0m
[0;32mI (130) esp_image: segment 3: paddr=00020020 vaddr=400d0020 size=14cf0h ( 85232) map[0m
[0;32mI (162) esp_image: segment 4: paddr=00034d18 vaddr=40084298 size=07dech ( 32236) load[0m
[0;32mI (181) boot: Loaded app from partition at offset 0x10000[0m
[0;32mI (182) boot: Disabling RNG early entropy source...[0m
[0;32mI (193) cpu_start: Multicore app[0m
[0;32mI (193) cpu_start: Pro cpu up.[0m
[0;32mI (193) cpu_start: Starting app cpu, entry point is 0x400810fc[0m
[0;32mI (182) cpu_start: App cpu up.[0m
[0;32mI (211) cpu_start: Pro cpu start user code[0m
[0;32mI (212) cpu_start: cpu freq: 160000000 Hz[0m
[0;32mI (212) cpu_start: Application information:[0m
[0;32mI (216) cpu_start: Project name:     blinking_led[0m
[0;32mI (222) cpu_start: App version:      bfb586c-dirty[0m
[0;32mI (227) cpu_start: Compile time:     Jul 11 2025 08:59:55[0m
[0;32mI (233) cpu_start: ELF file SHA256:  35a4e2c81850651a...[0m
[0;32mI (239) cpu_start: ESP-IDF:          v5.1[0m
[0;32mI (244) cpu_start: Min chip rev:     v0.0[0m
[0;32mI (249) cpu_start: Max chip rev:     v3.99 [0m
[0;32mI (253) cpu_start: Chip rev:         v3.1[0m
[0;32mI (258) heap_init: Initializing. RAM available for dynamic allocation:[0m
[0;32mI (266) heap_init: At 3FFAE6E0 len 00001920 (6 KiB): DRAM[0m
[0;32mI (271) heap_init: At 3FFB29B0 len 0002D650 (181 KiB): DRAM[0m
[0;32mI (278) heap_init: At 3FFE0440 len 00003AE0 (14 KiB): D/IRAM[0m
[0;32mI (284) heap_init: At 3FFE4350 len 0001BCB0 (111 KiB): D/IRAM[0m
[0;32mI (290) heap_init: At 4008C084 len 00013F7C (79 KiB): IRAM[0m
[0;32mI (298) spi_flash: detected chip: generic[0m
[0;32mI (301) spi_flash: flash io: dio[0m
[0;33mW (305) spi_flash: Detected size(4096k) larger than the size in the binary image header(2048k). Using the size in the binary image header.[0m
[0;32mI (319) app_start: Starting scheduler on CPU0[0m
[0;32mI (323) app_start: Starting scheduler on CPU1[0m
[0;32mI (323) main_task: Started on CPU0[0m
[0;32mI (333) main_task: Calling app_main()[0m
Init LED GPIOs.
[0;32mI (333) gpio: GPIO[4]| InputEn: 0| OutputEn: 0| OpenDrain: 0| Pullup: 1| Pulldown: 0| Intr:0 [0m
[0;32mI (343) gpio: GPIO[33]| InputEn: 0| OutputEn: 0| OpenDrain: 0| Pullup: 1| Pulldown: 0| Intr:0 [0m
Create semaphore.
Start simulation.
stand-by
[0;32mI (353) main_task: R
***ERROR*** A stack overflow in task simulation_task has been detected.


Backtrace: 0x4008171e:0x3ffb60e0 0x4008577d:0x3ffb6100 0x40088172:0x3ffb6120 0x40086c57:0x3ffb61a0 0x400882c0:0x3ffb61c0 0x40088272:0x3ffb61e0 0x40087e41:0x00000000 |<-CORRUPTED




ELF file SHA256: 35a4e2c81850651a

Rebooting...
ets Jul 29 2019 12:21:46

rst:0xc (SW_CPU_RESET),boot:0x13 (SPI_FAST_FLASH_BOOT)
configsip: 0, SPIWP:0xee
clk_drv:0x00,q_drv:0x00,d_drv:0x00,cs0_drv:0x00,hd_drv:0x00,wp_drv:0x00
mode:DIO, clock div:2
load:0x3fff0030,len:7076
load:0x40078000,len:15576
load:0x40080400,len:4
load:0x40080404,len:3876
entry 0x4008064c
[0;32mI (29) boot: ESP-IDF v5.1 2nd stage bootloader[0m
[0;32mI (29) boot: compile time Jul 11 2025 09:00:32[0m
[0;32mI (29) boot: Multicore bootloader[0m
[0;32mI (33) boot: chip revision: v3.1[0m
[0;32mI (37) boot.esp32: SPI Speed      : 40MHz[0m
[0;32mI (42) boot.esp32: SPI Mode       : DIO[0m
[0;32mI (46) boot.esp32: SPI Flash Size : 2MB[0m
[0;32mI (51) boot: Enabling RNG early entropy source...[0m
[0;32mI (56) boot: Partition Table:[0m
[0;32mI (60) boot: ## Label            Usage          Type ST Offset   Length[0m
[0;32mI (67) boot:  0 nvs              WiFi data        01 02 00009000 00006000[0m
[0;32mI (75) boot:  1 phy_init         RF data          01 01 0000f000 00001000[0m
[0;32mI (82) boot:  2 factory          factory app      00 00 00010000 00100000[0m
[0;32mI (90) boot: End of partition table[0m
[0;32mI (94) esp_image: segment 0: paddr=00010020 vaddr=3f400020 size=09c08h ( 39944) map[0m
[0;32mI (117) esp_image: segment 1: paddr=00019c30 vaddr=3ffb0000 size=02148h (  8520) load[0m
[0;32mI (120) esp_image: segment 2: paddr=0001bd80 vaddr=40080000 size=04298h ( 17048) load[0m
[0;32mI (130) esp_image: segment 3: paddr=00020020 vaddr=400d0020 size=14cf0h ( 85232) map[0m
[0;32mI (162) esp_image: segment 4: paddr=00034d18 vaddr=40084298 size=07dech ( 32236) load[0m
[0;32mI (181) boot: Loaded app from partition at offset 0x10000[0m
[0;32mI (182) boot: Disabling RNG early entropy source...[0m
[0;32mI (193) cpu_start: Multicore app[0m
[0;32mI (193) cpu_start: Pro cpu up.[0m
[0;32mI (193) cpu_start: Starting app cpu, entry point is 0x400810fc[0m
[0;32mI (182) cpu_start: App cpu up.[0m
[0;32mI (211) cpu_start: Pro cpu start user code[0m
[0;32mI (212) cpu_start: cpu freq: 160000000 Hz[0m
[0;32mI (212) cpu_start: Application information:[0m
[0;32mI (216) cpu_start: Project name:     blinking_led[0m
[0;32mI (222) cpu_start: App version:      bfb586c-dirty[0m
[0;32mI (227) cpu_start: Compile time:     Jul 11 2025 08:59:55[0m
[0;32mI (233) cpu_start: ELF file SHA256:  35a4e2c81850651a...[0m
[0;32mI (239) cpu_start: ESP-IDF:          v5.1[0m
[0;32mI (244) cpu_start: Min chip rev:     v0.0[0m
[0;32mI (249) cpu_start: Max chip rev:     v3.99 [0m
[0;32mI (253) cpu_start: Chip rev:         v3.1[0m
[0;32mI (258) heap_init: Initializing. RAM available for dynamic allocation:[0m
[0;32mI (266) heap_init: At 3FFAE6E0 len 00001920 (6 KiB): DRAM[0m
[0;32mI (271) heap_init: At 3FFB29B0 len 0002D650 (181 KiB): DRAM[0m
[0;32mI (278) heap_init: At 3FFE0440 len 00003AE0 (14 KiB): D/IRAM[0m
[0;32mI (284) heap_init: At 3FFE4350 len 0001BCB0 (111 KiB): D/IRAM[0m
[0;32mI (290) heap_init: At 4008C084 len 00013F7C (79 KiB): IRAM[0m
[0;32mI (298) spi_flash: detected chip: generic[0m
[0;32mI (301) spi_flash: flash io: dio[0m
[0;33mW (305) spi_flash: Detected size(4096k) larger than the size in the binary image header(2048k). Using the size in the binary image header.[0m
[0;32mI (319) app_start: Starting scheduler on CPU0[0m
[0;32mI (323) app_start: Starting scheduler on CPU1[0m
[0;32mI (323) main_task: Started on CPU0[0m
[0;32mI (333) main_task: Calling app_main()[0m
Init LED GPIOs.
[0;32mI (333) gpio: GPIO[4]| InputEn: 0| OutputEn: 0| OpenDrain: 0| Pullup: 1| Pulldown: 0| Intr:0 [0m
[0;32mI (343) gpio: GPIO[33]| InputEn: 0| OutputEn: 0| OpenDrain: 0| Pullup: 1| Pulldown: 0| Intr:0 [0m
Create semaphore.
Start simulation.
stand-by
[0;32mI (353) main_task: R
***ERROR*** A stack overflow in task simulation_task has been detected.


Backtrace: 0x4008171e:0x3ffb60e0 0x4008577d:0x3ffb6100 0x40088172:0x3ffb6120 0x40086c57:0x3ffb61a0 0x400882c0:0x3ffb61c0 0x40088272:0x3ffb61e0 0x40087e41:0x00000000 |<-CORRUPTED




ELF file SHA256: 35a4e2c81850651a

Rebooting...
ets Jul 29 2019 12:21:46

rst:0xc (SW_CPU_RESET),boot:0x13 (SPI_FAST_FLASH_BOOT)
configsip: 0, SPIWP:0xee
clk_drv:0x00,q_drv:0x00,d_drv:0x00,cs0_drv:0x00,hd_drv:0x00,wp_drv:0x00
mode:DIO, clock div:2
load:0x3fff0030,len:7076
load:0x40078000,len:15576
load:0x40080400,len:4
load:0x40080404,len:3876
entry 0x4008064c
[0;32mI (29) boot: ESP-IDF v5.1 2nd stage bootloader[0m
[0;32mI (29) boot: compile time Jul 11 2025 09:00:32[0m
[0;32mI (29) boot: Multicore bootloader[0m
[0;32mI (33) boot: chip revision: v3.1[0m
[0;32mI (37) boot.esp32: SPI Speed      : 40MHz[0m
[0;32mI (42) boot.esp32: SPI Mode       : DIO[0m
[0;32mI (46) boot.esp32: SPI Flash Size : 2MB[0m
[0;32mI (51) boot: Enabling RNG early entropy source...[0m
[0;32mI (56) boot: Partition Table:[0m
[0;32mI (60) boot: ## Label            Usage          Type ST Offset   Length[0m
[0;32mI (67) boot:  0 nvs              WiFi data        01 02 00009000 00006000[0m
[0;32mI (75) boot:  1 phy_init         RF data          01 01 0000f000 00001000[0m
[0;32mI (82) boot:  2 factory          factory app      00 00 00010000 00100000[0m
[0;32mI (90) boot: End of partition table[0m
[0;32mI (94) esp_image: segment 0: paddr=00010020 vaddr=3f400020 size=09c08h ( 39944) map[0m
[0;32mI (117) esp_image: segment 1: paddr=00019c30 vaddr=3ffb0000 size=02148h (  8520) load[0m
[0;32mI (120) esp_image: segment 2: paddr=0001bd80 vaddr=40080000 size=04298h ( 17048) load[0m
[0;32mI (130) esp_image: segment 3: paddr=00020020 vaddr=400d0020 size=14cf0h ( 85232) map[0m
[0;32mI (162) esp_image: segment 4: paddr=00034d18 vaddr=40084298 size=07dech ( 32236) load[0m
[0;32mI (181) boot: Loaded app from partition at offset 0x10000[0m
[0;32mI (182) boot: Disabling RNG early entropy source...[0m
[0;32mI (193) cpu_start: Multicore app[0m
[0;32mI (193) cpu_start: Pro cpu up.[0m
[0;32mI (193) cpu_start: Starting app cpu, entry point is 0x400810fc[0m
[0;32mI (182) cpu_start: App cpu up.[0m
[0;32mI (211) cpu_start: Pro cpu start user code[0m
[0;32mI (212) cpu_start: cpu freq: 160000000 Hz[0m
[0;32mI (212) cpu_start: Application information:[0m
[0;32mI (216) cpu_start: Project name:     blinking_led[0m
[0;32mI (222) cpu_start: App version:      bfb586c-dirty[0m
[0;32mI (227) cpu_start: Compile time:     Jul 11 2025 08:59:55[0m
[0;32mI (233) cpu_start: ELF file SHA256:  35a4e2c81850651a...[0m
[0;32mI (239) cpu_start: ESP-IDF:          v5.1[0m
[0;32mI (244) cpu_start: Min chip rev:     v0.0[0m
[0;32mI (249) cpu_start: Max chip rev:     v3.99 [0m
[0;32mI (253) cpu_start: Chip rev:         v3.1[0m
[0;32mI (258) heap_init: Initializing. RAM available for dynamic allocation:[0m
[0;32mI (266) heap_init: At 3FFAE6E0 len 00001920 (6 KiB): DRAM[0m
[0;32mI (271) heap_init: At 3FFB29B0 len 0002D650 (181 KiB): DRAM[0m
[0;32mI (278) heap_init: At 3FFE0440 len 00003AE0 (14 KiB): D/IRAM[0m
[0;32mI (284) heap_init: At 3FFE4350 len 0001BCB0 (111 KiB): D/IRAM[0m
[0;32mI (290) heap_init: At 4008C084 len 00013F7C (79 KiB): IRAM[0m
[0;32mI (298) spi_flash: detected chip: generic[0m
[0;32mI (301) spi_flash: flash io: dio[0m
[0;33mW (305) spi_flash: Detected size(4096k) larger than the size in the binary image header(2048k). Using the size in the binary image header.[0m
[0;32mI (319) app_start: Starting scheduler on CPU0[0m
[0;32mI (323) app_start: Starting scheduler on CPU1[0m
[0;32mI (323) main_task: Started on CPU0[0m
[0;32mI (333) main_task: Calling app_main()[0m
Init LED GPIOs.
[0;32mI (333) gpio: GPIO[4]| InputEn: 0| OutputEn: 0| OpenDrain: 0| Pullup: 1| Pulldown: 0| Intr:0 [0m
[0;32mI (343) gpio: GPIO[33]| InputEn: 0| OutputEn: 0| OpenDrain: 0| Pullup: 1| Pulldown: 0| Intr:0 [0m
Create semaphore.
Start simulation.
stand-by
[0;32mI (353) main_task: R
***ERROR*** A stack overflow in task simulation_task has been detected.


Backtrace: 0x4008171e:0x3ffb60e0 0x4008577d:0x3ffb6100 0x40088172:0x3ffb6120 0x40086c57:0x3ffb61a0 0x400882c0:0x3ffb61c0 0x40088272:0x3ffb61e0 0x40087e41:0x00000000 |<-CORRUPTED




ELF file SHA256: 35a4e2c81850651a

Rebooting...
ets Jul 29 2019 12:21:46

rst:0xc (SW_CPU_RESET),boot:0x13 (SPI_FAST_FLASH_BOOT)
configsip: 0, SPIWP:0xee
clk_drv:0x00,q_drv:0x00,d_drv:0x00,cs0_drv:0x00,hd_drv:0x00,wp_drv:0x00
mode:DIO, clock div:2
load:0x3fff0030,len:7076
load:0x40078000,len:15576
load:0x40080400,len:4
load:0x40080404,len:3876
entry 0x4008064c
[0;32mI (29) boot: ESP-IDF v5.1 2nd stage bootloader[0m
[0;32mI (29) boot: compile time Jul 11 2025 09:00:32[0m
[0;32mI (29) boot: Multicore bootloader[0m
[0;32mI (33) boot: chip revision: v3.1[0m
[0;32mI (37) boot.esp32: SPI Speed      : 40MHz[0m
[0;32mI (42) boot.esp32: SPI Mode       : DIO[0m
[0;32mI (46) boot.esp32: SPI Flash Size : 2MB[0m
[0;32mI (51) boot: Enabling RNG early entropy source...[0m
[0;32mI (56) boot: Partition Table:[0m
[0;32mI (60) boot: ## Label            Usage          Type ST Offset   Length[0m
[0;32mI (67) boot:  0 nvs              WiFi data        01 02 00009000 00006000[0m
[0;32mI (75) boot:  1 phy_init         RF data          01 01 0000f000 00001000[0m
[0;32mI (82) boot:  2 factory          factory app      00 00 00010000 00100000[0m
[0;32mI (90) boot: End of partition table[0m
[0;32mI (94) esp_image: segment 0: paddr=00010020 vaddr=3f400020 size=09c08h ( 39944) map[0m
[0;32mI (117) esp_image: segment 1: paddr=00019c30 vaddr=3ffb0000 size=02148h (  8520) load[0m
[0;32mI (120) esp_image: segment 2: paddr=0001bd80 vaddr=40080000 size=04298h ( 17048) load[0m
[0;32mI (130) esp_image: segment 3: paddr=00020020 vaddr=400d0020 size=14cf0h ( 85232) map[0m
[0;32mI (162) esp_image: segment 4: paddr=00034d18 vaddr=40084298 size=07dech ( 32236) load[0m
[0;32mI (181) boot: Loaded app from partition at offset 0x10000[0m
[0;32mI (182) boot: Disabling RNG early entropy source...[0m
[0;32mI (193) cpu_start: Multicore app[0m
[0;32mI (193) cpu_start: Pro cpu up.[0m
[0;32mI (193) cpu_start: Starting app cpu, entry point is 0x400810fc[0m
[0;32mI (182) cpu_start: App cpu up.[0m
[0;32mI (211) cpu_start: Pro cpu start user code[0m
[0;32mI (212) cpu_start: cpu freq: 160000000 Hz[0m
[0;32mI (212) cpu_start: Application information:[0m
[0;32mI (216) cpu_start: Project name:     blinking_led[0m
[0;32mI (222) cpu_start: App version:      bfb586c-dirty[0m
[0;32mI (227) cpu_start: Compile time:     Jul 11 2025 08:59:55[0m
[0;32mI (233) cpu_start: ELF file SHA256:  35a4e2c81850651a...[0m
[0;32mI (239) cpu_start: ESP-IDF:          v5.1[0m
[0;32mI (244) cpu_start: Min chip rev:     v0.0[0m
[0;32mI (249) cpu_start: Max chip rev:     v3.99 [0m
[0;32mI (253) cpu_start: Chip rev:         v3.1[0m
[0;32mI (258) heap_init: Initializing. RAM available for dynamic allocation:[0m
[0;32mI (266) heap_init: At 3FFAE6E0 len 00001920 (6 KiB): DRAM[0m
[0;32mI (271) heap_init: At 3FFB29B0 len 0002D650 (181 KiB): DRAM[0m
[0;32mI (278) heap_init: At 3FFE0440 len 00003AE0 (14 KiB): D/IRAM[0m
[0;32mI (284) heap_init: At 3FFE4350 len 0001BCB0 (111 KiB): D/IRAM[0m
[0;32mI (290) heap_init: At 4008C084 len 00013F7C (79 KiB): IRAM[0m
[0;32mI (298) spi_flash: detected chip: generic[0m
[0;32mI (301) spi_flash: flash io: dio[0m
[0;33mW (305) spi_flash: Detected size(4096k) larger than the size in the binary image header(2048k). Using the size in the binary image header.[0m
[0;32mI (319) app_start: Starting scheduler on CPU0[0m
[0;32mI (323) app_start: Starting scheduler on CPU1[0m
[0;32mI (323) main_task: Started on CPU0[0m
[0;32mI (333) main_task: Calling app_main()[0m
Init LED GPIOs.
[0;32mI (333) gpio: GPIO[4]| InputEn: 0| OutputEn: 0| OpenDrain: 0| Pullup: 1| Pulldown: 0| Intr:0 [0m
[0;32mI (343) gpio: GPIO[33]| InputEn: 0| OutputEn: 0| OpenDrain: 0| Pullup: 1| Pulldown: 0| Intr:0 [0m
Create semaphore.
Start simulation.
stand-by
[0;32mI (353) main_task: R
***ERROR*** A stack overflow in task simulation_task has been detected.


Backtrace: 0x4008171e:0x3ffb60e0 0x4008577d:0x3ffb6100 0x40088172:0x3ffb6120 0x40086c57:0x3ffb61a0 0x400882c0:0x3ffb61c0 0x40088272:0x3ffb61e0 0x40087e41:0x00000000 |<-CORRUPTED




ELF file SHA256: 35a4e2c81850651a

Rebooting...
ets Jul 29 2019 12:21:46

rst:0xc (SW_CPU_RESET),boot:0x13 (SPI_FAST_FLASH_BOOT)
configsip: 0, SPIWP:0xee
clk_drv:0x00,q_drv:0x00,d_drv:0x00,cs0_drv:0x00,hd_drv:0x00,wp_drv:0x00
mode:DIO, clock div:2
load:0x3fff0030,len:7076
load:0x40078000,len:15576
load:0x40080400,len:4
load:0x40080404,len:3876
entry 0x4008064c
[0;32mI (29) boot: ESP-IDF v5.1 2nd stage bootloader[0m
[0;32mI (29) boot: compile time Jul 11 2025 09:00:32[0m
[0;32mI (29) boot: Multicore bootloader[0m
[0;32mI (33) boot: chip revision: v3.1[0m
[0;32mI (37) boot.esp32: SPI Speed      : 40MHz[0m
[0;32mI (42) boot.esp32: SPI Mode       : DIO[0m
[0;32mI (46) boot.esp32: SPI Flash Size : 2MB[0m
[0;32mI (51) boot: Enabling RNG early entropy source...[0m
[0;32mI (56) boot: Partition Table:[0m
[0;32mI (60) boot: ## Label            Usage          Type ST Offset   Length[0m
[0;32mI (67) boot:  0 nvs              WiFi data        01 02 00009000 00006000[0m
[0;32mI (75) boot:  1 phy_init         RF data          01 01 0000f000 00001000[0m
[0;32mI (82) boot:  2 factory          factory app      00 00 00010000 00100000[0m
[0;32mI (90) boot: End of partition table[0m
[0;32mI (94) esp_image: segment 0: paddr=00010020 vaddr=3f400020 size=09c08h ( 39944) map[0m
[0;32mI (117) esp_image: segment 1: paddr=00019c30 vaddr=3ffb0000 size=02148h (  8520) load[0m
[0;32mI (120) esp_image: segment 2: paddr=0001bd80 vaddr=40080000 size=04298h ( 17048) load[0m
[0;32mI (130) esp_image: segment 3: paddr=00020020 vaddr=400d0020 size=14cf0h ( 85232) map[0m
[0;32mI (162) esp_image: segment 4: paddr=00034d18 vaddr=40084298 size=07dech ( 32236) load[0m
[0;32mI (181) boot: Loaded app from partition at offset 0x10000[0m
[0;32mI (182) boot: Disabling RNG early entropy source...[0m
[0;32mI (193) cpu_start: Multicore app[0m
[0;32mI (193) cpu_start: Pro cpu up.[0m
[0;32mI (193) cpu_start: Starting app cpu, entry point is 0x400810fc[0m
[0;32mI (182) cpu_start: App cpu up.[0m
[0;32mI (211) cpu_start: Pro cpu start user code[0m
[0;32mI (212) cpu_start: cpu freq: 160000000 Hz[0m
[0;32mI (212) cpu_start: Application information:[0m
[0;32mI (216) cpu_start: Project name:     blinking_led[0m
[0;32mI (222) cpu_start: App version:      bfb586c-dirty[0m
[0;32mI (227) cpu_start: Compile time:     Jul 11 2025 08:59:55[0m
[0;32mI (233) cpu_start: ELF file SHA256:  35a4e2c81850651a...[0m
[0;32mI (239) cpu_start: ESP-IDF:          v5.1[0m
[0;32mI (244) cpu_start: Min chip rev:     v0.0[0m
[0;32mI (249) cpu_start: Max chip rev:     v3.99 [0m
[0;32mI (253) cpu_start: Chip rev:         v3.1[0m
[0;32mI (258) heap_init: Initializing. RAM available for dynamic allocation:[0m
[0;32mI (266) heap_init: At 3FFAE6E0 len 00001920 (6 KiB): DRAM[0m
[0;32mI (271) heap_init: At 3FFB29B0 len 0002D650 (181 KiB): DRAM[0m
[0;32mI (278) heap_init: At 3FFE0440 len 00003AE0 (14 KiB): D/IRAM[0m
[0;32mI (284) heap_init: At 3FFE4350 len 0001BCB0 (111 KiB): D/IRAM[0m
[0;32mI (290) heap_init: At 4008C084 len 00013F7C (79 KiB): IRAM[0m
[0;32mI (298) spi_flash: detected chip: generic[0m
[0;32mI (301) spi_flash: flash io: dio[0m
[0;33mW (305) spi_flash: Detected size(4096k) larger than the size in the binary image header(2048k). Using the size in the binary image header.[0m
[0;32mI (319) app_start: Starting scheduler on CPU0[0m
[0;32mI (323) app_start: Starting scheduler on CPU1[0m
[0;32mI (323) main_task: Started on CPU0[0m
[0;32mI (333) main_task: Calling app_main()[0m
Init LED GPIOs.
[0;32mI (333) gpio: GPIO[4]| InputEn: 0| OutputEn: 0| OpenDrain: 0| Pullup: 1| Pulldown: 0| Intr:0 [0m
[0;32mI (343) gpio: GPIO[33]| InputEn: 0| OutputEn: 0| OpenDrain: 0| Pullup: 1| Pulldown: 0| Intr:0 [0m
Create semaphore.
Start simulation.
stand-by
[0;32mI (353) main_task: R
***ERROR*** A stack overflow in task simulation_task has been detected.


Backtrace: 0x4008171e:0x3ffb60e0 0x4008577d:0x3ffb6100 0x40088172:0x3ffb6120 0x40086c57:0x3ffb61a0 0x400882c0:0x3ffb61c0 0x40088272:0x3ffb61e0 0x40087e41:0x00000000 |<-CORRUPTED




ELF file SHA256: 35a4e2c81850651a

Rebooting...
ets Jul 29 2019 12:21:46

rst:0xc (SW_CPU_RESET),boot:0x13 (SPI_FAST_FLASH_BOOT)
configsip: 0, SPIWP:0xee
clk_drv:0x00,q_drv:0x00,d_drv:0x00,cs0_drv:0x00,hd_drv:0x00,wp_drv:0x00
mode:DIO, clock div:2
load:0x3fff0030,len:7076
load:0x40078000,len:15576
load:0x40080400,len:4
load:0x40080404,len:3876
entry 0x4008064c
[0;32mI (29) boot: ESP-IDF v5.1 2nd stage bootloader[0m
[0;32mI (29) boot: compile time Jul 11 2025 09:00:32[0m
[0;32mI (29) boot: Multicore bootloader[0m
[0;32mI (33) boot: chip revision: v3.1[0m
[0;32mI (37) boot.esp32: SPI Speed      : 40MHz[0m
[0;32mI (42) boot.esp32: SPI Mode       : DIO[0m
[0;32mI (46) boot.esp32: SPI Flash Size : 2MB[0m
[0;32mI (51) boot: Enabling RNG early entropy source...[0m
[0;32mI (56) boot: Partition Table:[0m
[0;32mI (60) boot: ## Label            Usage          Type ST Offset   Length[0m
[0;32mI (67) boot:  0 nvs              WiFi data        01 02 00009000 00006000[0m
[0;32mI (75) boot:  1 phy_init         RF data          01 01 0000f000 00001000[0m
[0;32mI (82) boot:  2 factory          factory app      00 00 00010000 00100000[0m
[0;32mI (90) boot: End of partition table[0m
[0;32mI (94) esp_image: segment 0: paddr=00010020 vaddr=3f400020 size=09c08h ( 39944) map[0m
[0;32mI (117) esp_image: segment 1: paddr=00019c30 vaddr=3ffb0000 size=02148h (  8520) load[0m
[0;32mI (120) esp_image: segment 2: paddr=0001bd80 vaddr=40080000 size=04298h ( 17048) load[0m
[0;32mI (130) esp_image: segment 3: paddr=00020020 vaddr=400d0020 size=14cf0h ( 85232) map[0m
[0;32mI (162) esp_image: segment 4: paddr=00034d18 vaddr=40084298 size=07dech ( 32236) load[0m
[0;32mI (181) boot: Loaded app from partition at offset 0x10000[0m
[0;32mI (182) boot: Disabling RNG early entropy source...[0m
[0;32mI (193) cpu_start: Multicore app[0m
[0;32mI (193) cpu_start: Pro cpu up.[0m
[0;32mI (193) cpu_start: Starting app cpu, entry point is 0x400810fc[0m
[0;32mI (182) cpu_start: App cpu up.[0m
[0;32mI (211) cpu_start: Pro cpu start user code[0m
[0;32mI (212) cpu_start: cpu freq: 160000000 Hz[0m
[0;32mI (212) cpu_start: Application information:[0m
[0;32mI (216) cpu_start: Project name:     blinking_led[0m
[0;32mI (222) cpu_start: App version:      bfb586c-dirty[0m
[0;32mI (227) cpu_start: Compile time:     Jul 11 2025 08:59:55[0m
[0;32mI (233) cpu_start: ELF file SHA256:  35a4e2c81850651a...[0m
[0;32mI (239) cpu_start: ESP-IDF:          v5.1[0m
[0;32mI (244) cpu_start: Min chip rev:     v0.0[0m
[0;32mI (249) cpu_start: Max chip rev:     v3.99 [0m
[0;32mI (253) cpu_start: Chip rev:         v3.1[0m
[0;32mI (258) heap_init: Initializing. RAM available for dynamic allocation:[0m
[0;32mI (266) heap_init: At 3FFAE6E0 len 00001920 (6 KiB): DRAM[0m
[0;32mI (271) heap_init: At 3FFB29B0 len 0002D650 (181 KiB): DRAM[0m
[0;32mI (278) heap_init: At 3FFE0440 len 00003AE0 (14 KiB): D/IRAM[0m
[0;32mI (284) heap_init: At 3FFE4350 len 0001BCB0 (111 KiB): D/IRAM[0m
[0;32mI (290) heap_init: At 4008C084 len 00013F7C (79 KiB): IRAM[0m
[0;32mI (298) spi_flash: detected chip: generic[0m
[0;32mI (301) spi_flash: flash io: dio[0m
[0;33mW (305) spi_flash: Detected size(4096k) larger than the size in the binary image header(2048k). Using the size in the binary image header.[0m
[0;32mI (319) app_start: Starting scheduler on CPU0[0m
[0;32mI (323) app_start: Starting scheduler on CPU1[0m
[0;32mI (323) main_task: Started on CPU0[0m
[0;32mI (333) main_task: Calling app_main()[0m
Init LED GPIOs.
[0;32mI (333) gpio: GPIO[4]| InputEn: 0| OutputEn: 0| OpenDrain: 0| Pullup: 1| Pulldown: 0| Intr:0 [0m
[0;32mI (343) gpio: GPIO[33]| InputEn: 0| OutputEn: 0| OpenDrain: 0| Pullup: 1| Pulldown: 0| Intr:0 [0m
Create semaphore.
Start simulation.
stand-by
[0;32mI (353) main_task: R
***ERROR*** A stack overflow in task simulation_task has been detected.


Backtrace: 0x4008171e:0x3ffb60e0 0x4008577d:0x3ffb6100 0x40088172:0x3ffb6120 0x40086c57:0x3ffb61a0 0x400882c0:0x3ffb61c0 0x40088272:0x3ffb61e0 0x40087e41:0x00000000 |<-CORRUPTED




ELF file SHA256: 35a4e2c81850651a

Rebooting...
ets Jul 29 2019 12:21:46

rst:0xc (SW_CPU_RESET),boot:0x13 (SPI_FAST_FLASH_BOOT)
configsip: 0, SPIWP:0xee
clk_drv:0x00,q_drv:0x00,d_drv:0x00,cs0_drv:0x00,hd_drv:0x00,wp_drv:0x00
mode:DIO, clock div:2
load:0x3fff0030,len:7076
load:0x40078000,len:15576
load:0x40080400,len:4
load:0x40080404,len:3876
entry 0x4008064c
[0;32mI (29) boot: ESP-IDF v5.1 2nd stage bootloader[0m
[0;32mI (29) boot: compile time Jul 11 2025 09:00:32[0m
[0;32mI (29) boot: Multicore bootloader[0m
[0;32mI (33) boot: chip revision: v3.1[0m
[0;32mI (37) boot.esp32: SPI Speed      : 40MHz[0m
[0;32mI (42) boot.esp32: SPI Mode       : DIO[0m
[0;32mI (46) boot.esp32: SPI Flash Size : 2MB[0m
[0;32mI (51) boot: Enabling RNG early entropy source...[0m
[0;32mI (56) boot: Partition Table:[0m
[0;32mI (60) boot: ## Label            Usage          Type ST Offset   Length[0m
[0;32mI (67) boot:  0 nvs              WiFi data        01 02 00009000 00006000[0m
[0;32mI (75) boot:  1 phy_init         RF data          01 01 0000f000 00001000[0m
[0;32mI (82) boot:  2 factory          factory app      00 00 00010000 00100000[0m
[0;32mI (90) boot: End of partition table[0m
[0;32mI (94) esp_image: segment 0: paddr=00010020 vaddr=3f400020 size=09c08h ( 39944) map[0m
[0;32mI (117) esp_image: segment 1: paddr=00019c30 vaddr=3ffb0000 size=02148h (  8520) load[0m
[0;32mI (120) esp_image: segment 2: paddr=0001bd80 vaddr=40080000 size=04298h ( 17048) load[0m
[0;32mI (130) esp_image: segment 3: paddr=00020020 vaddr=400d0020 size=14cf0h ( 85232) map[0m
[0;32mI (162) esp_image: segment 4: paddr=00034d18 vaddr=40084298 size=07dech ( 32236) load[0m
[0;32mI (181) boot: Loaded app from partition at offset 0x10000[0m
[0;32mI (182) boot: Disabling RNG early entropy source...[0m
[0;32mI (193) cpu_start: Multicore app[0m
[0;32mI (193) cpu_start: Pro cpu up.[0m
[0;32mI (193) cpu_start: Starting app cpu, entry point is 0x400810fc[0m
[0;32mI (182) cpu_start: App cpu up.[0m
[0;32mI (211) cpu_start: Pro cpu start user code[0m
[0;32mI (212) cpu_start: cpu freq: 160000000 Hz[0m
[0;32mI (212) cpu_start: Application information:[0m
[0;32mI (216) cpu_start: Project name:     blinking_led[0m
[0;32mI (222) cpu_start: App version:      bfb586c-dirty[0m
[0;32mI (227) cpu_start: Compile time:     Jul 11 2025 08:59:55[0m
[0;32mI (233) cpu_start: ELF file SHA256:  35a4e2c81850651a...[0m
[0;32mI (239) cpu_start: ESP-IDF:          v5.1[0m
[0;32mI (244) cpu_start: Min chip rev:     v0.0[0m
[0;32mI (249) cpu_start: Max chip rev:     v3.99 [0m
[0;32mI (253) cpu_start: Chip rev:         v3.1[0m
[0;32mI (258) heap_init: Initializing. RAM available for dynamic allocation:[0m
[0;32mI (266) heap_init: At 3FFAE6E0 len 00001920 (6 KiB): DRAM[0m
[0;32mI (271) heap_init: At 3FFB29B0 len 0002D650 (181 KiB): DRAM[0m
[0;32mI (278) heap_init: At 3FFE0440 len 00003AE0 (14 KiB): D/IRAM[0m
[0;32mI (284) heap_init: At 3FFE4350 len 0001BCB0 (111 KiB): D/IRAM[0m
[0;32mI (290) heap_init: At 4008C084 len 00013F7C (79 KiB): IRAM[0m
[0;32mI (298) spi_flash: detected chip: generic[0m
[0;32mI (301) spi_flash: flash io: dio[0m
[0;33mW (305) spi_flash: Detected size(4096k) larger than the size in the binary image header(2048k). Using the size in the binary image header.[0m
[0;32mI (319) app_start: Starting scheduler on CPU0[0m
[0;32mI (323) app_start: Starting scheduler on CPU1[0m
[0;32mI (323) main_task: Started on CPU0[0m
[0;32mI (333) main_task: Calling app_main()[0m
Init LED GPIOs.
[0;32mI (333) gpio: GPIO[4]| InputEn: 0| OutputEn: 0| OpenDrain: 0| Pullup: 1| Pulldown: 0| Intr:0 [0m
[0;32mI (343) gpio: GPIO[33]| InputEn: 0| OutputEn: 0| OpenDrain: 0| Pullup: 1| Pulldown: 0| Intr:0 [0m
Create semaphore.
Start simulation.
stand-by
[0;32mI (353) main_task: R
***ERROR*** A stack overflow in task simulation_task has been detected.


Backtrace: 0x4008171e:0x3ffb60e0 0x4008577d:0x3ffb6100 0x40088172:0x3ffb6120 0x40086c57:0x3ffb61a0 0x400882c0:0x3ffb61c0 0x40088272:0x3ffb61e0 0x40087e41:0x00000000 |<-CORRUPTED




ELF file SHA256: 35a4e2c81850651a

Rebooting...
ets Jul 29 2019 12:21:46

rst:0xc (SW_CPU_RESET),boot:0x13 (SPI_FAST_FLASH_BOOT)
configsip: 0, SPIWP:0xee
clk_drv:0x00,q_drv:0x00,d_drv:0x00,cs0_drv:0x00,hd_drv:0x00,wp_drv:0x00
mode:DIO, clock div:2
load:0x3fff0030,len:7076
load:0x40078000,len:15576
load:0x40080400,len:4
load:0x40080404,len:3876
entry 0x4008064c
[0;32mI (29) boot: ESP-IDF v5.1 2nd stage bootloader[0m
[0;32mI (29) boot: compile time Jul 11 2025 09:00:32[0m
[0;32mI (29) boot: Multicore bootloader[0m
[0;32mI (33) boot: chip revision: v3.1[0m
[0;32mI (37) boot.esp32: SPI Speed      : 40MHz[0m
[0;32mI (42) boot.esp32: SPI Mode       : DIO[0m
[0;32mI (46) boot.esp32: SPI Flash Size : 2MB[0m
[0;32mI (51) boot: Enabling RNG early entropy source...[0m
[0;32mI (56) boot: Partition Table:[0m
[0;32mI (60) boot: ## Label            Usage          Type ST Offset   Length[0m
[0;32mI (67) boot:  0 nvs              WiFi data        01 02 00009000 00006000[0m
[0;32mI (75) boot:  1 phy_init         RF data          01 01 0000f000 00001000[0m
[0;32mI (82) boot:  2 factory          factory app      00 00 00010000 00100000[0m
[0;32mI (90) boot: End of partition table[0m
[0;32mI (94) esp_image: segment 0: paddr=00010020 vaddr=3f400020 size=09c08h ( 39944) map[0m
[0;32mI (117) esp_image: segment 1: paddr=00019c30 vaddr=3ffb0000 size=02148h (  8520) load[0m
[0;32mI (120) esp_image: segment 2: paddr=0001bd80 vaddr=40080000 size=04298h ( 17048) load[0m
[0;32mI (130) esp_image: segment 3: paddr=00020020 vaddr=400d0020 size=14cf0h ( 85232) map[0m
[0;32mI (162) esp_image: segment 4: paddr=00034d18 vaddr=40084298 size=07dech ( 32236) load[0m
[0;32mI (181) boot: Loaded app from partition at offset 0x10000[0m
[0;32mI (182) boot: Disabling RNG early entropy source...[0m
[0;32mI (193) cpu_start: Multicore app[0m
[0;32mI (193) cpu_start: Pro cpu up.[0m
[0;32mI (193) cpu_start: Starting app cpu, entry point is 0x400810fc[0m
[0;32mI (182) cpu_start: App cpu up.[0m
[0;32mI (211) cpu_start: Pro cpu start user code[0m
[0;32mI (212) cpu_start: cpu freq: 160000000 Hz[0m
[0;32mI (212) cpu_start: Application information:[0m
[0;32mI (216) cpu_start: Project name:     blinking_led[0m
[0;32mI (222) cpu_start: App version:      bfb586c-dirty[0m
[0;32mI (227) cpu_start: Compile time:     Jul 11 2025 08:59:55[0m
[0;32mI (233) cpu_start: ELF file SHA256:  35a4e2c81850651a...[0m
[0;32mI (239) cpu_start: ESP-IDF:          v5.1[0m
[0;32mI (244) cpu_start: Min chip rev:     v0.0[0m
[0;32mI (249) cpu_start: Max chip rev:     v3.99 [0m
[0;32mI (253) cpu_start: Chip rev:         v3.1[0m
[0;32mI (258) heap_init: Initializing. RAM available for dynamic allocation:[0m
[0;32mI (266) heap_init: At 3FFAE6E0 len 00001920 (6 KiB): DRAM[0m
[0;32mI (271) heap_init: At 3FFB29B0 len 0002D650 (181 KiB): DRAM[0m
[0;32mI (278) heap_init: At 3FFE0440 len 00003AE0 (14 KiB): D/IRAM[0m
[0;32mI (284) heap_init: At 3FFE4350 len 0001BCB0 (111 KiB): D/IRAM[0m
[0;32mI (290) heap_init: At 4008C084 len 00013F7C (79 KiB): IRAM[0m
[0;32mI (298) spi_flash: detected chip: generic[0m
[0;32mI (301) spi_flash: flash io: dio[0m
[0;33mW (305) spi_flash: Detected size(4096k) larger than the size in the binary image header(2048k). Using the size in the binary image header.[0m
[0;32mI (319) app_start: Starting scheduler on CPU0[0m
[0;32mI (323) app_start: Starting scheduler on CPU1[0m
[0;32mI (323) main_task: Started on CPU0[0m
[0;32mI (333) main_task: Calling app_main()[0m
Init LED GPIOs.
[0;32mI (333) gpio: GPIO[4]| InputEn: 0| OutputEn: 0| OpenDrain: 0| Pullup: 1| Pulldown: 0| Intr:0 [0m
[0;32mI (343) gpio: GPIO[33]| InputEn: 0| OutputEn: 0| OpenDrain: 0| Pullup: 1| Pulldown: 0| Intr:0 [0m
Create semaphore.
Start simulation.
stand-by
[0;32mI (353) main_task: R
***ERROR*** A stack overflow in task simulation_task has been detected.


Backtrace: 0x4008171e:0x3ffb60e0 0x4008577d:0x3ffb6100 0x40088172:0x3ffb6120 0x40086c57:0x3ffb61a0 0x400882c0:0x3ffb61c0 0x40088272:0x3ffb61e0 0x40087e41:0x00000000 |<-CORRUPTED




ELF file SHA256: 35a4e2c81850651a

Rebooting...
ets Jul 29 2019 12:21:46

rst:0xc (SW_CPU_RESET),boot:0x13 (SPI_FAST_FLASH_BOOT)
configsip: 0, SPIWP:0xee
clk_drv:0x00,q_drv:0x00,d_drv:0x00,cs0_drv:0x00,hd_drv:0x00,wp_drv:0x00
mode:DIO, clock div:2
load:0x3fff0030,len:7076
load:0x40078000,len:15576
load:0x40080400,len:4
load:0x40080404,len:3876
entry 0x4008064c
[0;32mI (29) boot: ESP-IDF v5.1 2nd stage bootloader[0m
[0;32mI (29) boot: compile time Jul 11 2025 09:00:32[0m
[0;32mI (29) boot: Multicore bootloader[0m
[0;32mI (33) boot: chip revision: v3.1[0m
[0;32mI (37) boot.esp32: SPI Speed      : 40MHz[0m
[0;32mI (42) boot.esp32: SPI Mode       : DIO[0m
[0;32mI (46) boot.esp32: SPI Flash Size : 2MB[0m
[0;32mI (51) boot: Enabling RNG early entropy source...[0m
[0;32mI (56) boot: Partition Table:[0m
[0;32mI (60) boot: ## Label            Usage          Type ST Offset   Length[0m
[0;32mI (67) boot:  0 nvs              WiFi data        01 02 00009000 00006000[0m
[0;32mI (75) boot:  1 phy_init         RF data          01 01 0000f000 00001000[0m
[0;32mI (82) boot:  2 factory          factory app      00 00 00010000 00100000[0m
[0;32mI (90) boot: End of partition table[0m
[0;32mI (94) esp_image: segment 0: paddr=00010020 vaddr=3f400020 size=09c08h ( 39944) map[0m
[0;32mI (117) esp_image: segment 1: paddr=00019c30 vaddr=3ffb0000 size=02148h (  8520) load[0m
[0;32mI (120) esp_image: segment 2: paddr=0001bd80 vaddr=40080000 size=04298h ( 17048) load[0m
[0;32mI (130) esp_image: segment 3: paddr=00020020 vaddr=400d0020 size=14cf0h ( 85232) map[0m
[0;32mI (162) esp_image: segment 4: paddr=00034d18 vaddr=40084298 size=07dech ( 32236) load[0m
[0;32mI (181) boot: Loaded app from partition at offset 0x10000[0m
[0;32mI (182) boot: Disabling RNG early entropy source...[0m
[0;32mI (193) cpu_start: Multicore app[0m
[0;32mI (193) cpu_start: Pro cpu up.[0m
[0;32mI (193) cpu_start: Starting app cpu, entry point is 0x400810fc[0m
[0;32mI (182) cpu_start: App cpu up.[0m
[0;32mI (211) cpu_start: Pro cpu start user code[0m
[0;32mI (212) cpu_start: cpu freq: 160000000 Hz[0m
[0;32mI (212) cpu_start: Application information:[0m
[0;32mI (216) cpu_start: Project name:     blinking_led[0m
[0;32mI (222) cpu_start: App version:      bfb586c-dirty[0m
[0;32mI (227) cpu_start: Compile time:     Jul 11 2025 08:59:55[0m
[0;32mI (233) cpu_start: ELF file SHA256:  35a4e2c81850651a...[0m
[0;32mI (239) cpu_start: ESP-IDF:          v5.1[0m
[0;32mI (244) cpu_start: Min chip rev:     v0.0[0m
[0;32mI (249) cpu_start: Max chip rev:     v3.99 [0m
[0;32mI (253) cpu_start: Chip rev:         v3.1[0m
[0;32mI (258) heap_init: Initializing. RAM available for dynamic allocation:[0m
[0;32mI (266) heap_init: At 3FFAE6E0 len 00001920 (6 KiB): DRAM[0m
[0;32mI (271) heap_init: At 3FFB29B0 len 0002D650 (181 KiB): DRAM[0m
[0;32mI (278) heap_init: At 3FFE0440 len 00003AE0 (14 KiB): D/IRAM[0m
[0;32mI (284) heap_init: At 3FFE4350 len 0001BCB0 (111 KiB): D/IRAM[0m
[0;32mI (290) heap_init: At 4008C084 len 00013F7C (79 KiB): IRAM[0m
[0;32mI (298) spi_flash: detected chip: generic[0m
[0;32mI (301) spi_flash: flash io: dio[0m
[0;33mW (305) spi_flash: Detected size(4096k) larger than the size in the binary image header(2048k). Using the size in the binary image header.[0m
[0;32mI (319) app_start: Starting scheduler on CPU0[0m
[0;32mI (323) app_start: Starting scheduler on CPU1[0m
[0;32mI (323) main_task: Started on CPU0[0m
[0;32mI (333) main_task: Calling app_main()[0m
Init LED GPIOs.
[0;32mI (333) gpio: GPIO[4]| InputEn: 0| OutputEn: 0| OpenDrain: 0| Pullup: 1| Pulldown: 0| Intr:0 [0m
[0;32mI (343) gpio: GPIO[33]| InputEn: 0| OutputEn: 0| OpenDrain: 0| Pullup: 1| Pulldown: 0| Intr:0 [0m
Create semaphore.
Start simulation.
stand-by
[0;32mI (353) main_task: R
***ERROR*** A stack overflow in task simulation_task has been detected.


Backtrace: 0x4008171e:0x3ffb60e0 0x4008577d:0x3ffb6100 0x40088172:0x3ffb6120 0x40086c57:0x3ffb61a0 0x400882c0:0x3ffb61c0 0x40088272:0x3ffb61e0 0x40087e41:0x00000000 |<-CORRUPTED




ELF file SHA256: 35a4e2c81850651a

Rebooting...
ets Jul 29 2019 12:21:46

rst:0xc (SW_CPU_RESET),boot:0x13 (SPI_FAST_FLASH_BOOT)
configsip: 0, SPIWP:0xee
clk_drv:0x00,q_drv:0x00,d_drv:0x00,cs0_drv:0x00,hd_drv:0x00,wp_drv:0x00
mode:DIO, clock div:2
load:0x3fff0030,len:7076
load:0x40078000,len:15576
load:0x40080400,len:4
load:0x40080404,len:3876
entry 0x4008064c
[0;32mI (29) boot: ESP-IDF v5.1 2nd stage bootloader[0m
[0;32mI (29) boot: compile time Jul 11 2025 09:00:32[0m
[0;32mI (29) boot: Multicore bootloader[0m
[0;32mI (33) boot: chip revision: v3.1[0m
[0;32mI (37) boot.esp32: SPI Speed      : 40MHz[0m
[0;32mI (42) boot.esp32: SPI Mode       : DIO[0m
[0;32mI (46) boot.esp32: SPI Flash Size : 2MB[0m
[0;32mI (51) boot: Enabling RNG early entropy source...[0m
[0;32mI (56) boot: Partition Table:[0m
[0;32mI (60) boot: ## Label            Usage          Type ST Offset   Length[0m
[0;32mI (67) boot:  0 nvs              WiFi data        01 02 00009000 00006000[0m
[0;32mI (75) boot:  1 phy_init         RF data          01 01 0000f000 00001000[0m
[0;32mI (82) boot:  2 factory          factory app      00 00 00010000 00100000[0m
[0;32mI (90) boot: End of partition table[0m
[0;32mI (94) esp_image: segment 0: paddr=00010020 vaddr=3f400020 size=09c08h ( 39944) map[0m
[0;32mI (117) esp_image: segment 1: paddr=00019c30 vaddr=3ffb0000 size=02148h (  8520) load[0m
[0;32mI (120) esp_image: segment 2: paddr=0001bd80 vaddr=40080000 size=04298h ( 17048) load[0m
[0;32mI (130) esp_image: segment 3: paddr=00020020 vaddr=400d0020 size=14cf0h ( 85232) map[0m
[0;32mI (162) esp_image: segment 4: paddr=00034d18 vaddr=40084298 size=07dech ( 32236) load[0m
[0;32mI (181) boot: Loaded app from partition at offset 0x10000[0m
[0;32mI (182) boot: Disabling RNG early entropy source...[0m
[0;32mI (193) cpu_start: Multicore app[0m
[0;32mI (193) cpu_start: Pro cpu up.[0m
[0;32mI (193) cpu_start: Starting app cpu, entry point is 0x400810fc[0m
[0;32mI (182) cpu_start: App cpu up.[0m
[0;32mI (211) cpu_start: Pro cpu start user code[0m
[0;32mI (212) cpu_start: cpu freq: 160000000 Hz[0m
[0;32mI (212) cpu_start: Application information:[0m
[0;32mI (216) cpu_start: Project name:     blinking_led[0m
[0;32mI (222) cpu_start: App version:      bfb586c-dirty[0m
[0;32mI (227) cpu_start: Compile time:     Jul 11 2025 08:59:55[0m
[0;32mI (233) cpu_start: ELF file SHA256:  35a4e2c81850651a...[0m
[0;32mI (239) cpu_start: ESP-IDF:          v5.1[0m
[0;32mI (244) cpu_start: Min chip rev:     v0.0[0m
[0;32mI (249) cpu_start: Max chip rev:     v3.99 [0m
[0;32mI (253) cpu_start: Chip rev:         v3.1[0m
[0;32mI (258) heap_init: Initializing. RAM available for dynamic allocation:[0m
[0;32mI (266) heap_init: At 3FFAE6E0 len 00001920 (6 KiB): DRAM[0m
[0;32mI (271) heap_init: At 3FFB29B0 len 0002D650 (181 KiB): DRAM[0m
[0;32mI (278) heap_init: At 3FFE0440 len 00003AE0 (14 KiB): D/IRAM[0m
[0;32mI (284) heap_init: At 3FFE4350 len 0001BCB0 (111 KiB): D/IRAM[0m
[0;32mI (290) heap_init: At 4008C084 len 00013F7C (79 KiB): IRAM[0m
[0;32mI (298) spi_flash: detected chip: generic[0m
[0;32mI (301) spi_flash: flash io: dio[0m
[0;33mW (305) spi_flash: Detected size(4096k) larger than the size in the binary image header(2048k). Using the size in the binary image header.[0m
[0;32mI (319) app_start: Starting scheduler on CPU0[0m
[0;32mI (323) app_start: Starting scheduler on CPU1[0m
[0;32mI (323) main_task: Started on CPU0[0m
[0;32mI (333) main_task: Calling app_main()[0m
Init LED GPIOs.
[0;32mI (333) gpio: GPIO[4]| InputEn: 0| OutputEn: 0| OpenDrain: 0| Pullup: 1| Pulldown: 0| Intr:0 [0m
[0;32mI (343) gpio: GPIO[33]| InputEn: 0| OutputEn: 0| OpenDrain: 0| Pullup: 1| Pulldown: 0| Intr:0 [0m
Create semaphore.
Start simulation.
stand-by
[0;32mI (353) main_task: R
***ERROR*** A stack overflow in task simulation_task has been detected.


Backtrace: 0x4008171e:0x3ffb60e0 0x4008577d:0x3ffb6100 0x40088172:0x3ffb6120 0x40086c57:0x3ffb61a0 0x400882c0:0x3ffb61c0 0x40088272:0x3ffb61e0 0x40087e41:0x00000000 |<-CORRUPTED




ELF file SHA256: 35a4e2c81850651a

Rebooting...
ets Jul 29 2019 12:21:46

rst:0xc (SW_CPU_RESET),boot:0x13 (SPI_FAST_FLASH_BOOT)
configsip: 0, SPIWP:0xee
clk_drv:0x00,q_drv:0x00,d_drv:0x00,cs0_drv:0x00,hd_drv:0x00,wp_drv:0x00
mode:DIO, clock div:2
load:0x3fff0030,len:7076
load:0x40078000,len:15576
load:0x40080400,len:4
load:0x40080404,len:3876
entry 0x4008064c
[0;32mI (29) boot: ESP-IDF v5.1 2nd stage bootloader[0m
[0;32mI (29) boot: compile time Jul 11 2025 09:00:32[0m
[0;32mI (29) boot: Multicore bootloader[0m
[0;32mI (33) boot: chip revision: v3.1[0m
[0;32mI (37) boot.esp32: SPI Speed      : 40MHz[0m
[0;32mI (42) boot.esp32: SPI Mode       : DIO[0m
[0;32mI (46) boot.esp32: SPI Flash Size : 2MB[0m
[0;32mI (51) boot: Enabling RNG early entropy source...[0m
[0;32mI (56) boot: Partition Table:[0m
[0;32mI (60) boot: ## Label            Usage          Type ST Offset   Length[0m
[0;32mI (67) boot:  0 nvs              WiFi data        01 02 00009000 00006000[0m
[0;32mI (75) boot:  1 phy_init         RF data          01 01 0000f000 00001000[0m
[0;32mI (82) boot:  2 factory          factory app      00 00 00010000 00100000[0m
[0;32mI (90) boot: End of partition table[0m
[0;32mI (94) esp_image: segment 0: paddr=00010020 vaddr=3f400020 size=09c08h ( 39944) map[0m
[0;32mI (117) esp_image: segment 1: paddr=00019c30 vaddr=3ffb0000 size=02148h (  8520) load[0m
[0;32mI (120) esp_image: segment 2: paddr=0001bd80 vaddr=40080000 size=04298h ( 17048) load[0m
[0;32mI (130) esp_image: segment 3: paddr=00020020 vaddr=400d0020 size=14cf0h ( 85232) map[0m
[0;32mI (162) esp_image: segment 4: paddr=00034d18 vaddr=40084298 size=07dech ( 32236) load[0m
[0;32mI (181) boot: Loaded app from partition at offset 0x10000[0m
[0;32mI (182) boot: Disabling RNG early entropy source...[0m
[0;32mI (193) cpu_start: Multicore app[0m
[0;32mI (193) cpu_start: Pro cpu up.[0m
[0;32mI (193) cpu_start: Starting app cpu, entry point is 0x400810fc[0m
[0;32mI (182) cpu_start: App cpu up.[0m
[0;32mI (211) cpu_start: Pro cpu start user code[0m
[0;32mI (212) cpu_start: cpu freq: 160000000 Hz[0m
[0;32mI (212) cpu_start: Application information:[0m
[0;32mI (216) cpu_start: Project name:     blinking_led[0m
[0;32mI (222) cpu_start: App version:      bfb586c-dirty[0m
[0;32mI (227) cpu_start: Compile time:     Jul 11 2025 08:59:55[0m
[0;32mI (233) cpu_start: ELF file SHA256:  35a4e2c81850651a...[0m
[0;32mI (239) cpu_start: ESP-IDF:          v5.1[0m
[0;32mI (244) cpu_start: Min chip rev:     v0.0[0m
[0;32mI (249) cpu_start: Max chip rev:     v3.99 [0m
[0;32mI (253) cpu_start: Chip rev:         v3.1[0m
[0;32mI (258) heap_init: Initializing. RAM available for dynamic allocation:[0m
[0;32mI (266) heap_init: At 3FFAE6E0 len 00001920 (6 KiB): DRAM[0m
[0;32mI (271) heap_init: At 3FFB29B0 len 0002D650 (181 KiB): DRAM[0m
[0;32mI (278) heap_init: At 3FFE0440 len 00003AE0 (14 KiB): D/IRAM[0m
[0;32mI (284) heap_init: At 3FFE4350 len 0001BCB0 (111 KiB): D/IRAM[0m
[0;32mI (290) heap_init: At 4008C084 len 00013F7C (79 KiB): IRAM[0m
[0;32mI (298) spi_flash: detected chip: generic[0m
[0;32mI (301) spi_flash: flash io: dio[0m
[0;33mW (305) spi_flash: Detected size(4096k) larger than the size in the binary image header(2048k). Using the size in the binary image header.[0m
[0;32mI (319) app_start: Starting scheduler on CPU0[0m
[0;32mI (323) app_start: Starting scheduler on CPU1[0m
[0;32mI (323) main_task: Started on CPU0[0m
[0;32mI (333) main_task: Calling app_main()[0m
Init LED GPIOs.
[0;32mI (333) gpio: GPIO[4]| InputEn: 0| OutputEn: 0| OpenDrain: 0| Pullup: 1| Pulldown: 0| Intr:0 [0m
[0;32mI (343) gpio: GPIO[33]| InputEn: 0| OutputEn: 0| OpenDrain: 0| Pullup: 1| Pulldown: 0| Intr:0 [0m
Create semaphore.
Start simulation.
stand-by
[0;32mI (353) main_task: R
***ERROR*** A stack overflow in task simulation_task has been detected.


Backtrace: 0x4008171e:0x3ffb60e0 0x4008577d:0x3ffb6100 0x40088172:0x3ffb6120 0x40086c57:0x3ffb61a0 0x400882c0:0x3ffb61c0 0x40088272:0x3ffb61e0 0x40087e41:0x00000000 |<-CORRUPTED




ELF file SHA256: 35a4e2c81850651a

Rebooting...
ets Jul 29 2019 12:21:46

rst:0xc (SW_CPU_RESET),boot:0x13 (SPI_FAST_FLASH_BOOT)
configsip: 0, SPIWP:0xee
clk_drv:0x00,q_drv:0x00,d_drv:0x00,cs0_drv:0x00,hd_drv:0x00,wp_drv:0x00
mode:DIO, clock div:2
load:0x3fff0030,len:7076
load:0x40078000,len:15576
load:0x40080400,len:4
load:0x40080404,len:3876
entry 0x4008064c
[0;32mI (29) boot: ESP-IDF v5.1 2nd stage bootloader[0m
[0;32mI (29) boot: compile time Jul 11 2025 09:00:32[0m
[0;32mI (29) boot: Multicore bootloader[0m
[0;32mI (33) boot: chip revision: v3.1[0m
[0;32mI (37) boot.esp32: SPI Speed      : 40MHz[0m
[0;32mI (42) boot.esp32: SPI Mode       : DIO[0m
[0;32mI (46) boot.esp32: SPI Flash Size : 2MB[0m
[0;32mI (51) boot: Enabling RNG early entropy source...[0m
[0;32mI (56) boot: Partition Table:[0m
[0;32mI (60) boot: ## Label        ype ST Offset   Length[0m
[0;32mI (67) boot:  0 nvs              WiFi data        01 02 00009000 00006000[0m
[0;32mI (75) boot:  1 phy_init         RF data          01 01 0000f000 00001000[0m
[0;32mI (82) boot:  2 factory          factory app      00 00 00010000 00100000[0m
[0;32mI (90) boot: End of partition table[0m
[0;32mI (94) esp_image: segment 0: paddr=00010020 vaddr=3f400020 size=09c08h ( 39944) map[0m
[0;32mI (117) esp_image: segment 1: paddr=00019c30 vaddr=3ffb0000 size=02148h (  8520) load[0m
[0;32mI (120) esp_image: segment 2: paddr=0001bd80 vaddr=40080000 size=04298h ( 17048) load[0m
[0;32mI (130) esp_image: segment 3: paddr=00020020 vaddr=400d0020 size=14cf0h ( 85232) map[0m
[0;32mI (162) esp_image: segment 4: paddr=00034d18 vaddr=40084298 size=07dech ( 32236) load[0m
[0;32mI (181) boot: Loaded app from partition at offset 0x10000[0m
[0;32mI (182) boot: Disabling RNG early entropy source...[0m
[0;32mI (193) cpu_start: Multicore app[0m
[0;32mI (193) cpu_start: Pro cpu up.[0m
[0;32mI (193) cpu_start: Starting app cpu, entry point is 0x400810fc[0m
[0;32mI (182) cpu_start: App cpu up.[0m
[0;32mI (211) cpu_start: Pro cpu start user code[0m
[0;32mI (212) cpu_start: cpu freq: 160000000 Hz[0m
[0;32mI (212) cpu_start: Application information:[0m
[0;32mI (216) cpu_start: Project name:     blinking_led[0m
[0;32mI (222) cpu_start: App version:      bfb586c-dirty[0m
[0;32mI (227) cpu_start: Compile time:     Jul 11 2025 08:59:55[0m
[0;32mI (233) cpu_start: ELF file SHA256:  35a4e2c81850651a...[0m
[0;32mI (239) cpu_start: ESP-IDF:          v5.1[0m
[0;32mI (244) cpu_start: Min chip rev:     v0.0[0m
[0;32mI (249) cpu_start: Max chip rev:     v3.99 [0m
[0;32mI (253) cpu_start: Chip rev:         v3.1[0m
[0;32mI (258) heap_init: Initializing. RAM available for dynamic allocation:[0m
[0;32mI (266) heap_init: At 3FFAE6E0 len 00001920 (6 KiB): DRAM[0m
[0;32mI (271) heap_init: At 3FFB29B0 len 0002D650 (181 KiB): DRAM[0m
[0;32mI (278) heap_init: At 3FFE0440 len 00003AE0 (14 KiB): D/IRAM[0m
[0;32mI (284) heap_init: At 3FFE4350 len 0001BCB0 (111 KiB): D/IRAM[0m
[0;32mI (290) heap_init: At 4008C084 len 00013F7C (79 KiB): IRAM[0m
[0;32mI (298) spi_flash: detected chip: generic[0m
[0;32mI (301) spi_flash: flash io: dio[0m
[0;33mW (305) spi_flash: Detected size(4096k) larger than the size in the binary image header(2048k). Using the size in the binary image header.[0m
[0;32mI (319) app_start: Starting scheduler on CPU0[0m
[0;32mI (323) app_start: Starting scheduler on CPU1[0m
[0;32mI (323) main_task: Started on CPU0[0m
[0;32mI (333) main_task: Calling app_main()[0m
Init LED GPIOs.
[0;32mI (333) gpio: GPIO[4]| InputEn: 0| OutputEn: 0| OpenDrain: 0| Pullup: 1| Pulldown: 0| Intr:0 [0m
[0;32mI (343) gpio: GPIO[33]| InputEn: 0| OutputEn: 0| OpenDrain: 0| Pullup: 1| Pulldown: 0| Intr:0 [0m
Create semaphore.
Start simulation.
stand-by
[0;32mI (353) main_task: R
***ERROR*** A stack overflow in task simulation_task has been detected.


Backtrace: 0x4008171e:0x3ffb60e0 0x4008577d:0x3ffb6100 0x40088172:0x3ffb6120 0x40086c57:0x3ffb61a0 0x400882c0:0x3ffb61c0 0x40088272:0x3ffb61e0 0x40087e41:0x00000000 |<-CORRUPTED




ELF file SHA256: 35a4e2c81850651a

Rebooting...
ets Jul 29 2019 12:21:46

rst:0xc (SW_CPU_RESET),boot:0x13 (SPI_FAST_FLASH_BOOT)
configsip: 0, SPIWP:0xee
clk_drv:0x00,q_drv:0x00,d_drv:0x00,cs0_drv:0x00,hd_drv:0x00,wp_drv:0x00
mode:DIO, clock div:2
load:0x3fff0030,len:7076
load:0x40078000,len:15576
load:0x40080400,len:4
load:0x40080404,len:3876
entry 0x4008064c
[0;32mI (29) boot: ESP-IDF v5.1 2nd stage bootloader[0m
[0;32mI (29) boot: compile time Jul 11 2025 09:00:32[0m
[0;32mI (29) boot: Multicore bootloader[0m
[0;32mI (33) boot: chip revision: v3.1[0m
[0;32mI (37) boot.esp32: SPI Speed      : 40MHz[0m
[0;32mI (42) boot.esp32: SPI Mode       : DIO[0m
[0;32mI (46) boot.esp32: SPI Flash Size : 2MB[0m
[0;32mI (51) boot: Enabling RNG early entropy source...[0m
[0;32mI (56) boot: Partition Table:[0m
[0;32mI (60) boot: ## Label            Usage          Type ST Offset   Length[0m
[0;32mI (67) boot:  0 nvs              WiFi data        01 02 00009000 00006000[0m
